Archive member included to satisfy reference by file (symbol)

C:\VSARM\sdk\pico\micro_ros_raspberrypi_pico_sdk\libmicroros\libmicroros.a(librcl-node.c.obj)
                              CMakeFiles/ROS_Robot_PICO_B.dir/Pico_B.c++.obj (rcl_node_fini)
C:\VSARM\sdk\pico\micro_ros_raspberrypi_pico_sdk\libmicroros\libmicroros.a(librcl-node_options.c.obj)
                              C:\VSARM\sdk\pico\micro_ros_raspberrypi_pico_sdk\libmicroros\libmicroros.a(librcl-node.c.obj) (rcl_node_get_default_options)
C:\VSARM\sdk\pico\micro_ros_raspberrypi_pico_sdk\libmicroros\libmicroros.a(librcl-publisher.c.obj)
                              CMakeFiles/ROS_Robot_PICO_B.dir/Pico_B.c++.obj (rcl_publisher_fini)
C:\VSARM\sdk\pico\micro_ros_raspberrypi_pico_sdk\libmicroros\libmicroros.a(librclc-executor.c.obj)
                              CMakeFiles/ROS_Robot_PICO_B.dir/Pico_B.c++.obj (rclc_executor_get_zero_initialized_executor)
C:\VSARM\sdk\pico\micro_ros_raspberrypi_pico_sdk\libmicroros\libmicroros.a(librclc-executor_handle.c.obj)
                              C:\VSARM\sdk\pico\micro_ros_raspberrypi_pico_sdk\libmicroros\libmicroros.a(librclc-executor.c.obj) (rclc_executor_handle_counters_zero_init)
C:\VSARM\sdk\pico\micro_ros_raspberrypi_pico_sdk\libmicroros\libmicroros.a(librclc-init.c.obj)
                              CMakeFiles/ROS_Robot_PICO_B.dir/Pico_B.c++.obj (rclc_support_init)
C:\VSARM\sdk\pico\micro_ros_raspberrypi_pico_sdk\libmicroros\libmicroros.a(librclc-node.c.obj)
                              CMakeFiles/ROS_Robot_PICO_B.dir/Pico_B.c++.obj (rclc_node_init_default)
C:\VSARM\sdk\pico\micro_ros_raspberrypi_pico_sdk\libmicroros\libmicroros.a(librclc-publisher.c.obj)
                              CMakeFiles/ROS_Robot_PICO_B.dir/Pico_B.c++.obj (rclc_publisher_init_default)
C:\VSARM\sdk\pico\micro_ros_raspberrypi_pico_sdk\libmicroros\libmicroros.a(librclc-sleep.c.obj)
                              C:\VSARM\sdk\pico\micro_ros_raspberrypi_pico_sdk\libmicroros\libmicroros.a(librclc-executor.c.obj) (rclc_sleep_ms)
C:\VSARM\sdk\pico\micro_ros_raspberrypi_pico_sdk\libmicroros\libmicroros.a(librcutils-allocator.c.obj)
                              CMakeFiles/ROS_Robot_PICO_B.dir/Pico_B.c++.obj (rcutils_get_default_allocator)
C:\VSARM\sdk\pico\micro_ros_raspberrypi_pico_sdk\libmicroros\libmicroros.a(librcutils-env.c.obj)
                              C:\VSARM\sdk\pico\micro_ros_raspberrypi_pico_sdk\libmicroros\libmicroros.a(librcl-node.c.obj) (rcutils_get_env)
C:\VSARM\sdk\pico\micro_ros_raspberrypi_pico_sdk\libmicroros\libmicroros.a(librcutils-error_handling.c.obj)
                              C:\VSARM\sdk\pico\micro_ros_raspberrypi_pico_sdk\libmicroros\libmicroros.a(librclc-executor.c.obj) (rcutils_reset_error)
C:\VSARM\sdk\pico\micro_ros_raspberrypi_pico_sdk\libmicroros\libmicroros.a(librcutils-format_string.c.obj)
                              C:\VSARM\sdk\pico\micro_ros_raspberrypi_pico_sdk\libmicroros\libmicroros.a(librcl-node.c.obj) (rcutils_format_string_limit)
C:\VSARM\sdk\pico\micro_ros_raspberrypi_pico_sdk\libmicroros\libmicroros.a(librcutils-repl_str.c.obj)
                              C:\VSARM\sdk\pico\micro_ros_raspberrypi_pico_sdk\libmicroros\libmicroros.a(librcl-node.c.obj) (rcutils_repl_str)
C:\VSARM\sdk\pico\micro_ros_raspberrypi_pico_sdk\libmicroros\libmicroros.a(librcutils-snprintf.c.obj)
                              C:\VSARM\sdk\pico\micro_ros_raspberrypi_pico_sdk\libmicroros\libmicroros.a(librcutils-format_string.c.obj) (rcutils_vsnprintf)
C:\VSARM\sdk\pico\micro_ros_raspberrypi_pico_sdk\libmicroros\libmicroros.a(librcutils-strdup.c.obj)
                              C:\VSARM\sdk\pico\micro_ros_raspberrypi_pico_sdk\libmicroros\libmicroros.a(librcl-node.c.obj) (rcutils_strdup)
C:\VSARM\sdk\pico\micro_ros_raspberrypi_pico_sdk\libmicroros\libmicroros.a(librcutils-time_unix.c.obj)
                              C:\VSARM\sdk\pico\micro_ros_raspberrypi_pico_sdk\libmicroros\libmicroros.a(librclc-executor.c.obj) (rcutils_system_time_now)
C:\VSARM\sdk\pico\micro_ros_raspberrypi_pico_sdk\libmicroros\libmicroros.a(librmw-publisher_options.c.obj)
                              C:\VSARM\sdk\pico\micro_ros_raspberrypi_pico_sdk\libmicroros\libmicroros.a(librcl-publisher.c.obj) (rmw_get_default_publisher_options)
C:\VSARM\sdk\pico\micro_ros_raspberrypi_pico_sdk\libmicroros\libmicroros.a(librmw-validate_namespace.c.obj)
                              C:\VSARM\sdk\pico\micro_ros_raspberrypi_pico_sdk\libmicroros\libmicroros.a(librcl-node.c.obj) (rmw_validate_namespace)
C:\VSARM\sdk\pico\micro_ros_raspberrypi_pico_sdk\libmicroros\libmicroros.a(librmw-validate_node_name.c.obj)
                              C:\VSARM\sdk\pico\micro_ros_raspberrypi_pico_sdk\libmicroros\libmicroros.a(librcl-node.c.obj) (rmw_validate_node_name)
C:\VSARM\sdk\pico\micro_ros_raspberrypi_pico_sdk\libmicroros\libmicroros.a(librmw_microxrcedds-rmw_node.c.obj)
[...]
Memory Configuration

Name             Origin             Length             Attributes
FLASH            0x10000000         0x00200000         xr
RAM              0x20000000         0x00040000         xrw
SCRATCH_X        0x20040000         0x00001000         xrw
SCRATCH_Y        0x20041000         0x00001000         xrw
*default*        0x00000000         0xffffffff

Linker script and memory map

LOAD c:/vsarm/armcc/112202~1.02/bin/../lib/gcc/arm-none-eabi/11.2.1/thumb/v6-m/nofp/crti.o
LOAD c:/vsarm/armcc/112202~1.02/bin/../lib/gcc/arm-none-eabi/11.2.1/thumb/v6-m/nofp/crtbegin.o
LOAD c:/vsarm/armcc/112202~1.02/bin/../lib/gcc/arm-none-eabi/11.2.1/thumb/v6-m/nofp/crt0.o

.flash_begin    0x10000000        0x0
                0x10000000                __flash_binary_start = .

.boot2          0x10000000      0x100
                0x10000000                __boot2_start__ = .
 *(.boot2)
 .boot2         0x10000000      0x100 C:\Users\samya\AppData\Local\Temp\cc0w8cJn.o
                0x10000100                __boot2_end__ = .
                0x00000001                ASSERT (((__boot2_end__ - __boot2_start__) == 0x100), ERROR: Pico second stage bootloader must be 256 bytes in size)

.text           0x10000100    0x135e0
                0x10000100                __logical_binary_start = .
 *(.vectors)
 .vectors       0x10000100       0xd4 CMakeFiles/ROS_Robot_PICO_B.dir/C_/VSARM/sdk/pico/pico-sdk/src/rp2_common/pico_standard_link/crt0.S.obj
                0x10000100                __VECTOR_TABLE
                0x10000100                __vectors
                0x100001c0                isr_invalid
                0x100001c0                __default_isrs_start
                0x100001c2                isr_nmi
                0x100001c4                isr_hardfault
                0x100001c6                isr_svcall
                0x100001c8                isr_pendsv
                0x100001ca                isr_systick
                0x100001cc                isr_irq23
                0x100001cc                isr_irq18
                0x100001cc                isr_irq11
                0x100001cc                isr_irq28
                0x100001cc                isr_irq19
                0x100001cc                isr_irq0
                0x100001cc                isr_irq6
                0x100001cc                isr_irq5
                0x100001cc                isr_irq12
                0x100001cc                isr_irq22
                0x100001cc                isr_irq31
                0x100001cc                isr_irq17
                0x100001cc                isr_irq27
                0x100001cc                isr_irq30
                0x100001cc                isr_irq2
                0x100001cc                isr_irq10
                0x100001cc                isr_irq8
                0x100001cc                isr_irq24
                0x100001cc                isr_irq1
                0x100001cc                isr_irq7
                0x100001cc                isr_irq21
                0x100001cc                isr_irq20
                0x100001cc                isr_irq15
                0x100001cc                isr_irq25
                0x100001cc                isr_irq13
                0x100001cc                __unhandled_user_irq
                0x100001cc                isr_irq4
                0x100001cc                isr_irq16
                0x100001cc                isr_irq29
                0x100001cc                isr_irq26
                0x100001cc                __default_isrs_end
                0x100001cc                isr_irq3
                0x100001cc                isr_irq14
                0x100001cc                isr_irq9
                0x100001d2                unhandled_user_irq_num_in_r0
 *(.binary_info_header)
 .binary_info_header
                0x100001d4       0x14 CMakeFiles/ROS_Robot_PICO_B.dir/C_/VSARM/sdk/pico/pico-sdk/src/rp2_common/pico_standard_link/crt0.S.obj
                0x100001e8                __binary_info_header_end = .
 *(.reset)
 .reset         0x100001e8       0xa8 CMakeFiles/ROS_Robot_PICO_B.dir/C_/VSARM/sdk/pico/pico-sdk/src/rp2_common/pico_standard_link/crt0.S.obj
                0x100001e8                _entry_point
                0x10000266                __get_current_exception
 .reset         0x10000290       0x30 CMakeFiles/ROS_Robot_PICO_B.dir/C_/VSARM/sdk/pico/pico-sdk/src/rp2_common/pico_standard_link/binary_info.c.obj
 *(.init)
 .init          0x100002c0        0x4 c:/vsarm/armcc/112202~1.02/bin/../lib/gcc/arm-none-eabi/11.2.1/thumb/v6-m/nofp/crti.o
                0x100002c0                _init
 *(EXCLUDE_FILE(*libm.a: *libc.a:*lib_a-mem*.o *libgcc.a:) .text*)
 .text.register_tm_clones
                0x100002c4       0x28 c:/vsarm/armcc/112202~1.02/bin/../lib/gcc/arm-none-eabi/11.2.1/thumb/v6-m/nofp/crtbegin.o
 .text.frame_dummy
                0x100002ec       0x24 c:/vsarm/armcc/112202~1.02/bin/../lib/gcc/arm-none-eabi/11.2.1/thumb/v6-m/nofp/crtbegin.o
 .text._Z9init_pinsv
                0x10000310       0x6c CMakeFiles/ROS_Robot_PICO_B.dir/Pico_B.c++.obj
                0x10000310                _Z9init_pinsv
 .text._Z8check_rcl
                0x1000037c       0x18 CMakeFiles/ROS_Robot_PICO_B.dir/Pico_B.c++.obj
                0x1000037c                _Z8check_rcl
 .text._Z14clean_shutdowniPKc
                0x10000394       0xd4 CMakeFiles/ROS_Robot_PICO_B.dir/Pico_B.c++.obj
                0x10000394                _Z14clean_shutdowniPKc
 .text._Z14init_subs_pubsv
                0x10000468       0x30 CMakeFiles/ROS_Robot_PICO_B.dir/Pico_B.c++.obj
                0x10000468                _Z14init_subs_pubsv
 .text._Z9exec_initv
                0x10000498       0x38 CMakeFiles/ROS_Robot_PICO_B.dir/Pico_B.c++.obj
                0x10000498                _Z9exec_initv
 .text._Z5setupv
                0x100004d0        0xc CMakeFiles/ROS_Robot_PICO_B.dir/Pico_B.c++.obj
                0x100004d0                _Z5setupv
 .text._Z4loopv
                0x100004dc       0x58 CMakeFiles/ROS_Robot_PICO_B.dir/Pico_B.c++.obj
                0x100004dc                _Z4loopv
 .text._Z5loop1v
                0x10000534       0x58 CMakeFiles/ROS_Robot_PICO_B.dir/Pico_B.c++.obj
                0x10000534                _Z5loop1v
 .text._Z11init_core_1v
                0x1000058c       0x44 CMakeFiles/ROS_Robot_PICO_B.dir/Pico_B.c++.obj
                0x1000058c                _Z11init_core_1v
 .text._Z9uros_initPKcS0_
                0x100005d0       0x50 CMakeFiles/ROS_Robot_PICO_B.dir/Pico_B.c++.obj
                0x100005d0                _Z9uros_initPKcS0_
 .text._Z7startupv
                0x10000620       0x9c CMakeFiles/ROS_Robot_PICO_B.dir/Pico_B.c++.obj
                0x10000620                _Z7startupv
 .text.main     0x100006bc       0x50 CMakeFiles/ROS_Robot_PICO_B.dir/Pico_B.c++.obj
                0x100006bc                main
 .text.clock_gettime
                0x1000070c       0x3c CMakeFiles/ROS_Robot_PICO_B.dir/C_/VSARM/sdk/pico/micro_ros_raspberrypi_pico_sdk/pico_uart_transport.c.obj
                0x1000070c                clock_gettime
 .text.gpio_set_function
                0x10000748       0x30 CMakeFiles/ROS_Robot_PICO_B.dir/C_/VSARM/sdk/pico/pico-sdk/src/rp2_common/hardware_gpio/gpio.c.obj
                0x10000748                gpio_set_function
 .text.gpio_set_pulls
                0x10000778       0x34 CMakeFiles/ROS_Robot_PICO_B.dir/C_/VSARM/sdk/pico/pico-sdk/src/rp2_common/hardware_gpio/gpio.c.obj
                0x10000778                gpio_set_pulls
 .text.gpio_set_input_enabled
                0x100007ac       0x30 CMakeFiles/ROS_Robot_PICO_B.dir/C_/VSARM/sdk/pico/pico-sdk/src/rp2_common/hardware_gpio/gpio.c.obj
                0x100007ac                gpio_set_input_enabled
 .text.gpio_init
                0x100007dc       0x16 CMakeFiles/ROS_Robot_PICO_B.dir/C_/VSARM/sdk/pico/pico-sdk/src/rp2_common/hardware_gpio/gpio.c.obj
                0x100007dc                gpio_init
 *fill*         0x100007f2        0x2 
 .text.hw_claim_lock
                0x100007f4       0x18 CMakeFiles/ROS_Robot_PICO_B.dir/C_/VSARM/sdk/pico/pico-sdk/src/rp2_common/hardware_claim/claim.c.obj
                0x100007f4                hw_claim_lock
 .text.hw_claim_unlock
                0x1000080c       0x14 CMakeFiles/ROS_Robot_PICO_B.dir/C_/VSARM/sdk/pico/pico-sdk/src/rp2_common/hardware_claim/claim.c.obj
                0x1000080c                hw_claim_unlock
 .text.hw_claim_or_assert
                0x10000820       0x32 CMakeFiles/ROS_Robot_PICO_B.dir/C_/VSARM/sdk/pico/pico-sdk/src/rp2_common/hardware_claim/claim.c.obj
                0x10000820                hw_claim_or_assert
 *fill*         0x10000852        0x2 
 .text.running_on_fpga
                0x10000854       0x14 CMakeFiles/ROS_Robot_PICO_B.dir/C_/VSARM/sdk/pico/pico-sdk/src/rp2_common/pico_platform/platform.c.obj
                0x10000854                running_on_fpga
 .text.spin_locks_reset
                0x10000868       0x20 CMakeFiles/ROS_Robot_PICO_B.dir/C_/VSARM/sdk/pico/pico-sdk/src/rp2_common/hardware_sync/sync.c.obj
                0x10000868                spin_locks_reset
 .text.next_striped_spin_lock_num
                0x10000888       0x1c CMakeFiles/ROS_Robot_PICO_B.dir/C_/VSARM/sdk/pico/pico-sdk/src/rp2_common/hardware_sync/sync.c.obj
                0x10000888                next_striped_spin_lock_num
 .text.set_raw_irq_handler_and_unlock
                0x100008a4       0x28 CMakeFiles/ROS_Robot_PICO_B.dir/C_/VSARM/sdk/pico/pico-sdk/src/rp2_common/hardware_irq/irq.c.obj
 .text.make_branch
                0x100008cc       0x48 CMakeFiles/ROS_Robot_PICO_B.dir/C_/VSARM/sdk/pico/pico-sdk/src/rp2_common/hardware_irq/irq.c.obj
 .text.insert_branch_and_link
                0x10000914       0x40 CMakeFiles/ROS_Robot_PICO_B.dir/C_/VSARM/sdk/pico/pico-sdk/src/rp2_common/hardware_irq/irq.c.obj
 .text.irq_is_enabled
                0x10000954       0x18 CMakeFiles/ROS_Robot_PICO_B.dir/C_/VSARM/sdk/pico/pico-sdk/src/rp2_common/hardware_irq/irq.c.obj
                0x10000954                irq_is_enabled
 .text.irq_set_mask_enabled
                0x1000096c       0x20 CMakeFiles/ROS_Robot_PICO_B.dir/C_/VSARM/sdk/pico/pico-sdk/src/rp2_common/hardware_irq/irq.c.obj
                0x1000096c                irq_set_mask_enabled
 .text.irq_set_enabled
                0x1000098c        0xe CMakeFiles/ROS_Robot_PICO_B.dir/C_/VSARM/sdk/pico/pico-sdk/src/rp2_common/hardware_irq/irq.c.obj
                0x1000098c                irq_set_enabled
 *fill*         0x1000099a        0x2 
 .text.irq_get_vtable_handler
                0x1000099c       0x10 CMakeFiles/ROS_Robot_PICO_B.dir/C_/VSARM/sdk/pico/pico-sdk/src/rp2_common/hardware_irq/irq.c.obj
                0x1000099c                irq_get_vtable_handler
 .text.irq_set_exclusive_handler
                0x100009ac       0x54 CMakeFiles/ROS_Robot_PICO_B.dir/C_/VSARM/sdk/pico/pico-sdk/src/rp2_common/hardware_irq/irq.c.obj
                0x100009ac                irq_set_exclusive_handler
 .text.irq_remove_handler
                0x10000a00      0x1a4 CMakeFiles/ROS_Robot_PICO_B.dir/C_/VSARM/sdk/pico/pico-sdk/src/rp2_common/hardware_irq/irq.c.obj
                0x10000a00                irq_remove_handler
 .text.irq_add_tail_to_free_list
                0x10000ba4       0xf0 CMakeFiles/ROS_Robot_PICO_B.dir/C_/VSARM/sdk/pico/pico-sdk/src/rp2_common/hardware_irq/irq.c.obj
                0x10000ba4                irq_add_tail_to_free_list
 .text.irq_init_priorities
                0x10000c94       0x1c CMakeFiles/ROS_Robot_PICO_B.dir/C_/VSARM/sdk/pico/pico-sdk/src/rp2_common/hardware_irq/irq.c.obj
                0x10000c94                irq_init_priorities
 .text.lock_init
                0x10000cb0       0x10 CMakeFiles/ROS_Robot_PICO_B.dir/C_/VSARM/sdk/pico/pico-sdk/src/common/pico_sync/lock_core.c.obj
                0x10000cb0                lock_init
 .text.alarm_pool_post_alloc_init
                0x10000cc0       0x40 CMakeFiles/ROS_Robot_PICO_B.dir/C_/VSARM/sdk/pico/pico-sdk/src/common/pico_time/time.c.obj
 .text.sleep_until_callback
                0x10000d00       0x30 CMakeFiles/ROS_Robot_PICO_B.dir/C_/VSARM/sdk/pico/pico-sdk/src/common/pico_time/time.c.obj
 .text.timer_pool_entry_comparator
                0x10000d30       0x78 CMakeFiles/ROS_Robot_PICO_B.dir/C_/VSARM/sdk/pico/pico-sdk/src/common/pico_time/time.c.obj
                0x10000d30                timer_pool_entry_comparator
 .text.ph_add_child_node
                0x10000da8       0xa0 CMakeFiles/ROS_Robot_PICO_B.dir/C_/VSARM/sdk/pico/pico-sdk/src/common/pico_time/time.c.obj
 .text.ph_merge_nodes
                0x10000e48       0x3e CMakeFiles/ROS_Robot_PICO_B.dir/C_/VSARM/sdk/pico/pico-sdk/src/common/pico_time/time.c.obj
 *fill*         0x10000e86        0x2 
 .text.add_alarm_under_lock
                0x10000e88      0x16c CMakeFiles/ROS_Robot_PICO_B.dir/C_/VSARM/sdk/pico/pico-sdk/src/common/pico_time/time.c.obj
 .text.alarm_pool_alarm_callback
                0x10000ff4      0x328 CMakeFiles/ROS_Robot_PICO_B.dir/C_/VSARM/sdk/pico/pico-sdk/src/common/pico_time/time.c.obj
 .text.alarm_pool_init_default
                0x1000131c       0x38 CMakeFiles/ROS_Robot_PICO_B.dir/C_/VSARM/sdk/pico/pico-sdk/src/common/pico_time/time.c.obj
                0x1000131c                alarm_pool_init_default
 .text.alarm_pool_get_default
                0x10001354       0x2c CMakeFiles/ROS_Robot_PICO_B.dir/C_/VSARM/sdk/pico/pico-sdk/src/common/pico_time/time.c.obj
                0x10001354                alarm_pool_get_default
 .text.alarm_pool_add_alarm_at
                0x10001380      0x178 CMakeFiles/ROS_Robot_PICO_B.dir/C_/VSARM/sdk/pico/pico-sdk/src/common/pico_time/time.c.obj
                0x10001380                alarm_pool_add_alarm_at
 .text.sleep_until
                0x100014f8       0xfc CMakeFiles/ROS_Robot_PICO_B.dir/C_/VSARM/sdk/pico/pico-sdk/src/common/pico_time/time.c.obj
                0x100014f8                sleep_until
 .text.sleep_us
                0x100015f4       0x58 CMakeFiles/ROS_Robot_PICO_B.dir/C_/VSARM/sdk/pico/pico-sdk/src/common/pico_time/time.c.obj
                0x100015f4                sleep_us
 .text.sleep_ms
                0x1000164c       0x14 CMakeFiles/ROS_Robot_PICO_B.dir/C_/VSARM/sdk/pico/pico-sdk/src/common/pico_time/time.c.obj
                0x1000164c                sleep_ms
 .text.hardware_alarm_irq_handler
                0x10001660       0x88 CMakeFiles/ROS_Robot_PICO_B.dir/C_/VSARM/sdk/pico/pico-sdk/src/rp2_common/hardware_timer/timer.c.obj
 .text.hardware_alarm_claim
                0x100016e8       0x18 CMakeFiles/ROS_Robot_PICO_B.dir/C_/VSARM/sdk/pico/pico-sdk/src/rp2_common/hardware_timer/timer.c.obj
                0x100016e8                hardware_alarm_claim
 .text.time_us_64
                0x10001700       0x18 CMakeFiles/ROS_Robot_PICO_B.dir/C_/VSARM/sdk/pico/pico-sdk/src/rp2_common/hardware_timer/timer.c.obj
                0x10001700                time_us_64
 .text.busy_wait_until
                0x10001718       0x28 CMakeFiles/ROS_Robot_PICO_B.dir/C_/VSARM/sdk/pico/pico-sdk/src/rp2_common/hardware_timer/timer.c.obj
                0x10001718                busy_wait_until
 .text.busy_wait_us
                0x10001740       0x48 CMakeFiles/ROS_Robot_PICO_B.dir/C_/VSARM/sdk/pico/pico-sdk/src/rp2_common/hardware_timer/timer.c.obj
                0x10001740                busy_wait_us
 .text.hardware_alarm_set_callback
                0x10001788       0x90 CMakeFiles/ROS_Robot_PICO_B.dir/C_/VSARM/sdk/pico/pico-sdk/src/rp2_common/hardware_timer/timer.c.obj
                0x10001788                hardware_alarm_set_callback
 .text.hardware_alarm_set_target
                0x10001818       0xe8 CMakeFiles/ROS_Robot_PICO_B.dir/C_/VSARM/sdk/pico/pico-sdk/src/rp2_common/hardware_timer/timer.c.obj
                0x10001818                hardware_alarm_set_target
 .text.hardware_alarm_cancel
                0x10001900       0x40 CMakeFiles/ROS_Robot_PICO_B.dir/C_/VSARM/sdk/pico/pico-sdk/src/rp2_common/hardware_timer/timer.c.obj
                0x10001900                hardware_alarm_cancel
 .text.ph_add_child_node
                0x10001940       0xa0 CMakeFiles/ROS_Robot_PICO_B.dir/C_/VSARM/sdk/pico/pico-sdk/src/common/pico_util/pheap.c.obj
 .text.ph_merge_nodes
                0x100019e0       0x3e CMakeFiles/ROS_Robot_PICO_B.dir/C_/VSARM/sdk/pico/pico-sdk/src/common/pico_util/pheap.c.obj
 *fill*         0x10001a1e        0x2 
 .text.ph_clear
                0x10001a20       0x70 CMakeFiles/ROS_Robot_PICO_B.dir/C_/VSARM/sdk/pico/pico-sdk/src/common/pico_util/pheap.c.obj
                0x10001a20                ph_clear
 .text.ph_post_alloc_init
                0x10001a90        0xe CMakeFiles/ROS_Robot_PICO_B.dir/C_/VSARM/sdk/pico/pico-sdk/src/common/pico_util/pheap.c.obj
                0x10001a90                ph_post_alloc_init
 *fill*         0x10001a9e        0x2 
 .text.ph_merge_two_pass
                0x10001aa0       0xa4 CMakeFiles/ROS_Robot_PICO_B.dir/C_/VSARM/sdk/pico/pico-sdk/src/common/pico_util/pheap.c.obj
                0x10001aa0                ph_merge_two_pass
 .text.ph_remove_any_head
                0x10001b44      0x104 CMakeFiles/ROS_Robot_PICO_B.dir/C_/VSARM/sdk/pico/pico-sdk/src/common/pico_util/pheap.c.obj
 .text.ph_remove_head
                0x10001c48       0x14 CMakeFiles/ROS_Robot_PICO_B.dir/C_/VSARM/sdk/pico/pico-sdk/src/common/pico_util/pheap.c.obj
                0x10001c48                ph_remove_head
 .text.ph_remove_and_free_node
                0x10001c5c       0xf8 CMakeFiles/ROS_Robot_PICO_B.dir/C_/VSARM/sdk/pico/pico-sdk/src/common/pico_util/pheap.c.obj
                0x10001c5c                ph_remove_and_free_node
 .text.mutex_init
                0x10001d54       0x1a CMakeFiles/ROS_Robot_PICO_B.dir/C_/VSARM/sdk/pico/pico-sdk/src/common/pico_sync/mutex.c.obj
                0x10001d54                mutex_init
 .text.recursive_mutex_init
                0x10001d6e       0x1e CMakeFiles/ROS_Robot_PICO_B.dir/C_/VSARM/sdk/pico/pico-sdk/src/common/pico_sync/mutex.c.obj
                0x10001d6e                recursive_mutex_init
 .text._exit    0x10001d8c        0x4 CMakeFiles/ROS_Robot_PICO_B.dir/C_/VSARM/sdk/pico/pico-sdk/src/rp2_common/pico_runtime/runtime.c.obj
                0x10001d8c                _exit
 .text._sbrk    0x10001d90       0x38 CMakeFiles/ROS_Robot_PICO_B.dir/C_/VSARM/sdk/pico/pico-sdk/src/rp2_common/pico_runtime/runtime.c.obj
                0x10001d90                _sbrk
 .text.exit     0x10001dc8        0x6 CMakeFiles/ROS_Robot_PICO_B.dir/C_/VSARM/sdk/pico/pico-sdk/src/rp2_common/pico_runtime/runtime.c.obj
                0x10001dc8                exit
 *fill*         0x10001dce        0x2 
 .text.__assert_func
                0x10001dd0       0x3c CMakeFiles/ROS_Robot_PICO_B.dir/C_/VSARM/sdk/pico/pico-sdk/src/rp2_common/pico_runtime/runtime.c.obj
                0x10001dd0                __assert_func
 .text.runtime_init
                0x10001e0c       0xf8 CMakeFiles/ROS_Robot_PICO_B.dir/C_/VSARM/sdk/pico/pico-sdk/src/rp2_common/pico_runtime/runtime.c.obj
                0x10001e0c                runtime_init
 .text.panic    0x10001f04       0x30 CMakeFiles/ROS_Robot_PICO_B.dir/C_/VSARM/sdk/pico/pico-sdk/src/rp2_common/pico_runtime/runtime.c.obj
                0x10001f04                panic
 .text.clock_configure
                0x10001f34      0x104 CMakeFiles/ROS_Robot_PICO_B.dir/C_/VSARM/sdk/pico/pico-sdk/src/rp2_common/hardware_clocks/clocks.c.obj
                0x10001f34                clock_configure
 .text.clocks_init
                0x10002038      0x100 CMakeFiles/ROS_Robot_PICO_B.dir/C_/VSARM/sdk/pico/pico-sdk/src/rp2_common/hardware_clocks/clocks.c.obj
                0x10002038                clocks_init
 .text.pll_init
                0x10002138      0x140 CMakeFiles/ROS_Robot_PICO_B.dir/C_/VSARM/sdk/pico/pico-sdk/src/rp2_common/hardware_pll/pll.c.obj
                0x10002138                pll_init
 .text.watchdog_start_tick
                0x10002278       0x10 CMakeFiles/ROS_Robot_PICO_B.dir/C_/VSARM/sdk/pico/pico-sdk/src/rp2_common/hardware_watchdog/watchdog.c.obj
                0x10002278                watchdog_start_tick
 .text.xosc_init
                0x10002288       0x28 CMakeFiles/ROS_Robot_PICO_B.dir/C_/VSARM/sdk/pico/pico-sdk/src/rp2_common/hardware_xosc/xosc.c.obj
                0x10002288                xosc_init
 .text._out_buffer
                0x100022b0        0x8 CMakeFiles/ROS_Robot_PICO_B.dir/C_/VSARM/sdk/pico/pico-sdk/src/rp2_common/pico_printf/printf.c.obj
 .text._out_null
                0x100022b8        0x2 CMakeFiles/ROS_Robot_PICO_B.dir/C_/VSARM/sdk/pico/pico-sdk/src/rp2_common/pico_printf/printf.c.obj
 .text._out_fct
                0x100022ba        0xe CMakeFiles/ROS_Robot_PICO_B.dir/C_/VSARM/sdk/pico/pico-sdk/src/rp2_common/pico_printf/printf.c.obj
 .text._atoi    0x100022c8       0x24 CMakeFiles/ROS_Robot_PICO_B.dir/C_/VSARM/sdk/pico/pico-sdk/src/rp2_common/pico_printf/printf.c.obj
 .text._out_rev
                0x100022ec       0xae CMakeFiles/ROS_Robot_PICO_B.dir/C_/VSARM/sdk/pico/pico-sdk/src/rp2_common/pico_printf/printf.c.obj
 .text._ntoa_format
                0x1000239a      0x112 CMakeFiles/ROS_Robot_PICO_B.dir/C_/VSARM/sdk/pico/pico-sdk/src/rp2_common/pico_printf/printf.c.obj
 .text._ntoa_long
                0x100024ac       0xbc CMakeFiles/ROS_Robot_PICO_B.dir/C_/VSARM/sdk/pico/pico-sdk/src/rp2_common/pico_printf/printf.c.obj
 .text._ntoa_long_long
                0x10002568       0xe2 CMakeFiles/ROS_Robot_PICO_B.dir/C_/VSARM/sdk/pico/pico-sdk/src/rp2_common/pico_printf/printf.c.obj
 *fill*         0x1000264a        0x2 
 .text._etoa    0x1000264c      0x414 CMakeFiles/ROS_Robot_PICO_B.dir/C_/VSARM/sdk/pico/pico-sdk/src/rp2_common/pico_printf/printf.c.obj
 .text._ftoa    0x10002a60      0x354 CMakeFiles/ROS_Robot_PICO_B.dir/C_/VSARM/sdk/pico/pico-sdk/src/rp2_common/pico_printf/printf.c.obj
 .text._vsnprintf
                0x10002db4      0x650 CMakeFiles/ROS_Robot_PICO_B.dir/C_/VSARM/sdk/pico/pico-sdk/src/rp2_common/pico_printf/printf.c.obj
 .text.__wrap_sprintf
                0x10003404       0x2c CMakeFiles/ROS_Robot_PICO_B.dir/C_/VSARM/sdk/pico/pico-sdk/src/rp2_common/pico_printf/printf.c.obj
                0x10003404                __wrap_sprintf
 .text.__wrap_snprintf
                0x10003430       0x28 CMakeFiles/ROS_Robot_PICO_B.dir/C_/VSARM/sdk/pico/pico-sdk/src/rp2_common/pico_printf/printf.c.obj
                0x10003430                __wrap_snprintf
 .text.__wrap_vsnprintf
                0x10003458       0x1c CMakeFiles/ROS_Robot_PICO_B.dir/C_/VSARM/sdk/pico/pico-sdk/src/rp2_common/pico_printf/printf.c.obj
                0x10003458                __wrap_vsnprintf
 .text.vfctprintf
                0x10003474       0x20 CMakeFiles/ROS_Robot_PICO_B.dir/C_/VSARM/sdk/pico/pico-sdk/src/rp2_common/pico_printf/printf.c.obj
                0x10003474                vfctprintf
 .text          0x10003494       0x10 CMakeFiles/ROS_Robot_PICO_B.dir/C_/VSARM/sdk/pico/pico-sdk/src/rp2_common/pico_bit_ops/bit_ops_aeabi.S.obj
 .text.rom_func_lookup
                0x100034a4       0x10 CMakeFiles/ROS_Robot_PICO_B.dir/C_/VSARM/sdk/pico/pico-sdk/src/rp2_common/pico_bootrom/bootrom.c.obj
                0x100034a4                rom_func_lookup
 .text.rom_data_lookup
                0x100034b4       0x10 CMakeFiles/ROS_Robot_PICO_B.dir/C_/VSARM/sdk/pico/pico-sdk/src/rp2_common/pico_bootrom/bootrom.c.obj
                0x100034b4                rom_data_lookup
 .text.rom_funcs_lookup
                0x100034c4       0x36 CMakeFiles/ROS_Robot_PICO_B.dir/C_/VSARM/sdk/pico/pico-sdk/src/rp2_common/pico_bootrom/bootrom.c.obj
                0x100034c4                rom_funcs_lookup
 *fill*         0x100034fa        0x2 
 .text.__wrap___aeabi_idiv
                0x100034fc       0x50 CMakeFiles/ROS_Robot_PICO_B.dir/C_/VSARM/sdk/pico/pico-sdk/src/rp2_common/pico_divider/divider.S.obj
                0x100034fc                __wrap___aeabi_idivmod
                0x100034fc                divmod_s32s32
                0x100034fc                div_s32s32
                0x100034fc                __wrap___aeabi_idiv
                0x10003504                divmod_s32s32_unsafe
                0x10003530                divmod_s32s32_savestate
 .text.__wrap___aeabi_uidiv
                0x1000354c       0x4c CMakeFiles/ROS_Robot_PICO_B.dir/C_/VSARM/sdk/pico/pico-sdk/src/rp2_common/pico_divider/divider.S.obj
                0x1000354c                __wrap___aeabi_uidiv
                0x1000354c                __wrap___aeabi_uidivmod
                0x1000354c                div_u32u32
                0x1000354c                divmod_u32u32
                0x10003554                divmod_u32u32_unsafe
                0x1000357c                divmod_u32u32_savestate
 .text.__wrap___aeabi_ldiv
                0x10003598      0x434 CMakeFiles/ROS_Robot_PICO_B.dir/C_/VSARM/sdk/pico/pico-sdk/src/rp2_common/pico_divider/divider.S.obj
                0x10003598                div_s64s64
                0x10003598                divmod_s64s64
                0x10003598                __wrap___aeabi_ldivmod
                0x100035d0                divmod_u64u64
                0x100035d0                div_u64u64
                0x100035d0                __wrap___aeabi_uldivmod
                0x100035e0                divmod_u64u64_savestate
                0x10003608                divmod_s64s64_unsafe
                0x10003690                divmod_u64u64_unsafe
 .text.__wrap___aeabi_darithmetic
                0x100039cc       0x80 CMakeFiles/ROS_Robot_PICO_B.dir/C_/VSARM/sdk/pico/pico-sdk/src/rp2_common/pico_double/double_aeabi.S.obj
                0x100039cc                __wrap___aeabi_drsub
                0x100039d2                __wrap___aeabi_dsub
                0x100039e4                __wrap___aeabi_dadd
                0x100039f6                __wrap___aeabi_ddiv
                0x10003a32                __wrap___aeabi_dmul
 .text.__wrap___aeabi_cdcmple
                0x10003a4c       0x6c CMakeFiles/ROS_Robot_PICO_B.dir/C_/VSARM/sdk/pico/pico-sdk/src/rp2_common/pico_double/double_aeabi.S.obj
                0x10003a4c                __wrap___aeabi_cdrcmple
                0x10003a5c                __wrap___aeabi_cdcmpeq
                0x10003a5c                __wrap___aeabi_cdcmple
 .text.__wrap___aeabi_dcmplt
                0x10003ab8        0xc CMakeFiles/ROS_Robot_PICO_B.dir/C_/VSARM/sdk/pico/pico-sdk/src/rp2_common/pico_double/double_aeabi.S.obj
                0x10003ab8                __wrap___aeabi_dcmplt
 .text.__wrap___aeabi_dcmple
                0x10003ac4       0x10 CMakeFiles/ROS_Robot_PICO_B.dir/C_/VSARM/sdk/pico/pico-sdk/src/rp2_common/pico_double/double_aeabi.S.obj
                0x10003ac4                __wrap___aeabi_dcmple
 .text.__wrap___aeabi_dcmpge
                0x10003ad4       0x10 CMakeFiles/ROS_Robot_PICO_B.dir/C_/VSARM/sdk/pico/pico-sdk/src/rp2_common/pico_double/double_aeabi.S.obj
                0x10003ad4                __wrap___aeabi_dcmpge
 .text.__wrap___aeabi_dcmpgt
                0x10003ae4        0xa CMakeFiles/ROS_Robot_PICO_B.dir/C_/VSARM/sdk/pico/pico-sdk/src/rp2_common/pico_double/double_aeabi.S.obj
                0x10003ae4                __wrap___aeabi_dcmpgt
 .text.__wrap___aeabi_dcmpun
                0x10003aee       0x1c CMakeFiles/ROS_Robot_PICO_B.dir/C_/VSARM/sdk/pico/pico-sdk/src/rp2_common/pico_double/double_aeabi.S.obj
                0x10003aee                __wrap___aeabi_dcmpun
 *fill*         0x10003b0a        0x2 
 .text.__wrap___aeabi_i2d
                0x10003b0c       0x38 CMakeFiles/ROS_Robot_PICO_B.dir/C_/VSARM/sdk/pico/pico-sdk/src/rp2_common/pico_double/double_aeabi.S.obj
                0x10003b0c                __wrap___aeabi_ui2d
                0x10003b14                __wrap___aeabi_i2d
 .text.__wrap___aeabi_d2iz
                0x10003b44       0x48 CMakeFiles/ROS_Robot_PICO_B.dir/C_/VSARM/sdk/pico/pico-sdk/src/rp2_common/pico_double/double_aeabi.S.obj
                0x10003b44                double2int_z
                0x10003b44                __wrap___aeabi_d2iz
 .text.__wrap___aeabi_d2uiz
                0x10003b8c       0x18 CMakeFiles/ROS_Robot_PICO_B.dir/C_/VSARM/sdk/pico/pico-sdk/src/rp2_common/pico_double/double_aeabi.S.obj
                0x10003b8c                __wrap___aeabi_d2uiz
                0x10003b8c                double2uint
 .text.__aeabi_double_init
                0x10003ba4       0xc8 CMakeFiles/ROS_Robot_PICO_B.dir/C_/VSARM/sdk/pico/pico-sdk/src/rp2_common/pico_double/double_init_rom.c.obj
                0x10003ba4                __aeabi_double_init
 .text.double_table_shim_on_use_helper
                0x10003c6c       0x34 CMakeFiles/ROS_Robot_PICO_B.dir/C_/VSARM/sdk/pico/pico-sdk/src/rp2_common/pico_double/double_v1_rom_shim.S.obj
                0x10003c6c                double_table_shim_on_use_helper
 .text.__wrap___aeabi_dsub
                0x10003ca0       0x10 CMakeFiles/ROS_Robot_PICO_B.dir/C_/VSARM/sdk/pico/pico-sdk/src/rp2_common/pico_double/double_v1_rom_shim.S.obj
                0x10003ca0                drsub_shim
                0x10003ca6                dsub_shim
 .text.dadd_shim
                0x10003cb0      0x15c CMakeFiles/ROS_Robot_PICO_B.dir/C_/VSARM/sdk/pico/pico-sdk/src/rp2_common/pico_double/double_v1_rom_shim.S.obj
                0x10003cb0                dadd_shim
 .text.dmul_shim
                0x10003e0c      0x15c CMakeFiles/ROS_Robot_PICO_B.dir/C_/VSARM/sdk/pico/pico-sdk/src/rp2_common/pico_double/double_v1_rom_shim.S.obj
                0x10003e0c                dmul_shim
 .text.ddiv_shim
                0x10003f68      0x1b0 CMakeFiles/ROS_Robot_PICO_B.dir/C_/VSARM/sdk/pico/pico-sdk/src/rp2_common/pico_double/double_v1_rom_shim.S.obj
                0x10003f68                ddiv_shim
 .text.double2uint_shim
                0x10004118        0xe CMakeFiles/ROS_Robot_PICO_B.dir/C_/VSARM/sdk/pico/pico-sdk/src/rp2_common/pico_double/double_v1_rom_shim.S.obj
                0x10004118                double2uint_shim
                0x1000411a                double2ufix_shim
 *fill*         0x10004126        0x2 
 .text.double2uint64_shim
                0x10004128       0x70 CMakeFiles/ROS_Robot_PICO_B.dir/C_/VSARM/sdk/pico/pico-sdk/src/rp2_common/pico_double/double_v1_rom_shim.S.obj
                0x10004128                double2uint64_shim
                0x1000412a                double2ufix64_shim
                0x1000414a                d2fix_a
 .text.dunpacks
                0x10004198       0x3c CMakeFiles/ROS_Robot_PICO_B.dir/C_/VSARM/sdk/pico/pico-sdk/src/rp2_common/pico_double/double_v1_rom_shim.S.obj
                0x10004198                dunpacks
 .text.__aeabi_lmul
                0x100041d4       0x32 CMakeFiles/ROS_Robot_PICO_B.dir/C_/VSARM/sdk/pico/pico-sdk/src/rp2_common/pico_int64_ops/pico_int64_ops_aeabi.S.obj
                0x100041d4                __wrap___aeabi_lmul
 *fill*         0x10004206        0x2 
 .text.__wrap___aeabi_farithmetic
                0x10004208       0x58 CMakeFiles/ROS_Robot_PICO_B.dir/C_/VSARM/sdk/pico/pico-sdk/src/rp2_common/pico_float/float_aeabi.S.obj
                0x10004208                __wrap___aeabi_frsub
                0x1000420e                __wrap___aeabi_fsub
                0x10004218                __wrap___aeabi_fadd
                0x10004222                __wrap___aeabi_fdiv
                0x1000424e                __wrap___aeabi_fmul
 .text.__wrap___aeabi_ui2f
                0x10004260        0xa CMakeFiles/ROS_Robot_PICO_B.dir/C_/VSARM/sdk/pico/pico-sdk/src/rp2_common/pico_float/float_aeabi.S.obj
                0x10004260                __wrap___aeabi_ui2f
 *fill*         0x1000426a        0x2 
 .text.__wrap___aeabi_i2f
                0x1000426c       0x44 CMakeFiles/ROS_Robot_PICO_B.dir/C_/VSARM/sdk/pico/pico-sdk/src/rp2_common/pico_float/float_aeabi.S.obj
                0x1000426c                __wrap___aeabi_i2f
 .text.__wrap___aeabi_f2iz
                0x100042b0       0x4e CMakeFiles/ROS_Robot_PICO_B.dir/C_/VSARM/sdk/pico/pico-sdk/src/rp2_common/pico_float/float_aeabi.S.obj
                0x100042b0                float2int_z
                0x100042b0                __wrap___aeabi_f2iz
 *fill*         0x100042fe        0x2 
 .text.float2int
                0x10004300       0x14 CMakeFiles/ROS_Robot_PICO_B.dir/C_/VSARM/sdk/pico/pico-sdk/src/rp2_common/pico_float/float_aeabi.S.obj
                0x10004300                float2int
 .text.__wrap___aeabi_f2uiz
                0x10004314       0x10 CMakeFiles/ROS_Robot_PICO_B.dir/C_/VSARM/sdk/pico/pico-sdk/src/rp2_common/pico_float/float_aeabi.S.obj
                0x10004314                __wrap___aeabi_f2uiz
 .text.__aeabi_float_init
                0x10004324       0xfc CMakeFiles/ROS_Robot_PICO_B.dir/C_/VSARM/sdk/pico/pico-sdk/src/rp2_common/pico_float/float_init_rom.c.obj
                0x10004324                __aeabi_float_init
 .text.float_table_shim_on_use_helper
                0x10004420       0x34 CMakeFiles/ROS_Robot_PICO_B.dir/C_/VSARM/sdk/pico/pico-sdk/src/rp2_common/pico_float/float_v1_rom_shim.S.obj
                0x10004420                float_table_shim_on_use_helper
 .text.float232_shims
                0x10004454       0x18 CMakeFiles/ROS_Robot_PICO_B.dir/C_/VSARM/sdk/pico/pico-sdk/src/rp2_common/pico_float/float_v1_rom_shim.S.obj
                0x10004454                float2int_shim
                0x10004456                float2fix_shim
 .text.__wrap_malloc
                0x1000446c       0x3c CMakeFiles/ROS_Robot_PICO_B.dir/C_/VSARM/sdk/pico/pico-sdk/src/rp2_common/pico_malloc/pico_malloc.c.obj
                0x1000446c                __wrap_malloc
 .text.__wrap_calloc
                0x100044a8       0x40 CMakeFiles/ROS_Robot_PICO_B.dir/C_/VSARM/sdk/pico/pico-sdk/src/rp2_common/pico_malloc/pico_malloc.c.obj
                0x100044a8                __wrap_calloc
 .text.__wrap_realloc
                0x100044e8       0x40 CMakeFiles/ROS_Robot_PICO_B.dir/C_/VSARM/sdk/pico/pico-sdk/src/rp2_common/pico_malloc/pico_malloc.c.obj
                0x100044e8                __wrap_realloc
 .text.__wrap_free
                0x10004528       0x20 CMakeFiles/ROS_Robot_PICO_B.dir/C_/VSARM/sdk/pico/pico-sdk/src/rp2_common/pico_malloc/pico_malloc.c.obj
                0x10004528                __wrap_free
 .text          0x10004548       0x10 CMakeFiles/ROS_Robot_PICO_B.dir/C_/VSARM/sdk/pico/pico-sdk/src/rp2_common/pico_mem_ops/mem_ops_aeabi.S.obj
                0x10004548                __aeabi_mem_init
 .text.memset   0x10004558        0xc CMakeFiles/ROS_Robot_PICO_B.dir/C_/VSARM/sdk/pico/pico-sdk/src/rp2_common/pico_mem_ops/mem_ops_aeabi.S.obj
                0x10004558                __wrap_memset
 .text.memcpy   0x10004564        0xc CMakeFiles/ROS_Robot_PICO_B.dir/C_/VSARM/sdk/pico/pico-sdk/src/rp2_common/pico_mem_ops/mem_ops_aeabi.S.obj
                0x10004564                __wrap_memcpy
                0x10004564                __wrap___aeabi_memcpy
 .text.stdio_out_chars_no_crlf
                0x10004570        0xe CMakeFiles/ROS_Robot_PICO_B.dir/C_/VSARM/sdk/pico/pico-sdk/src/rp2_common/pico_stdio/stdio.c.obj
 .text.stdio_out_chars_crlf
                0x1000457e        0xe CMakeFiles/ROS_Robot_PICO_B.dir/C_/VSARM/sdk/pico/pico-sdk/src/rp2_common/pico_stdio/stdio.c.obj
 .text.stdio_stack_buffer_flush
                0x1000458c       0x44 CMakeFiles/ROS_Robot_PICO_B.dir/C_/VSARM/sdk/pico/pico-sdk/src/rp2_common/pico_stdio/stdio.c.obj
 .text.stdio_buffered_printer
                0x100045d0       0x20 CMakeFiles/ROS_Robot_PICO_B.dir/C_/VSARM/sdk/pico/pico-sdk/src/rp2_common/pico_stdio/stdio.c.obj
 .text.stdio_get_until
                0x100045f0       0x80 CMakeFiles/ROS_Robot_PICO_B.dir/C_/VSARM/sdk/pico/pico-sdk/src/rp2_common/pico_stdio/stdio.c.obj
 .text.stdout_serialize_begin
                0x10004670       0x30 CMakeFiles/ROS_Robot_PICO_B.dir/C_/VSARM/sdk/pico/pico-sdk/src/rp2_common/pico_stdio/stdio.c.obj
                0x10004670                stdout_serialize_begin
 .text.stdout_serialize_end
                0x100046a0       0x10 CMakeFiles/ROS_Robot_PICO_B.dir/C_/VSARM/sdk/pico/pico-sdk/src/rp2_common/pico_stdio/stdio.c.obj
                0x100046a0                stdout_serialize_end
 .text.stdio_put_string
                0x100046b0       0x98 CMakeFiles/ROS_Robot_PICO_B.dir/C_/VSARM/sdk/pico/pico-sdk/src/rp2_common/pico_stdio/stdio.c.obj
 .text._read    0x10004748       0x24 CMakeFiles/ROS_Robot_PICO_B.dir/C_/VSARM/sdk/pico/pico-sdk/src/rp2_common/pico_stdio/stdio.c.obj
                0x10004748                _read
 .text._write   0x1000476c       0x22 CMakeFiles/ROS_Robot_PICO_B.dir/C_/VSARM/sdk/pico/pico-sdk/src/rp2_common/pico_stdio/stdio.c.obj
                0x1000476c                _write
 *fill*         0x1000478e        0x2 
 .text.stdio_flush
                0x10004790       0x20 CMakeFiles/ROS_Robot_PICO_B.dir/C_/VSARM/sdk/pico/pico-sdk/src/rp2_common/pico_stdio/stdio.c.obj
                0x10004790                stdio_flush
 .text.__wrap_puts
                0x100047b0       0x1e CMakeFiles/ROS_Robot_PICO_B.dir/C_/VSARM/sdk/pico/pico-sdk/src/rp2_common/pico_stdio/stdio.c.obj
                0x100047b0                __wrap_puts
 *fill*         0x100047ce        0x2 
 .text.__wrap_vprintf
                0x100047d0       0x44 CMakeFiles/ROS_Robot_PICO_B.dir/C_/VSARM/sdk/pico/pico-sdk/src/rp2_common/pico_stdio/stdio.c.obj
                0x100047d0                __wrap_vprintf
 .text.__wrap_printf
                0x10004814       0x18 CMakeFiles/ROS_Robot_PICO_B.dir/C_/VSARM/sdk/pico/pico-sdk/src/rp2_common/pico_stdio/stdio.c.obj
                0x10004814                __wrap_printf
 .text._retrieve_unique_id_on_boot
                0x1000482c       0x10 CMakeFiles/ROS_Robot_PICO_B.dir/C_/VSARM/sdk/pico/pico-sdk/src/rp2_common/pico_unique_id/unique_id.c.obj
 .text.flash_get_unique_id
                0x1000483c       0x46 CMakeFiles/ROS_Robot_PICO_B.dir/C_/VSARM/sdk/pico/pico-sdk/src/rp2_common/hardware_flash/flash.c.obj
                0x1000483c                flash_get_unique_id
 .text.core1_trampoline
                0x10004882        0x2 CMakeFiles/ROS_Robot_PICO_B.dir/C_/VSARM/sdk/pico/pico-sdk/src/rp2_common/pico_multicore/multicore.c.obj
 .text.core1_wrapper
                0x10004884        0xc CMakeFiles/ROS_Robot_PICO_B.dir/C_/VSARM/sdk/pico/pico-sdk/src/rp2_common/pico_multicore/multicore.c.obj
                0x10004884                core1_wrapper
 .text.multicore_fifo_push_blocking
                0x10004890       0x14 CMakeFiles/ROS_Robot_PICO_B.dir/C_/VSARM/sdk/pico/pico-sdk/src/rp2_common/pico_multicore/multicore.c.obj
                0x10004890                multicore_fifo_push_blocking
 .text.multicore_fifo_pop_blocking
                0x100048a4       0x16 CMakeFiles/ROS_Robot_PICO_B.dir/C_/VSARM/sdk/pico/pico-sdk/src/rp2_common/pico_multicore/multicore.c.obj
                0x100048a4                multicore_fifo_pop_blocking
 *fill*         0x100048ba        0x2 
 .text.multicore_reset_core1
                0x100048bc       0x28 CMakeFiles/ROS_Robot_PICO_B.dir/C_/VSARM/sdk/pico/pico-sdk/src/rp2_common/pico_multicore/multicore.c.obj
                0x100048bc                multicore_reset_core1
 .text.multicore_launch_core1_raw
                0x100048e4       0x6e CMakeFiles/ROS_Robot_PICO_B.dir/C_/VSARM/sdk/pico/pico-sdk/src/rp2_common/pico_multicore/multicore.c.obj
                0x100048e4                multicore_launch_core1_raw
 *fill*         0x10004952        0x2 
 .text.multicore_launch_core1_with_stack
                0x10004954       0x50 CMakeFiles/ROS_Robot_PICO_B.dir/C_/VSARM/sdk/pico/pico-sdk/src/rp2_common/pico_multicore/multicore.c.obj
                0x10004954                multicore_launch_core1_with_stack
 .text.multicore_launch_core1
                0x100049a4       0x24 CMakeFiles/ROS_Robot_PICO_B.dir/C_/VSARM/sdk/pico/pico-sdk/src/rp2_common/pico_multicore/multicore.c.obj
                0x100049a4                multicore_launch_core1
 .text.rcl_get_zero_initialized_node
                0x100049c8       0x10 C:\VSARM\sdk\pico\micro_ros_raspberrypi_pico_sdk\libmicroros\libmicroros.a(librcl-node.c.obj)
                0x100049c8                rcl_get_zero_initialized_node
 .text.rcl_node_init
                0x100049d8      0x29c C:\VSARM\sdk\pico\micro_ros_raspberrypi_pico_sdk\libmicroros\libmicroros.a(librcl-node.c.obj)
                0x100049d8                rcl_node_init
 .text.rcl_node_fini
                0x10004c74       0x54 C:\VSARM\sdk\pico\micro_ros_raspberrypi_pico_sdk\libmicroros\libmicroros.a(librcl-node.c.obj)
                0x10004c74                rcl_node_fini
 .text.rcl_node_is_valid_except_context
                0x10004cc8       0x18 C:\VSARM\sdk\pico\micro_ros_raspberrypi_pico_sdk\libmicroros\libmicroros.a(librcl-node.c.obj)
                0x10004cc8                rcl_node_is_valid_except_context
 .text.rcl_node_is_valid
                0x10004ce0       0x20 C:\VSARM\sdk\pico\micro_ros_raspberrypi_pico_sdk\libmicroros\libmicroros.a(librcl-node.c.obj)
                0x10004ce0                rcl_node_is_valid
 .text.rcl_node_get_name
                0x10004d00       0x18 C:\VSARM\sdk\pico\micro_ros_raspberrypi_pico_sdk\libmicroros\libmicroros.a(librcl-node.c.obj)
                0x10004d00                rcl_node_get_name
 .text.rcl_node_get_namespace
                0x10004d18       0x18 C:\VSARM\sdk\pico\micro_ros_raspberrypi_pico_sdk\libmicroros\libmicroros.a(librcl-node.c.obj)
                0x10004d18                rcl_node_get_namespace
 .text.rcl_node_get_options
                0x10004d30       0x1c C:\VSARM\sdk\pico\micro_ros_raspberrypi_pico_sdk\libmicroros\libmicroros.a(librcl-node.c.obj)
                0x10004d30                rcl_node_get_options
 .text.rcl_node_get_rmw_handle
                0x10004d4c       0x14 C:\VSARM\sdk\pico\micro_ros_raspberrypi_pico_sdk\libmicroros\libmicroros.a(librcl-node.c.obj)
                0x10004d4c                rcl_node_get_rmw_handle
 .text.rcl_node_get_default_options
                0x10004d60       0x1c C:\VSARM\sdk\pico\micro_ros_raspberrypi_pico_sdk\libmicroros\libmicroros.a(librcl-node_options.c.obj)
                0x10004d60                rcl_node_get_default_options
 .text.rcl_node_options_copy
                0x10004d7c       0x38 C:\VSARM\sdk\pico\micro_ros_raspberrypi_pico_sdk\libmicroros\libmicroros.a(librcl-node_options.c.obj)
                0x10004d7c                rcl_node_options_copy
 .text.rcl_get_zero_initialized_publisher
                0x10004db4        0xc C:\VSARM\sdk\pico\micro_ros_raspberrypi_pico_sdk\libmicroros\libmicroros.a(librcl-publisher.c.obj)
                0x10004db4                rcl_get_zero_initialized_publisher
 .text.rcl_publisher_init
                0x10004dc0      0x138 C:\VSARM\sdk\pico\micro_ros_raspberrypi_pico_sdk\libmicroros\libmicroros.a(librcl-publisher.c.obj)
                0x10004dc0                rcl_publisher_init
 .text.rcl_publisher_fini
                0x10004ef8       0x60 C:\VSARM\sdk\pico\micro_ros_raspberrypi_pico_sdk\libmicroros\libmicroros.a(librcl-publisher.c.obj)
                0x10004ef8                rcl_publisher_fini
 .text.rcl_publisher_get_default_options
                0x10004f58       0x50 C:\VSARM\sdk\pico\micro_ros_raspberrypi_pico_sdk\libmicroros\libmicroros.a(librcl-publisher.c.obj)
                0x10004f58                rcl_publisher_get_default_options
 .text.rcl_publish
                0x10004fa8       0x4c C:\VSARM\sdk\pico\micro_ros_raspberrypi_pico_sdk\libmicroros\libmicroros.a(librcl-publisher.c.obj)
                0x10004fa8                rcl_publish
 .text.rcl_publisher_is_valid
                0x10004ff4       0x30 C:\VSARM\sdk\pico\micro_ros_raspberrypi_pico_sdk\libmicroros\libmicroros.a(librcl-publisher.c.obj)
                0x10004ff4                rcl_publisher_is_valid
 .text.rcl_publisher_is_valid_except_context
                0x10005024       0x1c C:\VSARM\sdk\pico\micro_ros_raspberrypi_pico_sdk\libmicroros\libmicroros.a(librcl-publisher.c.obj)
                0x10005024                rcl_publisher_is_valid_except_context
 .text._rclc_check_for_new_data
                0x10005040       0x90 C:\VSARM\sdk\pico\micro_ros_raspberrypi_pico_sdk\libmicroros\libmicroros.a(librclc-executor.c.obj)
 .text._rclc_take_new_data
                0x100050d0      0x2c8 C:\VSARM\sdk\pico\micro_ros_raspberrypi_pico_sdk\libmicroros\libmicroros.a(librclc-executor.c.obj)
 .text._rclc_execute.part.0
                0x10005398      0x29c C:\VSARM\sdk\pico\micro_ros_raspberrypi_pico_sdk\libmicroros\libmicroros.a(librclc-executor.c.obj)
 .text.rclc_executor_trigger_any
                0x10005634       0x7c C:\VSARM\sdk\pico\micro_ros_raspberrypi_pico_sdk\libmicroros\libmicroros.a(librclc-executor.c.obj)
                0x10005634                rclc_executor_trigger_any
 .text.rclc_executor_get_zero_initialized_executor
                0x100056b0       0x14 C:\VSARM\sdk\pico\micro_ros_raspberrypi_pico_sdk\libmicroros\libmicroros.a(librclc-executor.c.obj)
                0x100056b0                rclc_executor_get_zero_initialized_executor
 .text.rclc_executor_init
                0x100056c4       0xc0 C:\VSARM\sdk\pico\micro_ros_raspberrypi_pico_sdk\libmicroros\libmicroros.a(librclc-executor.c.obj)
                0x100056c4                rclc_executor_init
 .text.rclc_executor_prepare
                0x10005784       0x88 C:\VSARM\sdk\pico\micro_ros_raspberrypi_pico_sdk\libmicroros\libmicroros.a(librclc-executor.c.obj)
                0x10005784                rclc_executor_prepare
 .text.rclc_executor_spin_some.part.0
                0x1000580c      0x378 C:\VSARM\sdk\pico\micro_ros_raspberrypi_pico_sdk\libmicroros\libmicroros.a(librclc-executor.c.obj)
 .text.rclc_executor_spin
                0x10005b84       0x34 C:\VSARM\sdk\pico\micro_ros_raspberrypi_pico_sdk\libmicroros\libmicroros.a(librclc-executor.c.obj)
                0x10005b84                rclc_executor_spin
 .text.rclc_executor_handle_counters_zero_init
                0x10005bb8       0x18 C:\VSARM\sdk\pico\micro_ros_raspberrypi_pico_sdk\libmicroros\libmicroros.a(librclc-executor_handle.c.obj)
                0x10005bb8                rclc_executor_handle_counters_zero_init
 .text.rclc_executor_handle_init
                0x10005bd0       0x28 C:\VSARM\sdk\pico\micro_ros_raspberrypi_pico_sdk\libmicroros\libmicroros.a(librclc-executor_handle.c.obj)
                0x10005bd0                rclc_executor_handle_init
 .text.rclc_support_init
                0x10005bf8       0x94 C:\VSARM\sdk\pico\micro_ros_raspberrypi_pico_sdk\libmicroros\libmicroros.a(librclc-init.c.obj)
                0x10005bf8                rclc_support_init
 .text.rclc_node_init_default
                0x10005c8c       0x74 C:\VSARM\sdk\pico\micro_ros_raspberrypi_pico_sdk\libmicroros\libmicroros.a(librclc-node.c.obj)
                0x10005c8c                rclc_node_init_default
 .text.rclc_publisher_init_default
                0x10005d00       0x68 C:\VSARM\sdk\pico\micro_ros_raspberrypi_pico_sdk\libmicroros\libmicroros.a(librclc-publisher.c.obj)
                0x10005d00                rclc_publisher_init_default
 .text.__default_zero_allocate
                0x10005d68        0x8 C:\VSARM\sdk\pico\micro_ros_raspberrypi_pico_sdk\libmicroros\libmicroros.a(librcutils-allocator.c.obj)
 .text.__default_reallocate
                0x10005d70        0x8 C:\VSARM\sdk\pico\micro_ros_raspberrypi_pico_sdk\libmicroros\libmicroros.a(librcutils-allocator.c.obj)
 .text.__default_deallocate
                0x10005d78        0x8 C:\VSARM\sdk\pico\micro_ros_raspberrypi_pico_sdk\libmicroros\libmicroros.a(librcutils-allocator.c.obj)
 .text.__default_allocate
                0x10005d80        0x8 C:\VSARM\sdk\pico\micro_ros_raspberrypi_pico_sdk\libmicroros\libmicroros.a(librcutils-allocator.c.obj)
 .text.rcutils_get_default_allocator
                0x10005d88       0x14 C:\VSARM\sdk\pico\micro_ros_raspberrypi_pico_sdk\libmicroros\libmicroros.a(librcutils-allocator.c.obj)
                0x10005d88                rcutils_get_default_allocator
 .text.rcutils_allocator_is_valid
                0x10005d9c       0x24 C:\VSARM\sdk\pico\micro_ros_raspberrypi_pico_sdk\libmicroros\libmicroros.a(librcutils-allocator.c.obj)
                0x10005d9c                rcutils_allocator_is_valid
 .text.rcutils_get_env
                0x10005dc0       0x34 C:\VSARM\sdk\pico\micro_ros_raspberrypi_pico_sdk\libmicroros\libmicroros.a(librcutils-env.c.obj)
                0x10005dc0                rcutils_get_env
 .text.rcutils_get_error_string
                0x10005df4       0x34 C:\VSARM\sdk\pico\micro_ros_raspberrypi_pico_sdk\libmicroros\libmicroros.a(librcutils-error_handling.c.obj)
                0x10005df4                rcutils_get_error_string
 .text.rcutils_reset_error
                0x10005e28       0x38 C:\VSARM\sdk\pico\micro_ros_raspberrypi_pico_sdk\libmicroros\libmicroros.a(librcutils-error_handling.c.obj)
                0x10005e28                rcutils_reset_error
 .text.rcutils_format_string_limit
                0x10005e60       0x78 C:\VSARM\sdk\pico\micro_ros_raspberrypi_pico_sdk\libmicroros\libmicroros.a(librcutils-format_string.c.obj)
                0x10005e60                rcutils_format_string_limit
 .text.rcutils_repl_str
                0x10005ed8      0x160 C:\VSARM\sdk\pico\micro_ros_raspberrypi_pico_sdk\libmicroros\libmicroros.a(librcutils-repl_str.c.obj)
                0x10005ed8                rcutils_repl_str
 .text.rcutils_snprintf
                0x10006038       0x38 C:\VSARM\sdk\pico\micro_ros_raspberrypi_pico_sdk\libmicroros\libmicroros.a(librcutils-snprintf.c.obj)
                0x10006038                rcutils_snprintf
 .text.rcutils_vsnprintf
                0x10006070       0x28 C:\VSARM\sdk\pico\micro_ros_raspberrypi_pico_sdk\libmicroros\libmicroros.a(librcutils-snprintf.c.obj)
                0x10006070                rcutils_vsnprintf
 .text.rcutils_strdup
                0x10006098       0x3c C:\VSARM\sdk\pico\micro_ros_raspberrypi_pico_sdk\libmicroros\libmicroros.a(librcutils-strdup.c.obj)
                0x10006098                rcutils_strdup
 .text.rcutils_strndup
                0x100060d4       0x38 C:\VSARM\sdk\pico\micro_ros_raspberrypi_pico_sdk\libmicroros\libmicroros.a(librcutils-strdup.c.obj)
                0x100060d4                rcutils_strndup
 .text.rcutils_system_time_now
                0x1000610c       0x4c C:\VSARM\sdk\pico\micro_ros_raspberrypi_pico_sdk\libmicroros\libmicroros.a(librcutils-time_unix.c.obj)
                0x1000610c                rcutils_system_time_now
 .text.rcutils_steady_time_now
                0x10006158       0x4c C:\VSARM\sdk\pico\micro_ros_raspberrypi_pico_sdk\libmicroros\libmicroros.a(librcutils-time_unix.c.obj)
                0x10006158                rcutils_steady_time_now
 .text.rmw_get_default_publisher_options
                0x100061a4        0x8 C:\VSARM\sdk\pico\micro_ros_raspberrypi_pico_sdk\libmicroros\libmicroros.a(librmw-publisher_options.c.obj)
                0x100061a4                rmw_get_default_publisher_options
 .text.rmw_validate_namespace_with_size
                0x100061ac       0xa4 C:\VSARM\sdk\pico\micro_ros_raspberrypi_pico_sdk\libmicroros\libmicroros.a(librmw-validate_namespace.c.obj)
                0x100061ac                rmw_validate_namespace_with_size
 .text.rmw_validate_namespace
                0x10006250       0x24 C:\VSARM\sdk\pico\micro_ros_raspberrypi_pico_sdk\libmicroros\libmicroros.a(librmw-validate_namespace.c.obj)
                0x10006250                rmw_validate_namespace
 .text.rmw_namespace_validation_result_string
                0x10006274       0x18 C:\VSARM\sdk\pico\micro_ros_raspberrypi_pico_sdk\libmicroros\libmicroros.a(librmw-validate_namespace.c.obj)
                0x10006274                rmw_namespace_validation_result_string
 .text.rmw_validate_node_name
                0x1000628c       0xa4 C:\VSARM\sdk\pico\micro_ros_raspberrypi_pico_sdk\libmicroros\libmicroros.a(librmw-validate_node_name.c.obj)
                0x1000628c                rmw_validate_node_name
 .text.rmw_node_name_validation_result_string
                0x10006330       0x18 C:\VSARM\sdk\pico\micro_ros_raspberrypi_pico_sdk\libmicroros\libmicroros.a(librmw-validate_node_name.c.obj)
                0x10006330                rmw_node_name_validation_result_string
 .text.create_node
                0x10006348      0x128 C:\VSARM\sdk\pico\micro_ros_raspberrypi_pico_sdk\libmicroros\libmicroros.a(librmw_microxrcedds-rmw_node.c.obj)
                0x10006348                create_node
 .text.rmw_create_node
                0x10006470       0x2c C:\VSARM\sdk\pico\micro_ros_raspberrypi_pico_sdk\libmicroros\libmicroros.a(librmw_microxrcedds-rmw_node.c.obj)
                0x10006470                rmw_create_node
 .text.rmw_destroy_node
                0x1000649c      0x128 C:\VSARM\sdk\pico\micro_ros_raspberrypi_pico_sdk\libmicroros\libmicroros.a(librmw_microxrcedds-rmw_node.c.obj)
                0x1000649c                rmw_destroy_node
 .text.rmw_node_get_graph_guard_condition
                0x100065c4       0x10 C:\VSARM\sdk\pico\micro_ros_raspberrypi_pico_sdk\libmicroros\libmicroros.a(librmw_microxrcedds-rmw_node.c.obj)
                0x100065c4                rmw_node_get_graph_guard_condition
 .text.flush_session
                0x100065d4        0xc C:\VSARM\sdk\pico\micro_ros_raspberrypi_pico_sdk\libmicroros\libmicroros.a(librmw_microxrcedds-rmw_publish.c.obj)
                0x100065d4                flush_session
 .text.rmw_publish
                0x100065e0       0xd8 C:\VSARM\sdk\pico\micro_ros_raspberrypi_pico_sdk\libmicroros\libmicroros.a(librmw_microxrcedds-rmw_publish.c.obj)
                0x100065e0                rmw_publish
 .text.rmw_create_publisher
                0x100066b8      0x218 C:\VSARM\sdk\pico\micro_ros_raspberrypi_pico_sdk\libmicroros\libmicroros.a(librmw_microxrcedds-rmw_publisher.c.obj)
                0x100066b8                rmw_create_publisher
 .text.rmw_publisher_get_actual_qos
                0x100068d0        0x4 C:\VSARM\sdk\pico\micro_ros_raspberrypi_pico_sdk\libmicroros\libmicroros.a(librmw_microxrcedds-rmw_publisher.c.obj)
                0x100068d0                rmw_publisher_get_actual_qos
 .text.rmw_destroy_publisher
                0x100068d4       0xf4 C:\VSARM\sdk\pico\micro_ros_raspberrypi_pico_sdk\libmicroros\libmicroros.a(librmw_microxrcedds-rmw_publisher.c.obj)
                0x100068d4                rmw_destroy_publisher
 .text.rmw_destroy_service
                0x100069c8       0xd0 C:\VSARM\sdk\pico\micro_ros_raspberrypi_pico_sdk\libmicroros\libmicroros.a(librmw_microxrcedds-rmw_service.c.obj)
                0x100069c8                rmw_destroy_service
 .text.rmw_destroy_subscription
                0x10006a98      0x128 C:\VSARM\sdk\pico\micro_ros_raspberrypi_pico_sdk\libmicroros\libmicroros.a(librmw_microxrcedds-rmw_subscription.c.obj)
                0x10006a98                rmw_destroy_subscription
 .text.rmw_uxrce_init_service_memory
                0x10006bc0       0x48 C:\VSARM\sdk\pico\micro_ros_raspberrypi_pico_sdk\libmicroros\libmicroros.a(librmw_microxrcedds-types.c.obj)
                0x10006bc0                rmw_uxrce_init_service_memory
 .text.rmw_uxrce_init_client_memory
                0x10006c08       0x48 C:\VSARM\sdk\pico\micro_ros_raspberrypi_pico_sdk\libmicroros\libmicroros.a(librmw_microxrcedds-types.c.obj)
                0x10006c08                rmw_uxrce_init_client_memory
 .text.rmw_uxrce_init_publisher_memory
                0x10006c50       0x48 C:\VSARM\sdk\pico\micro_ros_raspberrypi_pico_sdk\libmicroros\libmicroros.a(librmw_microxrcedds-types.c.obj)
                0x10006c50                rmw_uxrce_init_publisher_memory
 .text.rmw_uxrce_init_subscription_memory
                0x10006c98       0x48 C:\VSARM\sdk\pico\micro_ros_raspberrypi_pico_sdk\libmicroros\libmicroros.a(librmw_microxrcedds-types.c.obj)
                0x10006c98                rmw_uxrce_init_subscription_memory
 .text.rmw_uxrce_init_node_memory
                0x10006ce0       0x48 C:\VSARM\sdk\pico\micro_ros_raspberrypi_pico_sdk\libmicroros\libmicroros.a(librmw_microxrcedds-types.c.obj)
                0x10006ce0                rmw_uxrce_init_node_memory
 .text.rmw_uxrce_init_session_memory
                0x10006d28       0x50 C:\VSARM\sdk\pico\micro_ros_raspberrypi_pico_sdk\libmicroros\libmicroros.a(librmw_microxrcedds-types.c.obj)
                0x10006d28                rmw_uxrce_init_session_memory
 .text.rmw_uxrce_init_topic_memory
                0x10006d78       0x48 C:\VSARM\sdk\pico\micro_ros_raspberrypi_pico_sdk\libmicroros\libmicroros.a(librmw_microxrcedds-types.c.obj)
                0x10006d78                rmw_uxrce_init_topic_memory
 .text.rmw_uxrce_init_static_input_buffer_memory
                0x10006dc0       0x50 C:\VSARM\sdk\pico\micro_ros_raspberrypi_pico_sdk\libmicroros\libmicroros.a(librmw_microxrcedds-types.c.obj)
                0x10006dc0                rmw_uxrce_init_static_input_buffer_memory
 .text.rmw_uxrce_init_init_options_impl_memory
                0x10006e10       0x48 C:\VSARM\sdk\pico\micro_ros_raspberrypi_pico_sdk\libmicroros\libmicroros.a(librmw_microxrcedds-types.c.obj)
                0x10006e10                rmw_uxrce_init_init_options_impl_memory
 .text.rmw_uxrce_init_wait_set_memory
                0x10006e58       0x48 C:\VSARM\sdk\pico\micro_ros_raspberrypi_pico_sdk\libmicroros\libmicroros.a(librmw_microxrcedds-types.c.obj)
                0x10006e58                rmw_uxrce_init_wait_set_memory
 .text.rmw_uxrce_init_guard_condition_memory
                0x10006ea0       0x48 C:\VSARM\sdk\pico\micro_ros_raspberrypi_pico_sdk\libmicroros\libmicroros.a(librmw_microxrcedds-types.c.obj)
                0x10006ea0                rmw_uxrce_init_guard_condition_memory
 .text.rmw_uxrce_fini_session_memory
                0x10006ee8       0x10 C:\VSARM\sdk\pico\micro_ros_raspberrypi_pico_sdk\libmicroros\libmicroros.a(librmw_microxrcedds-types.c.obj)
                0x10006ee8                rmw_uxrce_fini_session_memory
 .text.rmw_uxrce_fini_node_memory
                0x10006ef8       0x34 C:\VSARM\sdk\pico\micro_ros_raspberrypi_pico_sdk\libmicroros\libmicroros.a(librmw_microxrcedds-types.c.obj)
                0x10006ef8                rmw_uxrce_fini_node_memory
 .text.rmw_uxrce_fini_publisher_memory
                0x10006f2c       0x34 C:\VSARM\sdk\pico\micro_ros_raspberrypi_pico_sdk\libmicroros\libmicroros.a(librmw_microxrcedds-types.c.obj)
                0x10006f2c                rmw_uxrce_fini_publisher_memory
 .text.rmw_uxrce_fini_subscription_memory
                0x10006f60       0x34 C:\VSARM\sdk\pico\micro_ros_raspberrypi_pico_sdk\libmicroros\libmicroros.a(librmw_microxrcedds-types.c.obj)
                0x10006f60                rmw_uxrce_fini_subscription_memory
 .text.rmw_uxrce_fini_service_memory
                0x10006f94       0x34 C:\VSARM\sdk\pico\micro_ros_raspberrypi_pico_sdk\libmicroros\libmicroros.a(librmw_microxrcedds-types.c.obj)
                0x10006f94                rmw_uxrce_fini_service_memory
 .text.rmw_uxrce_fini_client_memory
                0x10006fc8       0x34 C:\VSARM\sdk\pico\micro_ros_raspberrypi_pico_sdk\libmicroros\libmicroros.a(librmw_microxrcedds-types.c.obj)
                0x10006fc8                rmw_uxrce_fini_client_memory
 .text.rmw_uxrce_fini_topic_memory
                0x10006ffc       0x18 C:\VSARM\sdk\pico\micro_ros_raspberrypi_pico_sdk\libmicroros\libmicroros.a(librmw_microxrcedds-types.c.obj)
                0x10006ffc                rmw_uxrce_fini_topic_memory
 .text.rmw_uxrce_get_static_input_buffer_for_entity
                0x10007014       0xbc C:\VSARM\sdk\pico\micro_ros_raspberrypi_pico_sdk\libmicroros\libmicroros.a(librmw_microxrcedds-types.c.obj)
                0x10007014                rmw_uxrce_get_static_input_buffer_for_entity
 .text.rmw_uxrce_find_static_input_buffer_by_owner
                0x100070d0       0x5c C:\VSARM\sdk\pico\micro_ros_raspberrypi_pico_sdk\libmicroros\libmicroros.a(librmw_microxrcedds-types.c.obj)
                0x100070d0                rmw_uxrce_find_static_input_buffer_by_owner
 .text.rmw_uxrce_clean_expired_static_input_buffer
                0x1000712c       0xfc C:\VSARM\sdk\pico\micro_ros_raspberrypi_pico_sdk\libmicroros\libmicroros.a(librmw_microxrcedds-types.c.obj)
                0x1000712c                rmw_uxrce_clean_expired_static_input_buffer
 .text.run_xrce_session
                0x10007228       0x40 C:\VSARM\sdk\pico\micro_ros_raspberrypi_pico_sdk\libmicroros\libmicroros.a(librmw_microxrcedds-utils.c.obj)
                0x10007228                run_xrce_session
 .text.convert_qos_profile
                0x10007268       0x2c C:\VSARM\sdk\pico\micro_ros_raspberrypi_pico_sdk\libmicroros\libmicroros.a(librmw_microxrcedds-utils.c.obj)
                0x10007268                convert_qos_profile
 .text.generate_type_name
                0x10007294       0x68 C:\VSARM\sdk\pico\micro_ros_raspberrypi_pico_sdk\libmicroros\libmicroros.a(librmw_microxrcedds-utils.c.obj)
                0x10007294                generate_type_name
 .text.generate_topic_name
                0x100072fc       0x38 C:\VSARM\sdk\pico\micro_ros_raspberrypi_pico_sdk\libmicroros\libmicroros.a(librmw_microxrcedds-utils.c.obj)
                0x100072fc                generate_topic_name
 .text.is_uxrce_rmw_identifier_valid
                0x10007334       0x20 C:\VSARM\sdk\pico\micro_ros_raspberrypi_pico_sdk\libmicroros\libmicroros.a(librmw_microxrcedds-utils.c.obj)
                0x10007334                is_uxrce_rmw_identifier_valid
 .text.get_message_typesupport_handle
                0x10007354        0x8 C:\VSARM\sdk\pico\micro_ros_raspberrypi_pico_sdk\libmicroros\libmicroros.a(librosidl_runtime_c-message_type_support.c.obj)
                0x10007354                get_message_typesupport_handle
 .text.get_message_typesupport_handle_function
                0x1000735c       0x18 C:\VSARM\sdk\pico\micro_ros_raspberrypi_pico_sdk\libmicroros\libmicroros.a(librosidl_runtime_c-message_type_support.c.obj)
                0x1000735c                get_message_typesupport_handle_function
 .text.std_msgs__msg__String__init
                0x10007374       0x20 C:\VSARM\sdk\pico\micro_ros_raspberrypi_pico_sdk\libmicroros\libmicroros.a(libstd_msgs__rosidl_generator_c-string__functions.c.obj)
                0x10007374                std_msgs__msg__String__init
 .text.std_msgs__msg__String__fini
                0x10007394        0xc C:\VSARM\sdk\pico\micro_ros_raspberrypi_pico_sdk\libmicroros\libmicroros.a(libstd_msgs__rosidl_generator_c-string__functions.c.obj)
                0x10007394                std_msgs__msg__String__fini
 .text.rosidl_typesupport_c__get_message_type_support_handle__std_msgs__msg__String
                0x100073a0       0x1c C:\VSARM\sdk\pico\micro_ros_raspberrypi_pico_sdk\libmicroros\libmicroros.a(libstd_msgs__rosidl_typesupport_c-string__type_support.cpp.obj)
                0x100073a0                rosidl_typesupport_c__get_message_type_support_handle__std_msgs__msg__String
 .text.startup._GLOBAL__sub_I_rosidl_typesupport_c__get_message_type_support_handle__std_msgs__msg__String
                0x100073bc       0x14 C:\VSARM\sdk\pico\micro_ros_raspberrypi_pico_sdk\libmicroros\libmicroros.a(libstd_msgs__rosidl_typesupport_c-string__type_support.cpp.obj)
 .text.std_msgs__msg__String__rosidl_typesupport_introspection_c__String_init_function
                0x100073d0        0x8 C:\VSARM\sdk\pico\micro_ros_raspberrypi_pico_sdk\libmicroros\libmicroros.a(libstd_msgs__rosidl_typesupport_introspection_c-string__type_support.c.obj)
                0x100073d0                std_msgs__msg__String__rosidl_typesupport_introspection_c__String_init_function
 .text.std_msgs__msg__String__rosidl_typesupport_introspection_c__String_fini_function
                0x100073d8        0x8 C:\VSARM\sdk\pico\micro_ros_raspberrypi_pico_sdk\libmicroros\libmicroros.a(libstd_msgs__rosidl_typesupport_introspection_c-string__type_support.c.obj)
                0x100073d8                std_msgs__msg__String__rosidl_typesupport_introspection_c__String_fini_function
 .text.rosidl_typesupport_introspection_c__get_message_type_support_handle__std_msgs__msg__String
                0x100073e0       0x1c C:\VSARM\sdk\pico\micro_ros_raspberrypi_pico_sdk\libmicroros\libmicroros.a(libstd_msgs__rosidl_typesupport_introspection_c-string__type_support.c.obj)
                0x100073e0                rosidl_typesupport_introspection_c__get_message_type_support_handle__std_msgs__msg__String
 .text._String__max_serialized_size
                0x100073fc        0x4 C:\VSARM\sdk\pico\micro_ros_raspberrypi_pico_sdk\libmicroros\libmicroros.a(libstd_msgs__rosidl_typesupport_microxrcedds_c-string__type_support_c.c.obj)
 .text._String__cdr_serialize
                0x10007400       0x30 C:\VSARM\sdk\pico\micro_ros_raspberrypi_pico_sdk\libmicroros\libmicroros.a(libstd_msgs__rosidl_typesupport_microxrcedds_c-string__type_support_c.c.obj)
 .text.get_serialized_size_std_msgs__msg__String
                0x10007430       0x1c C:\VSARM\sdk\pico\micro_ros_raspberrypi_pico_sdk\libmicroros\libmicroros.a(libstd_msgs__rosidl_typesupport_microxrcedds_c-string__type_support_c.c.obj)
                0x10007430                get_serialized_size_std_msgs__msg__String
 .text._String__cdr_deserialize
                0x1000744c       0x54 C:\VSARM\sdk\pico\micro_ros_raspberrypi_pico_sdk\libmicroros\libmicroros.a(libstd_msgs__rosidl_typesupport_microxrcedds_c-string__type_support_c.c.obj)
 .text._String__get_serialized_size
                0x100074a0       0x1c C:\VSARM\sdk\pico\micro_ros_raspberrypi_pico_sdk\libmicroros\libmicroros.a(libstd_msgs__rosidl_typesupport_microxrcedds_c-string__type_support_c.c.obj)
 .text.rosidl_typesupport_microxrcedds_c__get_message_type_support_handle__std_msgs__msg__String
                0x100074bc        0x8 C:\VSARM\sdk\pico\micro_ros_raspberrypi_pico_sdk\libmicroros\libmicroros.a(libstd_msgs__rosidl_typesupport_microxrcedds_c-string__type_support_c.c.obj)
                0x100074bc                rosidl_typesupport_microxrcedds_c__get_message_type_support_handle__std_msgs__msg__String
 .text.ucdr_check_buffer_available_for
                0x100074c4       0x1c C:\VSARM\sdk\pico\micro_ros_raspberrypi_pico_sdk\libmicroros\libmicroros.a(libmicrocdr-common.c.obj)
                0x100074c4                ucdr_check_buffer_available_for
 .text.ucdr_check_final_buffer_behavior
                0x100074e0       0x38 C:\VSARM\sdk\pico\micro_ros_raspberrypi_pico_sdk\libmicroros\libmicroros.a(libmicrocdr-common.c.obj)
                0x100074e0                ucdr_check_final_buffer_behavior
 .text.ucdr_set_on_full_buffer_callback
                0x10007518        0x8 C:\VSARM\sdk\pico\micro_ros_raspberrypi_pico_sdk\libmicroros\libmicroros.a(libmicrocdr-common.c.obj)
                0x10007518                ucdr_set_on_full_buffer_callback
 .text.ucdr_init_buffer_origin_offset_endian
                0x10007520       0x28 C:\VSARM\sdk\pico\micro_ros_raspberrypi_pico_sdk\libmicroros\libmicroros.a(libmicrocdr-common.c.obj)
                0x10007520                ucdr_init_buffer_origin_offset_endian
 .text.ucdr_init_buffer_origin_offset
                0x10007548       0x14 C:\VSARM\sdk\pico\micro_ros_raspberrypi_pico_sdk\libmicroros\libmicroros.a(libmicrocdr-common.c.obj)
                0x10007548                ucdr_init_buffer_origin_offset
 .text.ucdr_init_buffer_origin
                0x1000755c       0x10 C:\VSARM\sdk\pico\micro_ros_raspberrypi_pico_sdk\libmicroros\libmicroros.a(libmicrocdr-common.c.obj)
                0x1000755c                ucdr_init_buffer_origin
 .text.ucdr_init_buffer
                0x1000756c        0xc C:\VSARM\sdk\pico\micro_ros_raspberrypi_pico_sdk\libmicroros\libmicroros.a(libmicrocdr-common.c.obj)
                0x1000756c                ucdr_init_buffer
 .text.ucdr_alignment
                0x10007578       0x10 C:\VSARM\sdk\pico\micro_ros_raspberrypi_pico_sdk\libmicroros\libmicroros.a(libmicrocdr-common.c.obj)
                0x10007578                ucdr_alignment
 .text.ucdr_buffer_alignment
                0x10007588       0x1c C:\VSARM\sdk\pico\micro_ros_raspberrypi_pico_sdk\libmicroros\libmicroros.a(libmicrocdr-common.c.obj)
                0x10007588                ucdr_buffer_alignment
 .text.ucdr_align_to
                0x100075a4       0x24 C:\VSARM\sdk\pico\micro_ros_raspberrypi_pico_sdk\libmicroros\libmicroros.a(libmicrocdr-common.c.obj)
                0x100075a4                ucdr_align_to
 .text.ucdr_buffer_length
                0x100075c8        0x8 C:\VSARM\sdk\pico\micro_ros_raspberrypi_pico_sdk\libmicroros\libmicroros.a(libmicrocdr-common.c.obj)
                0x100075c8                ucdr_buffer_length
 .text.ucdr_buffer_remaining
                0x100075d0        0x8 C:\VSARM\sdk\pico\micro_ros_raspberrypi_pico_sdk\libmicroros\libmicroros.a(libmicrocdr-common.c.obj)
                0x100075d0                ucdr_buffer_remaining
 .text.ucdr_check_final_buffer_behavior_array
                0x100075d8       0x44 C:\VSARM\sdk\pico\micro_ros_raspberrypi_pico_sdk\libmicroros\libmicroros.a(libmicrocdr-common.c.obj)
                0x100075d8                ucdr_check_final_buffer_behavior_array
 .text.ucdr_advance_buffer
                0x1000761c       0x44 C:\VSARM\sdk\pico\micro_ros_raspberrypi_pico_sdk\libmicroros\libmicroros.a(libmicrocdr-common.c.obj)
                0x1000761c                ucdr_advance_buffer
 .text.ucdr_serialize_sequence_char
                0x10007660       0x24 C:\VSARM\sdk\pico\micro_ros_raspberrypi_pico_sdk\libmicroros\libmicroros.a(libmicrocdr-sequence.c.obj)
                0x10007660                ucdr_serialize_sequence_char
 .text.ucdr_deserialize_sequence_char
                0x10007684       0x30 C:\VSARM\sdk\pico\micro_ros_raspberrypi_pico_sdk\libmicroros\libmicroros.a(libmicrocdr-sequence.c.obj)
                0x10007684                ucdr_deserialize_sequence_char
 .text.ucdr_serialize_sequence_uint8_t
                0x100076b4       0x24 C:\VSARM\sdk\pico\micro_ros_raspberrypi_pico_sdk\libmicroros\libmicroros.a(libmicrocdr-sequence.c.obj)
                0x100076b4                ucdr_serialize_sequence_uint8_t
 .text.ucdr_deserialize_sequence_uint8_t
                0x100076d8       0x30 C:\VSARM\sdk\pico\micro_ros_raspberrypi_pico_sdk\libmicroros\libmicroros.a(libmicrocdr-sequence.c.obj)
                0x100076d8                ucdr_deserialize_sequence_uint8_t
 .text.uxr_buffer_delete_entity
                0x10007708       0x40 C:\VSARM\sdk\pico\micro_ros_raspberrypi_pico_sdk\libmicroros\libmicroros.a(libmicroxrcedds_client-common_create_entities.c.obj)
                0x10007708                uxr_buffer_delete_entity
 .text.uxr_common_create_entity
                0x10007748       0x54 C:\VSARM\sdk\pico\micro_ros_raspberrypi_pico_sdk\libmicroros\libmicroros.a(libmicroxrcedds_client-common_create_entities.c.obj)
                0x10007748                uxr_common_create_entity
 .text.uxr_buffer_create_participant_bin
                0x1000779c       0x68 C:\VSARM\sdk\pico\micro_ros_raspberrypi_pico_sdk\libmicroros\libmicroros.a(libmicroxrcedds_client-create_entities_bin.c.obj)
                0x1000779c                uxr_buffer_create_participant_bin
 .text.uxr_buffer_create_topic_bin
                0x10007804       0x70 C:\VSARM\sdk\pico\micro_ros_raspberrypi_pico_sdk\libmicroros\libmicroros.a(libmicroxrcedds_client-create_entities_bin.c.obj)
                0x10007804                uxr_buffer_create_topic_bin
 .text.uxr_buffer_create_publisher_bin
                0x10007874       0x70 C:\VSARM\sdk\pico\micro_ros_raspberrypi_pico_sdk\libmicroros\libmicroros.a(libmicroxrcedds_client-create_entities_bin.c.obj)
                0x10007874                uxr_buffer_create_publisher_bin
 .text.uxr_buffer_create_datawriter_bin
                0x100078e4      0x100 C:\VSARM\sdk\pico\micro_ros_raspberrypi_pico_sdk\libmicroros\libmicroros.a(libmicroxrcedds_client-create_entities_bin.c.obj)
                0x100078e4                uxr_buffer_create_datawriter_bin
 .text.uxr_object_id
                0x100079e4       0x10 C:\VSARM\sdk\pico\micro_ros_raspberrypi_pico_sdk\libmicroros\libmicroros.a(libmicroxrcedds_client-object_id.c.obj)
                0x100079e4                uxr_object_id
 .text.uxr_object_id_from_raw
                0x100079f4       0x20 C:\VSARM\sdk\pico\micro_ros_raspberrypi_pico_sdk\libmicroros\libmicroros.a(libmicroxrcedds_client-object_id.c.obj)
                0x100079f4                uxr_object_id_from_raw
 .text.uxr_object_id_to_raw
                0x10007a14       0x18 C:\VSARM\sdk\pico\micro_ros_raspberrypi_pico_sdk\libmicroros\libmicroros.a(libmicroxrcedds_client-object_id.c.obj)
                0x10007a14                uxr_object_id_to_raw
 .text.uxr_buffer_cancel_data
                0x10007a2c       0x54 C:\VSARM\sdk\pico\micro_ros_raspberrypi_pico_sdk\libmicroros\libmicroros.a(libmicroxrcedds_client-read_access.c.obj)
                0x10007a2c                uxr_buffer_cancel_data
 .text.read_submessage_format
                0x10007a80      0x1a8 C:\VSARM\sdk\pico\micro_ros_raspberrypi_pico_sdk\libmicroros\libmicroros.a(libmicroxrcedds_client-read_access.c.obj)
                0x10007a80                read_submessage_format
 .text.on_get_fragmentation_info
                0x10007c28       0x38 C:\VSARM\sdk\pico\micro_ros_raspberrypi_pico_sdk\libmicroros\libmicroros.a(libmicroxrcedds_client-session.c.obj)
 .text.read_submessage_get_info
                0x10007c60       0x74 C:\VSARM\sdk\pico\micro_ros_raspberrypi_pico_sdk\libmicroros\libmicroros.a(libmicroxrcedds_client-session.c.obj)
 .text.write_submessage_acknack.isra.0
                0x10007cd4       0x6c C:\VSARM\sdk\pico\micro_ros_raspberrypi_pico_sdk\libmicroros\libmicroros.a(libmicroxrcedds_client-session.c.obj)
 .text.uxr_init_session
                0x10007d40       0x48 C:\VSARM\sdk\pico\micro_ros_raspberrypi_pico_sdk\libmicroros\libmicroros.a(libmicroxrcedds_client-session.c.obj)
                0x10007d40                uxr_init_session
 .text.uxr_set_status_callback
                0x10007d88        0xc C:\VSARM\sdk\pico\micro_ros_raspberrypi_pico_sdk\libmicroros\libmicroros.a(libmicroxrcedds_client-session.c.obj)
                0x10007d88                uxr_set_status_callback
 .text.uxr_set_topic_callback
                0x10007d94        0xc C:\VSARM\sdk\pico\micro_ros_raspberrypi_pico_sdk\libmicroros\libmicroros.a(libmicroxrcedds_client-session.c.obj)
                0x10007d94                uxr_set_topic_callback
 .text.uxr_set_request_callback
                0x10007da0        0xc C:\VSARM\sdk\pico\micro_ros_raspberrypi_pico_sdk\libmicroros\libmicroros.a(libmicroxrcedds_client-session.c.obj)
                0x10007da0                uxr_set_request_callback
 .text.uxr_set_reply_callback
                0x10007dac        0xc C:\VSARM\sdk\pico\micro_ros_raspberrypi_pico_sdk\libmicroros\libmicroros.a(libmicroxrcedds_client-session.c.obj)
                0x10007dac                uxr_set_reply_callback
 .text.uxr_create_output_best_effort_stream
                0x10007db8       0x3c C:\VSARM\sdk\pico\micro_ros_raspberrypi_pico_sdk\libmicroros\libmicroros.a(libmicroxrcedds_client-session.c.obj)
                0x10007db8                uxr_create_output_best_effort_stream
 .text.uxr_create_output_reliable_stream
                0x10007df4       0x40 C:\VSARM\sdk\pico\micro_ros_raspberrypi_pico_sdk\libmicroros\libmicroros.a(libmicroxrcedds_client-session.c.obj)
                0x10007df4                uxr_create_output_reliable_stream
 .text.uxr_create_input_best_effort_stream
                0x10007e34       0x2c C:\VSARM\sdk\pico\micro_ros_raspberrypi_pico_sdk\libmicroros\libmicroros.a(libmicroxrcedds_client-session.c.obj)
                0x10007e34                uxr_create_input_best_effort_stream
 .text.uxr_create_input_reliable_stream
                0x10007e60       0x34 C:\VSARM\sdk\pico\micro_ros_raspberrypi_pico_sdk\libmicroros\libmicroros.a(libmicroxrcedds_client-session.c.obj)
                0x10007e60                uxr_create_input_reliable_stream
 .text.uxr_epoch_nanos
                0x10007e94       0x14 C:\VSARM\sdk\pico\micro_ros_raspberrypi_pico_sdk\libmicroros\libmicroros.a(libmicroxrcedds_client-session.c.obj)
                0x10007e94                uxr_epoch_nanos
 .text.uxr_flash_output_streams
                0x10007ea8       0xf4 C:\VSARM\sdk\pico\micro_ros_raspberrypi_pico_sdk\libmicroros\libmicroros.a(libmicroxrcedds_client-session.c.obj)
                0x10007ea8                uxr_flash_output_streams
 .text.read_submessage_info
                0x10007f9c       0xa8 C:\VSARM\sdk\pico\micro_ros_raspberrypi_pico_sdk\libmicroros\libmicroros.a(libmicroxrcedds_client-session.c.obj)
                0x10007f9c                read_submessage_info
 .text.read_submessage_list
                0x10008044      0x3f8 C:\VSARM\sdk\pico\micro_ros_raspberrypi_pico_sdk\libmicroros\libmicroros.a(libmicroxrcedds_client-session.c.obj)
 .text.listen_message_reliably
                0x1000843c      0x2a0 C:\VSARM\sdk\pico\micro_ros_raspberrypi_pico_sdk\libmicroros\libmicroros.a(libmicroxrcedds_client-session.c.obj)
 .text.uxr_run_session_timeout
                0x100086dc       0x30 C:\VSARM\sdk\pico\micro_ros_raspberrypi_pico_sdk\libmicroros\libmicroros.a(libmicroxrcedds_client-session.c.obj)
                0x100086dc                uxr_run_session_timeout
 .text.uxr_run_session_until_data
                0x1000870c       0x3c C:\VSARM\sdk\pico\micro_ros_raspberrypi_pico_sdk\libmicroros\libmicroros.a(libmicroxrcedds_client-session.c.obj)
                0x1000870c                uxr_run_session_until_data
 .text.uxr_run_session_until_confirm_delivery
                0x10008748       0x4c C:\VSARM\sdk\pico\micro_ros_raspberrypi_pico_sdk\libmicroros\libmicroros.a(libmicroxrcedds_client-session.c.obj)
                0x10008748                uxr_run_session_until_confirm_delivery
 .text.uxr_run_session_until_all_status
                0x10008794       0xb0 C:\VSARM\sdk\pico\micro_ros_raspberrypi_pico_sdk\libmicroros\libmicroros.a(libmicroxrcedds_client-session.c.obj)
                0x10008794                uxr_run_session_until_all_status
 .text.wait_session_status
                0x10008844      0x1c4 C:\VSARM\sdk\pico\micro_ros_raspberrypi_pico_sdk\libmicroros\libmicroros.a(libmicroxrcedds_client-session.c.obj)
 .text.uxr_delete_session_retries
                0x10008a08       0x50 C:\VSARM\sdk\pico\micro_ros_raspberrypi_pico_sdk\libmicroros\libmicroros.a(libmicroxrcedds_client-session.c.obj)
                0x10008a08                uxr_delete_session_retries
 .text.uxr_create_session
                0x10008a58      0x1f4 C:\VSARM\sdk\pico\micro_ros_raspberrypi_pico_sdk\libmicroros\libmicroros.a(libmicroxrcedds_client-session.c.obj)
                0x10008a58                uxr_create_session
 .text.uxr_prepare_stream_to_write_submessage
                0x10008c4c       0x94 C:\VSARM\sdk\pico\micro_ros_raspberrypi_pico_sdk\libmicroros\libmicroros.a(libmicroxrcedds_client-session.c.obj)
                0x10008c4c                uxr_prepare_stream_to_write_submessage
 .text.uxr_init_session_info
                0x10008ce0       0x20 C:\VSARM\sdk\pico\micro_ros_raspberrypi_pico_sdk\libmicroros\libmicroros.a(libmicroxrcedds_client-session_info.c.obj)
                0x10008ce0                uxr_init_session_info
 .text.uxr_buffer_create_session
                0x10008d00       0x58 C:\VSARM\sdk\pico\micro_ros_raspberrypi_pico_sdk\libmicroros\libmicroros.a(libmicroxrcedds_client-session_info.c.obj)
                0x10008d00                uxr_buffer_create_session
 .text.uxr_buffer_delete_session
                0x10008d58       0x34 C:\VSARM\sdk\pico\micro_ros_raspberrypi_pico_sdk\libmicroros\libmicroros.a(libmicroxrcedds_client-session_info.c.obj)
                0x10008d58                uxr_buffer_delete_session
 .text.uxr_read_create_session_status
                0x10008d8c       0x18 C:\VSARM\sdk\pico\micro_ros_raspberrypi_pico_sdk\libmicroros\libmicroros.a(libmicroxrcedds_client-session_info.c.obj)
                0x10008d8c                uxr_read_create_session_status
 .text.uxr_read_delete_session_status
                0x10008da4       0x38 C:\VSARM\sdk\pico\micro_ros_raspberrypi_pico_sdk\libmicroros\libmicroros.a(libmicroxrcedds_client-session_info.c.obj)
                0x10008da4                uxr_read_delete_session_status
 .text.uxr_stamp_create_session_header
                0x10008ddc       0x28 C:\VSARM\sdk\pico\micro_ros_raspberrypi_pico_sdk\libmicroros\libmicroros.a(libmicroxrcedds_client-session_info.c.obj)
                0x10008ddc                uxr_stamp_create_session_header
 .text.uxr_stamp_session_header
                0x10008e04       0x28 C:\VSARM\sdk\pico\micro_ros_raspberrypi_pico_sdk\libmicroros\libmicroros.a(libmicroxrcedds_client-session_info.c.obj)
                0x10008e04                uxr_stamp_session_header
 .text.uxr_read_session_header
                0x10008e2c       0x90 C:\VSARM\sdk\pico\micro_ros_raspberrypi_pico_sdk\libmicroros\libmicroros.a(libmicroxrcedds_client-session_info.c.obj)
                0x10008e2c                uxr_read_session_header
 .text.uxr_session_header_offset
                0x10008ebc        0xc C:\VSARM\sdk\pico\micro_ros_raspberrypi_pico_sdk\libmicroros\libmicroros.a(libmicroxrcedds_client-session_info.c.obj)
                0x10008ebc                uxr_session_header_offset
 .text.uxr_init_base_object_request
                0x10008ec8       0x3c C:\VSARM\sdk\pico\micro_ros_raspberrypi_pico_sdk\libmicroros\libmicroros.a(libmicroxrcedds_client-session_info.c.obj)
                0x10008ec8                uxr_init_base_object_request
 .text.uxr_parse_base_object_request
                0x10008f04       0x20 C:\VSARM\sdk\pico\micro_ros_raspberrypi_pico_sdk\libmicroros\libmicroros.a(libmicroxrcedds_client-session_info.c.obj)
                0x10008f04                uxr_parse_base_object_request
 .text.uxr_stream_id
                0x10008f24       0x4c C:\VSARM\sdk\pico\micro_ros_raspberrypi_pico_sdk\libmicroros\libmicroros.a(libmicroxrcedds_client-stream_id.c.obj)
                0x10008f24                uxr_stream_id
 .text.uxr_stream_id_from_raw
                0x10008f70       0x58 C:\VSARM\sdk\pico\micro_ros_raspberrypi_pico_sdk\libmicroros\libmicroros.a(libmicroxrcedds_client-stream_id.c.obj)
                0x10008f70                uxr_stream_id_from_raw
 .text.uxr_init_stream_storage
                0x10008fc8       0x14 C:\VSARM\sdk\pico\micro_ros_raspberrypi_pico_sdk\libmicroros\libmicroros.a(libmicroxrcedds_client-stream_storage.c.obj)
                0x10008fc8                uxr_init_stream_storage
 .text.uxr_reset_stream_storage
                0x10008fdc       0x80 C:\VSARM\sdk\pico\micro_ros_raspberrypi_pico_sdk\libmicroros\libmicroros.a(libmicroxrcedds_client-stream_storage.c.obj)
                0x10008fdc                uxr_reset_stream_storage
 .text.uxr_add_output_best_effort_buffer
                0x1000905c       0x3c C:\VSARM\sdk\pico\micro_ros_raspberrypi_pico_sdk\libmicroros\libmicroros.a(libmicroxrcedds_client-stream_storage.c.obj)
                0x1000905c                uxr_add_output_best_effort_buffer
 .text.uxr_add_output_reliable_buffer
                0x10009098       0x4c C:\VSARM\sdk\pico\micro_ros_raspberrypi_pico_sdk\libmicroros\libmicroros.a(libmicroxrcedds_client-stream_storage.c.obj)
                0x10009098                uxr_add_output_reliable_buffer
 .text.uxr_add_input_best_effort_buffer
                0x100090e4       0x44 C:\VSARM\sdk\pico\micro_ros_raspberrypi_pico_sdk\libmicroros\libmicroros.a(libmicroxrcedds_client-stream_storage.c.obj)
                0x100090e4                uxr_add_input_best_effort_buffer
 .text.uxr_add_input_reliable_buffer
                0x10009128       0x48 C:\VSARM\sdk\pico\micro_ros_raspberrypi_pico_sdk\libmicroros\libmicroros.a(libmicroxrcedds_client-stream_storage.c.obj)
                0x10009128                uxr_add_input_reliable_buffer
 .text.uxr_get_output_best_effort_stream
                0x10009170       0x10 C:\VSARM\sdk\pico\micro_ros_raspberrypi_pico_sdk\libmicroros\libmicroros.a(libmicroxrcedds_client-stream_storage.c.obj)
                0x10009170                uxr_get_output_best_effort_stream
 .text.uxr_get_output_reliable_stream
                0x10009180       0x1c C:\VSARM\sdk\pico\micro_ros_raspberrypi_pico_sdk\libmicroros\libmicroros.a(libmicroxrcedds_client-stream_storage.c.obj)
                0x10009180                uxr_get_output_reliable_stream
 .text.uxr_get_input_best_effort_stream
                0x1000919c       0x14 C:\VSARM\sdk\pico\micro_ros_raspberrypi_pico_sdk\libmicroros\libmicroros.a(libmicroxrcedds_client-stream_storage.c.obj)
                0x1000919c                uxr_get_input_best_effort_stream
 .text.uxr_get_input_reliable_stream
                0x100091b0       0x1c C:\VSARM\sdk\pico\micro_ros_raspberrypi_pico_sdk\libmicroros\libmicroros.a(libmicroxrcedds_client-stream_storage.c.obj)
                0x100091b0                uxr_get_input_reliable_stream
 .text.uxr_output_streams_confirmed
                0x100091cc       0x30 C:\VSARM\sdk\pico\micro_ros_raspberrypi_pico_sdk\libmicroros\libmicroros.a(libmicroxrcedds_client-stream_storage.c.obj)
                0x100091cc                uxr_output_streams_confirmed
 .text.uxr_buffer_submessage_header
                0x100091fc       0x34 C:\VSARM\sdk\pico\micro_ros_raspberrypi_pico_sdk\libmicroros\libmicroros.a(libmicroxrcedds_client-submessage.c.obj)
                0x100091fc                uxr_buffer_submessage_header
 .text.uxr_read_submessage_header
                0x10009230       0x4c C:\VSARM\sdk\pico\micro_ros_raspberrypi_pico_sdk\libmicroros\libmicroros.a(libmicroxrcedds_client-submessage.c.obj)
                0x10009230                uxr_read_submessage_header
 .text.uxr_submessage_padding
                0x1000927c       0x14 C:\VSARM\sdk\pico\micro_ros_raspberrypi_pico_sdk\libmicroros\libmicroros.a(libmicroxrcedds_client-submessage.c.obj)
                0x1000927c                uxr_submessage_padding
 .text.uxr_millis
                0x10009290       0x38 C:\VSARM\sdk\pico\micro_ros_raspberrypi_pico_sdk\libmicroros\libmicroros.a(libmicroxrcedds_client-time.c.obj)
                0x10009290                uxr_millis
 .text.uxr_nanos
                0x100092c8       0x2c C:\VSARM\sdk\pico\micro_ros_raspberrypi_pico_sdk\libmicroros\libmicroros.a(libmicroxrcedds_client-time.c.obj)
                0x100092c8                uxr_nanos
 .text.on_full_output_buffer_fragmented
                0x100092f4      0x12c C:\VSARM\sdk\pico\micro_ros_raspberrypi_pico_sdk\libmicroros\libmicroros.a(libmicroxrcedds_client-write_access.c.obj)
                0x100092f4                on_full_output_buffer_fragmented
 .text.uxr_prepare_output_stream
                0x10009420       0x68 C:\VSARM\sdk\pico\micro_ros_raspberrypi_pico_sdk\libmicroros\libmicroros.a(libmicroxrcedds_client-write_access.c.obj)
                0x10009420                uxr_prepare_output_stream
 .text.uxr_prepare_output_stream_fragmented
                0x10009488      0x1dc C:\VSARM\sdk\pico\micro_ros_raspberrypi_pico_sdk\libmicroros\libmicroros.a(libmicroxrcedds_client-write_access.c.obj)
                0x10009488                uxr_prepare_output_stream_fragmented
 .text.uxr_serialize_message_header
                0x10009664       0x34 C:\VSARM\sdk\pico\micro_ros_raspberrypi_pico_sdk\libmicroros\libmicroros.a(libmicroxrcedds_client-xrce_header.c.obj)
                0x10009664                uxr_serialize_message_header
 .text.uxr_deserialize_message_header
                0x10009698       0x34 C:\VSARM\sdk\pico\micro_ros_raspberrypi_pico_sdk\libmicroros\libmicroros.a(libmicroxrcedds_client-xrce_header.c.obj)
                0x10009698                uxr_deserialize_message_header
 .text.uxr_serialize_submessage_header
                0x100096cc       0x20 C:\VSARM\sdk\pico\micro_ros_raspberrypi_pico_sdk\libmicroros\libmicroros.a(libmicroxrcedds_client-xrce_subheader.c.obj)
                0x100096cc                uxr_serialize_submessage_header
 .text.uxr_deserialize_submessage_header
                0x100096ec       0x20 C:\VSARM\sdk\pico\micro_ros_raspberrypi_pico_sdk\libmicroros\libmicroros.a(libmicroxrcedds_client-xrce_subheader.c.obj)
                0x100096ec                uxr_deserialize_submessage_header
 .text.uxr_serialize_CLIENT_Representation
                0x1000970c       0xbc C:\VSARM\sdk\pico\micro_ros_raspberrypi_pico_sdk\libmicroros\libmicroros.a(libmicroxrcedds_client-xrce_types.c.obj)
                0x1000970c                uxr_serialize_CLIENT_Representation
 .text.uxr_deserialize_CLIENT_Representation
                0x100097c8       0xd0 C:\VSARM\sdk\pico\micro_ros_raspberrypi_pico_sdk\libmicroros\libmicroros.a(libmicroxrcedds_client-xrce_types.c.obj)
                0x100097c8                uxr_deserialize_CLIENT_Representation
 .text.uxr_serialize_AGENT_Representation
                0x10009898       0x98 C:\VSARM\sdk\pico\micro_ros_raspberrypi_pico_sdk\libmicroros\libmicroros.a(libmicroxrcedds_client-xrce_types.c.obj)
                0x10009898                uxr_serialize_AGENT_Representation
 .text.uxr_serialize_DATAWRITER_Representation
                0x10009930       0x50 C:\VSARM\sdk\pico\micro_ros_raspberrypi_pico_sdk\libmicroros\libmicroros.a(libmicroxrcedds_client-xrce_types.c.obj)
                0x10009930                uxr_serialize_DATAWRITER_Representation
 .text.uxr_serialize_ObjectVariant.part.0
                0x10009980       0xe0 C:\VSARM\sdk\pico\micro_ros_raspberrypi_pico_sdk\libmicroros\libmicroros.a(libmicroxrcedds_client-xrce_types.c.obj)
 .text.uxr_deserialize_DATAWRITER_Representation
                0x10009a60       0x54 C:\VSARM\sdk\pico\micro_ros_raspberrypi_pico_sdk\libmicroros\libmicroros.a(libmicroxrcedds_client-xrce_types.c.obj)
                0x10009a60                uxr_deserialize_DATAWRITER_Representation
 .text.uxr_serialize_OBJK_DomainParticipant_Binary
                0x10009ab4       0x44 C:\VSARM\sdk\pico\micro_ros_raspberrypi_pico_sdk\libmicroros\libmicroros.a(libmicroxrcedds_client-xrce_types.c.obj)
                0x10009ab4                uxr_serialize_OBJK_DomainParticipant_Binary
 .text.uxr_serialize_OBJK_Topic_Binary
                0x10009af8       0x5c C:\VSARM\sdk\pico\micro_ros_raspberrypi_pico_sdk\libmicroros\libmicroros.a(libmicroxrcedds_client-xrce_types.c.obj)
                0x10009af8                uxr_serialize_OBJK_Topic_Binary
 .text.uxr_serialize_OBJK_Publisher_Binary_Qos
                0x10009b54      0x130 C:\VSARM\sdk\pico\micro_ros_raspberrypi_pico_sdk\libmicroros\libmicroros.a(libmicroxrcedds_client-xrce_types.c.obj)
                0x10009b54                uxr_serialize_OBJK_Publisher_Binary_Qos
 .text.uxr_serialize_OBJK_Publisher_Binary
                0x10009c84       0x48 C:\VSARM\sdk\pico\micro_ros_raspberrypi_pico_sdk\libmicroros\libmicroros.a(libmicroxrcedds_client-xrce_types.c.obj)
                0x10009c84                uxr_serialize_OBJK_Publisher_Binary
 .text.uxr_serialize_OBJK_Endpoint_QosBinary
                0x10009ccc       0xb8 C:\VSARM\sdk\pico\micro_ros_raspberrypi_pico_sdk\libmicroros\libmicroros.a(libmicroxrcedds_client-xrce_types.c.obj)
                0x10009ccc                uxr_serialize_OBJK_Endpoint_QosBinary
 .text.uxr_serialize_OBJK_DataWriter_Binary
                0x10009d84       0x64 C:\VSARM\sdk\pico\micro_ros_raspberrypi_pico_sdk\libmicroros\libmicroros.a(libmicroxrcedds_client-xrce_types.c.obj)
                0x10009d84                uxr_serialize_OBJK_DataWriter_Binary
 .text.uxr_deserialize_ObjectVariant
                0x10009de8      0x13c C:\VSARM\sdk\pico\micro_ros_raspberrypi_pico_sdk\libmicroros\libmicroros.a(libmicroxrcedds_client-xrce_types.c.obj)
                0x10009de8                uxr_deserialize_ObjectVariant
 .text.uxr_deserialize_BaseObjectRequest
                0x10009f24       0x20 C:\VSARM\sdk\pico\micro_ros_raspberrypi_pico_sdk\libmicroros\libmicroros.a(libmicroxrcedds_client-xrce_types.c.obj)
                0x10009f24                uxr_deserialize_BaseObjectRequest
 .text.uxr_serialize_ActivityInfoVariant
                0x10009f44      0x174 C:\VSARM\sdk\pico\micro_ros_raspberrypi_pico_sdk\libmicroros\libmicroros.a(libmicroxrcedds_client-xrce_types.c.obj)
                0x10009f44                uxr_serialize_ActivityInfoVariant
 .text.uxr_deserialize_BaseObjectReply
                0x1000a0b8       0x40 C:\VSARM\sdk\pico\micro_ros_raspberrypi_pico_sdk\libmicroros\libmicroros.a(libmicroxrcedds_client-xrce_types.c.obj)
                0x1000a0b8                uxr_deserialize_BaseObjectReply
 .text.uxr_serialize_ReadSpecification
                0x1000a0f8       0x98 C:\VSARM\sdk\pico\micro_ros_raspberrypi_pico_sdk\libmicroros\libmicroros.a(libmicroxrcedds_client-xrce_types.c.obj)
                0x1000a0f8                uxr_serialize_ReadSpecification
 .text.uxr_serialize_CREATE_CLIENT_Payload
                0x1000a190        0x8 C:\VSARM\sdk\pico\micro_ros_raspberrypi_pico_sdk\libmicroros\libmicroros.a(libmicroxrcedds_client-xrce_types.c.obj)
                0x1000a190                uxr_serialize_CREATE_CLIENT_Payload
 .text.uxr_serialize_CREATE_Payload
                0x1000a198      0x11c C:\VSARM\sdk\pico\micro_ros_raspberrypi_pico_sdk\libmicroros\libmicroros.a(libmicroxrcedds_client-xrce_types.c.obj)
                0x1000a198                uxr_serialize_CREATE_Payload
 .text.uxr_deserialize_GET_INFO_Payload
                0x1000a2b4       0x28 C:\VSARM\sdk\pico\micro_ros_raspberrypi_pico_sdk\libmicroros\libmicroros.a(libmicroxrcedds_client-xrce_types.c.obj)
                0x1000a2b4                uxr_deserialize_GET_INFO_Payload
 .text.uxr_serialize_DELETE_Payload