Archive member included to satisfy reference by file (symbol)

lib\Helper_lib\libhelpers_lib.a(Helpers.c++.obj)
                              CMakeFiles/ROS_Robot_ENC_TEST_MOTOR_PID.dir/Enc_Systest_Motor_PID.c++.obj (_Z8init_pinji)
lib\PID_lib\libpid_v1_lib.a(PID_v1.c++.obj)
                              CMakeFiles/ROS_Robot_ENC_TEST_MOTOR_PID.dir/Enc_Systest_Motor_PID.c++.obj (_ZN3PID7ComputeEv)
c:/vsarm/armcc/112202~1.02/bin/../lib/gcc/arm-none-eabi/11.2.1/thumb/v6-m/nofp\libgcc.a(_dvmd_tls.o)
                              CMakeFiles/ROS_Robot_ENC_TEST_MOTOR_PID.dir/C_/VSARM/sdk/pico/pico-sdk/src/rp2_common/pico_divider/divider.S.obj (__aeabi_idiv0)
c:/vsarm/armcc/112202~1.02/bin/../lib/gcc/arm-none-eabi/11.2.1/thumb/v6-m/nofp\libg.a(lib_a-calloc.o)
                              CMakeFiles/ROS_Robot_ENC_TEST_MOTOR_PID.dir/C_/VSARM/sdk/pico/pico-sdk/src/rp2_common/pico_malloc/pico_malloc.c.obj (calloc)
c:/vsarm/armcc/112202~1.02/bin/../lib/gcc/arm-none-eabi/11.2.1/thumb/v6-m/nofp\libg.a(lib_a-callocr.o)
                              c:/vsarm/armcc/112202~1.02/bin/../lib/gcc/arm-none-eabi/11.2.1/thumb/v6-m/nofp\libg.a(lib_a-calloc.o) (_calloc_r)
c:/vsarm/armcc/112202~1.02/bin/../lib/gcc/arm-none-eabi/11.2.1/thumb/v6-m/nofp\libg.a(lib_a-ctype_.o)
                              CMakeFiles/ROS_Robot_ENC_TEST_MOTOR_PID.dir/C_/VSARM/sdk/pico/pico-sdk/lib/tinyusb/src/tusb.c.obj (_ctype_)
c:/vsarm/armcc/112202~1.02/bin/../lib/gcc/arm-none-eabi/11.2.1/thumb/v6-m/nofp\libg.a(lib_a-errno.o)
                              c:/vsarm/armcc/112202~1.02/bin/../lib/gcc/arm-none-eabi/11.2.1/thumb/v6-m/nofp\libg.a(lib_a-callocr.o) (__errno)
c:/vsarm/armcc/112202~1.02/bin/../lib/gcc/arm-none-eabi/11.2.1/thumb/v6-m/nofp\libg.a(lib_a-impure.o)
                              c:/vsarm/armcc/112202~1.02/bin/../lib/gcc/arm-none-eabi/11.2.1/thumb/v6-m/nofp\libg.a(lib_a-calloc.o) (_impure_ptr)
c:/vsarm/armcc/112202~1.02/bin/../lib/gcc/arm-none-eabi/11.2.1/thumb/v6-m/nofp\libg.a(lib_a-init.o)
                              c:/vsarm/armcc/112202~1.02/bin/../lib/gcc/arm-none-eabi/11.2.1/thumb/v6-m/nofp/crt0.o (__libc_init_array)
c:/vsarm/armcc/112202~1.02/bin/../lib/gcc/arm-none-eabi/11.2.1/thumb/v6-m/nofp\libg.a(lib_a-malloc.o)
                              CMakeFiles/ROS_Robot_ENC_TEST_MOTOR_PID.dir/C_/VSARM/sdk/pico/pico-sdk/src/rp2_common/pico_malloc/pico_malloc.c.obj (malloc)
c:/vsarm/armcc/112202~1.02/bin/../lib/gcc/arm-none-eabi/11.2.1/thumb/v6-m/nofp\libg.a(lib_a-mallocr.o)
                              c:/vsarm/armcc/112202~1.02/bin/../lib/gcc/arm-none-eabi/11.2.1/thumb/v6-m/nofp\libg.a(lib_a-callocr.o) (_malloc_r)
c:/vsarm/armcc/112202~1.02/bin/../lib/gcc/arm-none-eabi/11.2.1/thumb/v6-m/nofp\libg.a(lib_a-mlock.o)
                              c:/vsarm/armcc/112202~1.02/bin/../lib/gcc/arm-none-eabi/11.2.1/thumb/v6-m/nofp\libg.a(lib_a-mallocr.o) (__malloc_lock)
c:/vsarm/armcc/112202~1.02/bin/../lib/gcc/arm-none-eabi/11.2.1/thumb/v6-m/nofp\libg.a(lib_a-realloc.o)
                              CMakeFiles/ROS_Robot_ENC_TEST_MOTOR_PID.dir/C_/VSARM/sdk/pico/pico-sdk/src/rp2_common/pico_malloc/pico_malloc.c.obj (realloc)
c:/vsarm/armcc/112202~1.02/bin/../lib/gcc/arm-none-eabi/11.2.1/thumb/v6-m/nofp\libg.a(lib_a-reallocr.o)
                              c:/vsarm/armcc/112202~1.02/bin/../lib/gcc/arm-none-eabi/11.2.1/thumb/v6-m/nofp\libg.a(lib_a-realloc.o) (_realloc_r)
c:/vsarm/armcc/112202~1.02/bin/../lib/gcc/arm-none-eabi/11.2.1/thumb/v6-m/nofp\libg.a(lib_a-sbrkr.o)
                              c:/vsarm/armcc/112202~1.02/bin/../lib/gcc/arm-none-eabi/11.2.1/thumb/v6-m/nofp\libg.a(lib_a-mallocr.o) (_sbrk_r)
c:/vsarm/armcc/112202~1.02/bin/../lib/gcc/arm-none-eabi/11.2.1/thumb/v6-m/nofp\libg.a(lib_a-scanf.o)
                              CMakeFiles/ROS_Robot_ENC_TEST_MOTOR_PID.dir/Enc_Systest_Motor_PID.c++.obj (scanf)
c:/vsarm/armcc/112202~1.02/bin/../lib/gcc/arm-none-eabi/11.2.1/thumb/v6-m/nofp\libg.a(lib_a-strlen-stub.o)
                              CMakeFiles/ROS_Robot_ENC_TEST_MOTOR_PID.dir/C_/VSARM/sdk/pico/pico-sdk/src/rp2_common/pico_stdio/stdio.c.obj (strlen)
c:/vsarm/armcc/112202~1.02/bin/../lib/gcc/arm-none-eabi/11.2.1/thumb/v6-m/nofp\libg.a(lib_a-vfscanf.o)
                              c:/vsarm/armcc/112202~1.02/bin/../lib/gcc/arm-none-eabi/11.2.1/thumb/v6-m/nofp\libg.a(lib_a-scanf.o) (_vfscanf_r)
c:/vsarm/armcc/112202~1.02/bin/../lib/gcc/arm-none-eabi/11.2.1/thumb/v6-m/nofp\libg.a(lib_a-findfp.o)
                              c:/vsarm/armcc/112202~1.02/bin/../lib/gcc/arm-none-eabi/11.2.1/thumb/v6-m/nofp\libg.a(lib_a-vfscanf.o) (__sinit)
c:/vsarm/armcc/112202~1.02/bin/../lib/gcc/arm-none-eabi/11.2.1/thumb/v6-m/nofp\libg.a(lib_a-fread.o)
                              c:/vsarm/armcc/112202~1.02/bin/../lib/gcc/arm-none-eabi/11.2.1/thumb/v6-m/nofp\libg.a(lib_a-vfscanf.o) (_fread_r)
c:/vsarm/armcc/112202~1.02/bin/../lib/gcc/arm-none-eabi/11.2.1/thumb/v6-m/nofp\libg.a(lib_a-freer.o)
[...]
Memory Configuration

Name             Origin             Length             Attributes
FLASH            0x10000000         0x00200000         xr
RAM              0x20000000         0x00040000         xrw
SCRATCH_X        0x20040000         0x00001000         xrw
SCRATCH_Y        0x20041000         0x00001000         xrw
*default*        0x00000000         0xffffffff

Linker script and memory map

LOAD c:/vsarm/armcc/112202~1.02/bin/../lib/gcc/arm-none-eabi/11.2.1/thumb/v6-m/nofp/crti.o
LOAD c:/vsarm/armcc/112202~1.02/bin/../lib/gcc/arm-none-eabi/11.2.1/thumb/v6-m/nofp/crtbegin.o
LOAD c:/vsarm/armcc/112202~1.02/bin/../lib/gcc/arm-none-eabi/11.2.1/thumb/v6-m/nofp/crt0.o

.flash_begin    0x10000000        0x0
                0x10000000                __flash_binary_start = .

.boot2          0x10000000      0x100
                0x10000000                __boot2_start__ = .
 *(.boot2)
 .boot2         0x10000000      0x100 C:\Users\samya\AppData\Local\Temp\ccSufBoI.o
                0x10000100                __boot2_end__ = .
                0x00000001                ASSERT (((__boot2_end__ - __boot2_start__) == 0x100), ERROR: Pico second stage bootloader must be 256 bytes in size)

.text           0x10000100     0xf188
                0x10000100                __logical_binary_start = .
 *(.vectors)
 .vectors       0x10000100       0xd4 CMakeFiles/ROS_Robot_ENC_TEST_MOTOR_PID.dir/C_/VSARM/sdk/pico/pico-sdk/src/rp2_common/pico_standard_link/crt0.S.obj
                0x10000100                __VECTOR_TABLE
                0x10000100                __vectors
                0x100001c0                isr_invalid
                0x100001c0                __default_isrs_start
                0x100001c2                isr_nmi
                0x100001c4                isr_hardfault
                0x100001c6                isr_svcall
                0x100001c8                isr_pendsv
                0x100001ca                isr_systick
                0x100001cc                isr_irq23
                0x100001cc                isr_irq18
                0x100001cc                isr_irq11
                0x100001cc                isr_irq28
                0x100001cc                isr_irq19
                0x100001cc                isr_irq0
                0x100001cc                isr_irq6
                0x100001cc                isr_irq5
                0x100001cc                isr_irq12
                0x100001cc                isr_irq22
                0x100001cc                isr_irq31
                0x100001cc                isr_irq17
                0x100001cc                isr_irq27
                0x100001cc                isr_irq30
                0x100001cc                isr_irq2
                0x100001cc                isr_irq10
                0x100001cc                isr_irq8
                0x100001cc                isr_irq24
                0x100001cc                isr_irq1
                0x100001cc                isr_irq7
                0x100001cc                isr_irq21
                0x100001cc                isr_irq20
                0x100001cc                isr_irq15
                0x100001cc                isr_irq25
                0x100001cc                isr_irq13
                0x100001cc                __unhandled_user_irq
                0x100001cc                isr_irq4
                0x100001cc                isr_irq16
                0x100001cc                isr_irq29
                0x100001cc                isr_irq26
                0x100001cc                __default_isrs_end
                0x100001cc                isr_irq3
                0x100001cc                isr_irq14
                0x100001cc                isr_irq9
                0x100001d2                unhandled_user_irq_num_in_r0
 *(.binary_info_header)
 .binary_info_header
                0x100001d4       0x14 CMakeFiles/ROS_Robot_ENC_TEST_MOTOR_PID.dir/C_/VSARM/sdk/pico/pico-sdk/src/rp2_common/pico_standard_link/crt0.S.obj
                0x100001e8                __binary_info_header_end = .
 *(.reset)
 .reset         0x100001e8       0xa8 CMakeFiles/ROS_Robot_ENC_TEST_MOTOR_PID.dir/C_/VSARM/sdk/pico/pico-sdk/src/rp2_common/pico_standard_link/crt0.S.obj
                0x100001e8                _entry_point
                0x10000266                __get_current_exception
 .reset         0x10000290       0x30 CMakeFiles/ROS_Robot_ENC_TEST_MOTOR_PID.dir/C_/VSARM/sdk/pico/pico-sdk/src/rp2_common/pico_standard_link/binary_info.c.obj
 *(.init)
 .init          0x100002c0        0x4 c:/vsarm/armcc/112202~1.02/bin/../lib/gcc/arm-none-eabi/11.2.1/thumb/v6-m/nofp/crti.o
                0x100002c0                _init
 *(EXCLUDE_FILE(*libm.a: *libc.a:*lib_a-mem*.o *libgcc.a:) .text*)
 .text.register_tm_clones
                0x100002c4       0x28 c:/vsarm/armcc/112202~1.02/bin/../lib/gcc/arm-none-eabi/11.2.1/thumb/v6-m/nofp/crtbegin.o
 .text.frame_dummy
                0x100002ec       0x24 c:/vsarm/armcc/112202~1.02/bin/../lib/gcc/arm-none-eabi/11.2.1/thumb/v6-m/nofp/crtbegin.o
 .text._Z8irq_calljm
                0x10000310       0xa8 CMakeFiles/ROS_Robot_ENC_TEST_MOTOR_PID.dir/Enc_Systest_Motor_PID.c++.obj
                0x10000310                _Z8irq_calljm
 .text._Z41__static_initialization_and_destruction_0ii
                0x100003b8       0x94 CMakeFiles/ROS_Robot_ENC_TEST_MOTOR_PID.dir/Enc_Systest_Motor_PID.c++.obj
 .text._Z17method_2_tpr_calcPmS_S_Pi
                0x1000044c       0x34 CMakeFiles/ROS_Robot_ENC_TEST_MOTOR_PID.dir/Enc_Systest_Motor_PID.c++.obj
                0x1000044c                _Z17method_2_tpr_calcPmS_S_Pi
 .text._Z21method_2_all_tpr_calcP15repeating_timer
                0x10000480       0x78 CMakeFiles/ROS_Robot_ENC_TEST_MOTOR_PID.dir/Enc_Systest_Motor_PID.c++.obj
                0x10000480                _Z21method_2_all_tpr_calcP15repeating_timer
 .text._Z22set_motor_output_sliceji
                0x100004f8       0x64 CMakeFiles/ROS_Robot_ENC_TEST_MOTOR_PID.dir/Enc_Systest_Motor_PID.c++.obj
                0x100004f8                _Z22set_motor_output_sliceji
 .text._Z17set_motor_outputsci
                0x1000055c       0x44 CMakeFiles/ROS_Robot_ENC_TEST_MOTOR_PID.dir/Enc_Systest_Motor_PID.c++.obj
                0x1000055c                _Z17set_motor_outputsci
 .text._Z19get_set_rpm_targetsv
                0x100005a0       0x64 CMakeFiles/ROS_Robot_ENC_TEST_MOTOR_PID.dir/Enc_Systest_Motor_PID.c++.obj
                0x100005a0                _Z19get_set_rpm_targetsv
 .text._Z5setupv
                0x10000604      0x134 CMakeFiles/ROS_Robot_ENC_TEST_MOTOR_PID.dir/Enc_Systest_Motor_PID.c++.obj
                0x10000604                _Z5setupv
 .text._Z14motor_rpm_calcmmm
                0x10000738       0x8c CMakeFiles/ROS_Robot_ENC_TEST_MOTOR_PID.dir/Enc_Systest_Motor_PID.c++.obj
                0x10000738                _Z14motor_rpm_calcmmm
 .text._Z4loopv
                0x100007c4      0x1f4 CMakeFiles/ROS_Robot_ENC_TEST_MOTOR_PID.dir/Enc_Systest_Motor_PID.c++.obj
                0x100007c4                _Z4loopv
 .text.main     0x100009b8        0xc CMakeFiles/ROS_Robot_ENC_TEST_MOTOR_PID.dir/Enc_Systest_Motor_PID.c++.obj
                0x100009b8                main
 .text._GLOBAL__sub_I_method_2_tpr_calc_rt
                0x100009c4       0x10 CMakeFiles/ROS_Robot_ENC_TEST_MOTOR_PID.dir/Enc_Systest_Motor_PID.c++.obj
 .text.gpio_set_function
                0x100009d4       0x30 CMakeFiles/ROS_Robot_ENC_TEST_MOTOR_PID.dir/C_/VSARM/sdk/pico/pico-sdk/src/rp2_common/hardware_gpio/gpio.c.obj
                0x100009d4                gpio_set_function
 .text.gpio_set_pulls
                0x10000a04       0x34 CMakeFiles/ROS_Robot_ENC_TEST_MOTOR_PID.dir/C_/VSARM/sdk/pico/pico-sdk/src/rp2_common/hardware_gpio/gpio.c.obj
                0x10000a04                gpio_set_pulls
 .text.gpio_set_irq_callback
                0x10000a38       0x48 CMakeFiles/ROS_Robot_ENC_TEST_MOTOR_PID.dir/C_/VSARM/sdk/pico/pico-sdk/src/rp2_common/hardware_gpio/gpio.c.obj
                0x10000a38                gpio_set_irq_callback
 .text.gpio_acknowledge_irq
                0x10000a80       0x18 CMakeFiles/ROS_Robot_ENC_TEST_MOTOR_PID.dir/C_/VSARM/sdk/pico/pico-sdk/src/rp2_common/hardware_gpio/gpio.c.obj
                0x10000a80                gpio_acknowledge_irq
 .text._gpio_set_irq_enabled
                0x10000a98       0x34 CMakeFiles/ROS_Robot_ENC_TEST_MOTOR_PID.dir/C_/VSARM/sdk/pico/pico-sdk/src/rp2_common/hardware_gpio/gpio.c.obj
 .text.gpio_set_irq_enabled
                0x10000acc       0x20 CMakeFiles/ROS_Robot_ENC_TEST_MOTOR_PID.dir/C_/VSARM/sdk/pico/pico-sdk/src/rp2_common/hardware_gpio/gpio.c.obj
                0x10000acc                gpio_set_irq_enabled
 .text.gpio_set_irq_enabled_with_callback
                0x10000aec       0x20 CMakeFiles/ROS_Robot_ENC_TEST_MOTOR_PID.dir/C_/VSARM/sdk/pico/pico-sdk/src/rp2_common/hardware_gpio/gpio.c.obj
                0x10000aec                gpio_set_irq_enabled_with_callback
 .text.gpio_default_irq_handler
                0x10000b0c       0x98 CMakeFiles/ROS_Robot_ENC_TEST_MOTOR_PID.dir/C_/VSARM/sdk/pico/pico-sdk/src/rp2_common/hardware_gpio/gpio.c.obj
 .text.gpio_set_input_enabled
                0x10000ba4       0x30 CMakeFiles/ROS_Robot_ENC_TEST_MOTOR_PID.dir/C_/VSARM/sdk/pico/pico-sdk/src/rp2_common/hardware_gpio/gpio.c.obj
                0x10000ba4                gpio_set_input_enabled
 .text.gpio_init
                0x10000bd4       0x16 CMakeFiles/ROS_Robot_ENC_TEST_MOTOR_PID.dir/C_/VSARM/sdk/pico/pico-sdk/src/rp2_common/hardware_gpio/gpio.c.obj
                0x10000bd4                gpio_init
 *fill*         0x10000bea        0x2 
 .text.hw_claim_lock
                0x10000bec       0x18 CMakeFiles/ROS_Robot_ENC_TEST_MOTOR_PID.dir/C_/VSARM/sdk/pico/pico-sdk/src/rp2_common/hardware_claim/claim.c.obj
                0x10000bec                hw_claim_lock
 .text.hw_claim_unlock
                0x10000c04       0x14 CMakeFiles/ROS_Robot_ENC_TEST_MOTOR_PID.dir/C_/VSARM/sdk/pico/pico-sdk/src/rp2_common/hardware_claim/claim.c.obj
                0x10000c04                hw_claim_unlock
 .text.hw_claim_or_assert
                0x10000c18       0x32 CMakeFiles/ROS_Robot_ENC_TEST_MOTOR_PID.dir/C_/VSARM/sdk/pico/pico-sdk/src/rp2_common/hardware_claim/claim.c.obj
                0x10000c18                hw_claim_or_assert
 .text.hw_claim_unused_from_range
                0x10000c4a       0x50 CMakeFiles/ROS_Robot_ENC_TEST_MOTOR_PID.dir/C_/VSARM/sdk/pico/pico-sdk/src/rp2_common/hardware_claim/claim.c.obj
                0x10000c4a                hw_claim_unused_from_range
 *fill*         0x10000c9a        0x2 
 .text.running_on_fpga
                0x10000c9c       0x14 CMakeFiles/ROS_Robot_ENC_TEST_MOTOR_PID.dir/C_/VSARM/sdk/pico/pico-sdk/src/rp2_common/pico_platform/platform.c.obj
                0x10000c9c                running_on_fpga
 .text.spin_locks_reset
                0x10000cb0       0x20 CMakeFiles/ROS_Robot_ENC_TEST_MOTOR_PID.dir/C_/VSARM/sdk/pico/pico-sdk/src/rp2_common/hardware_sync/sync.c.obj
                0x10000cb0                spin_locks_reset
 .text.next_striped_spin_lock_num
                0x10000cd0       0x1c CMakeFiles/ROS_Robot_ENC_TEST_MOTOR_PID.dir/C_/VSARM/sdk/pico/pico-sdk/src/rp2_common/hardware_sync/sync.c.obj
                0x10000cd0                next_striped_spin_lock_num
 .text.spin_lock_claim_unused
                0x10000cec       0x24 CMakeFiles/ROS_Robot_ENC_TEST_MOTOR_PID.dir/C_/VSARM/sdk/pico/pico-sdk/src/rp2_common/hardware_sync/sync.c.obj
                0x10000cec                spin_lock_claim_unused
 .text.set_raw_irq_handler_and_unlock
                0x10000d10       0x28 CMakeFiles/ROS_Robot_ENC_TEST_MOTOR_PID.dir/C_/VSARM/sdk/pico/pico-sdk/src/rp2_common/hardware_irq/irq.c.obj
 .text.make_branch
                0x10000d38       0x48 CMakeFiles/ROS_Robot_ENC_TEST_MOTOR_PID.dir/C_/VSARM/sdk/pico/pico-sdk/src/rp2_common/hardware_irq/irq.c.obj
 .text.insert_branch_and_link
                0x10000d80       0x40 CMakeFiles/ROS_Robot_ENC_TEST_MOTOR_PID.dir/C_/VSARM/sdk/pico/pico-sdk/src/rp2_common/hardware_irq/irq.c.obj
 .text.irq_is_enabled
                0x10000dc0       0x18 CMakeFiles/ROS_Robot_ENC_TEST_MOTOR_PID.dir/C_/VSARM/sdk/pico/pico-sdk/src/rp2_common/hardware_irq/irq.c.obj
                0x10000dc0                irq_is_enabled
 .text.irq_set_mask_enabled
                0x10000dd8       0x20 CMakeFiles/ROS_Robot_ENC_TEST_MOTOR_PID.dir/C_/VSARM/sdk/pico/pico-sdk/src/rp2_common/hardware_irq/irq.c.obj
                0x10000dd8                irq_set_mask_enabled
 .text.irq_set_enabled
                0x10000df8        0xe CMakeFiles/ROS_Robot_ENC_TEST_MOTOR_PID.dir/C_/VSARM/sdk/pico/pico-sdk/src/rp2_common/hardware_irq/irq.c.obj
                0x10000df8                irq_set_enabled
 *fill*         0x10000e06        0x2 
 .text.irq_set_pending
                0x10000e08       0x10 CMakeFiles/ROS_Robot_ENC_TEST_MOTOR_PID.dir/C_/VSARM/sdk/pico/pico-sdk/src/rp2_common/hardware_irq/irq.c.obj
                0x10000e08                irq_set_pending
 .text.irq_get_vtable_handler
                0x10000e18       0x10 CMakeFiles/ROS_Robot_ENC_TEST_MOTOR_PID.dir/C_/VSARM/sdk/pico/pico-sdk/src/rp2_common/hardware_irq/irq.c.obj
                0x10000e18                irq_get_vtable_handler
 .text.irq_has_shared_handler
                0x10000e28       0x24 CMakeFiles/ROS_Robot_ENC_TEST_MOTOR_PID.dir/C_/VSARM/sdk/pico/pico-sdk/src/rp2_common/hardware_irq/irq.c.obj
                0x10000e28                irq_has_shared_handler
 .text.irq_set_exclusive_handler
                0x10000e4c       0x54 CMakeFiles/ROS_Robot_ENC_TEST_MOTOR_PID.dir/C_/VSARM/sdk/pico/pico-sdk/src/rp2_common/hardware_irq/irq.c.obj
                0x10000e4c                irq_set_exclusive_handler
 .text.irq_add_shared_handler
                0x10000ea0      0x230 CMakeFiles/ROS_Robot_ENC_TEST_MOTOR_PID.dir/C_/VSARM/sdk/pico/pico-sdk/src/rp2_common/hardware_irq/irq.c.obj
                0x10000ea0                irq_add_shared_handler
 .text.irq_remove_handler
                0x100010d0      0x1a4 CMakeFiles/ROS_Robot_ENC_TEST_MOTOR_PID.dir/C_/VSARM/sdk/pico/pico-sdk/src/rp2_common/hardware_irq/irq.c.obj
                0x100010d0                irq_remove_handler
 .text.irq_add_tail_to_free_list
                0x10001274       0xf0 CMakeFiles/ROS_Robot_ENC_TEST_MOTOR_PID.dir/C_/VSARM/sdk/pico/pico-sdk/src/rp2_common/hardware_irq/irq.c.obj
                0x10001274                irq_add_tail_to_free_list
 .text.irq_init_priorities
                0x10001364       0x1c CMakeFiles/ROS_Robot_ENC_TEST_MOTOR_PID.dir/C_/VSARM/sdk/pico/pico-sdk/src/rp2_common/hardware_irq/irq.c.obj
                0x10001364                irq_init_priorities
 .text.user_irq_claim_unused
                0x10001380       0x30 CMakeFiles/ROS_Robot_ENC_TEST_MOTOR_PID.dir/C_/VSARM/sdk/pico/pico-sdk/src/rp2_common/hardware_irq/irq.c.obj
                0x10001380                user_irq_claim_unused
 .text.lock_init
                0x100013b0       0x10 CMakeFiles/ROS_Robot_ENC_TEST_MOTOR_PID.dir/C_/VSARM/sdk/pico/pico-sdk/src/common/pico_sync/lock_core.c.obj
                0x100013b0                lock_init
 .text.repeating_timer_callback
                0x100013c0       0x40 CMakeFiles/ROS_Robot_ENC_TEST_MOTOR_PID.dir/C_/VSARM/sdk/pico/pico-sdk/src/common/pico_time/time.c.obj
 .text.alarm_pool_post_alloc_init
                0x10001400       0x40 CMakeFiles/ROS_Robot_ENC_TEST_MOTOR_PID.dir/C_/VSARM/sdk/pico/pico-sdk/src/common/pico_time/time.c.obj
 .text.sleep_until_callback
                0x10001440       0x30 CMakeFiles/ROS_Robot_ENC_TEST_MOTOR_PID.dir/C_/VSARM/sdk/pico/pico-sdk/src/common/pico_time/time.c.obj
 .text.timer_pool_entry_comparator
                0x10001470       0x78 CMakeFiles/ROS_Robot_ENC_TEST_MOTOR_PID.dir/C_/VSARM/sdk/pico/pico-sdk/src/common/pico_time/time.c.obj
                0x10001470                timer_pool_entry_comparator
 .text.ph_add_child_node
                0x100014e8       0xa0 CMakeFiles/ROS_Robot_ENC_TEST_MOTOR_PID.dir/C_/VSARM/sdk/pico/pico-sdk/src/common/pico_time/time.c.obj
 .text.ph_merge_nodes
                0x10001588       0x3e CMakeFiles/ROS_Robot_ENC_TEST_MOTOR_PID.dir/C_/VSARM/sdk/pico/pico-sdk/src/common/pico_time/time.c.obj
 *fill*         0x100015c6        0x2 
 .text.add_alarm_under_lock
                0x100015c8      0x16c CMakeFiles/ROS_Robot_ENC_TEST_MOTOR_PID.dir/C_/VSARM/sdk/pico/pico-sdk/src/common/pico_time/time.c.obj
 .text.alarm_pool_alarm_callback
                0x10001734      0x328 CMakeFiles/ROS_Robot_ENC_TEST_MOTOR_PID.dir/C_/VSARM/sdk/pico/pico-sdk/src/common/pico_time/time.c.obj
 .text.alarm_pool_init_default
                0x10001a5c       0x38 CMakeFiles/ROS_Robot_ENC_TEST_MOTOR_PID.dir/C_/VSARM/sdk/pico/pico-sdk/src/common/pico_time/time.c.obj
                0x10001a5c                alarm_pool_init_default
 .text.alarm_pool_get_default
                0x10001a94       0x2c CMakeFiles/ROS_Robot_ENC_TEST_MOTOR_PID.dir/C_/VSARM/sdk/pico/pico-sdk/src/common/pico_time/time.c.obj
                0x10001a94                alarm_pool_get_default
 .text.alarm_pool_add_alarm_at
                0x10001ac0      0x178 CMakeFiles/ROS_Robot_ENC_TEST_MOTOR_PID.dir/C_/VSARM/sdk/pico/pico-sdk/src/common/pico_time/time.c.obj
                0x10001ac0                alarm_pool_add_alarm_at
 .text.alarm_pool_cancel_alarm
                0x10001c38       0xec CMakeFiles/ROS_Robot_ENC_TEST_MOTOR_PID.dir/C_/VSARM/sdk/pico/pico-sdk/src/common/pico_time/time.c.obj
                0x10001c38                alarm_pool_cancel_alarm
 .text.alarm_pool_add_repeating_timer_us
                0x10001d24       0x98 CMakeFiles/ROS_Robot_ENC_TEST_MOTOR_PID.dir/C_/VSARM/sdk/pico/pico-sdk/src/common/pico_time/time.c.obj
                0x10001d24                alarm_pool_add_repeating_timer_us
 .text.sleep_until
                0x10001dbc       0xfc CMakeFiles/ROS_Robot_ENC_TEST_MOTOR_PID.dir/C_/VSARM/sdk/pico/pico-sdk/src/common/pico_time/time.c.obj
                0x10001dbc                sleep_until
 .text.sleep_us
                0x10001eb8       0x58 CMakeFiles/ROS_Robot_ENC_TEST_MOTOR_PID.dir/C_/VSARM/sdk/pico/pico-sdk/src/common/pico_time/time.c.obj
                0x10001eb8                sleep_us
 .text.sleep_ms
                0x10001f10       0x14 CMakeFiles/ROS_Robot_ENC_TEST_MOTOR_PID.dir/C_/VSARM/sdk/pico/pico-sdk/src/common/pico_time/time.c.obj
                0x10001f10                sleep_ms
 .text.best_effort_wfe_or_timeout
                0x10001f24       0x80 CMakeFiles/ROS_Robot_ENC_TEST_MOTOR_PID.dir/C_/VSARM/sdk/pico/pico-sdk/src/common/pico_time/time.c.obj
                0x10001f24                best_effort_wfe_or_timeout
 .text.hardware_alarm_irq_handler
                0x10001fa4       0x88 CMakeFiles/ROS_Robot_ENC_TEST_MOTOR_PID.dir/C_/VSARM/sdk/pico/pico-sdk/src/rp2_common/hardware_timer/timer.c.obj
 .text.hardware_alarm_claim
                0x1000202c       0x18 CMakeFiles/ROS_Robot_ENC_TEST_MOTOR_PID.dir/C_/VSARM/sdk/pico/pico-sdk/src/rp2_common/hardware_timer/timer.c.obj
                0x1000202c                hardware_alarm_claim
 .text.time_us_64
                0x10002044       0x18 CMakeFiles/ROS_Robot_ENC_TEST_MOTOR_PID.dir/C_/VSARM/sdk/pico/pico-sdk/src/rp2_common/hardware_timer/timer.c.obj
                0x10002044                time_us_64
 .text.busy_wait_until
                0x1000205c       0x28 CMakeFiles/ROS_Robot_ENC_TEST_MOTOR_PID.dir/C_/VSARM/sdk/pico/pico-sdk/src/rp2_common/hardware_timer/timer.c.obj
                0x1000205c                busy_wait_until
 .text.busy_wait_us
                0x10002084       0x48 CMakeFiles/ROS_Robot_ENC_TEST_MOTOR_PID.dir/C_/VSARM/sdk/pico/pico-sdk/src/rp2_common/hardware_timer/timer.c.obj
                0x10002084                busy_wait_us
 .text.hardware_alarm_set_callback
                0x100020cc       0x90 CMakeFiles/ROS_Robot_ENC_TEST_MOTOR_PID.dir/C_/VSARM/sdk/pico/pico-sdk/src/rp2_common/hardware_timer/timer.c.obj
                0x100020cc                hardware_alarm_set_callback
 .text.hardware_alarm_set_target
                0x1000215c       0xe8 CMakeFiles/ROS_Robot_ENC_TEST_MOTOR_PID.dir/C_/VSARM/sdk/pico/pico-sdk/src/rp2_common/hardware_timer/timer.c.obj
                0x1000215c                hardware_alarm_set_target
 .text.hardware_alarm_cancel
                0x10002244       0x40 CMakeFiles/ROS_Robot_ENC_TEST_MOTOR_PID.dir/C_/VSARM/sdk/pico/pico-sdk/src/rp2_common/hardware_timer/timer.c.obj
                0x10002244                hardware_alarm_cancel
 .text.ph_add_child_node
                0x10002284       0xa0 CMakeFiles/ROS_Robot_ENC_TEST_MOTOR_PID.dir/C_/VSARM/sdk/pico/pico-sdk/src/common/pico_util/pheap.c.obj
 .text.ph_merge_nodes
                0x10002324       0x3e CMakeFiles/ROS_Robot_ENC_TEST_MOTOR_PID.dir/C_/VSARM/sdk/pico/pico-sdk/src/common/pico_util/pheap.c.obj
 *fill*         0x10002362        0x2 
 .text.ph_clear
                0x10002364       0x70 CMakeFiles/ROS_Robot_ENC_TEST_MOTOR_PID.dir/C_/VSARM/sdk/pico/pico-sdk/src/common/pico_util/pheap.c.obj
                0x10002364                ph_clear
 .text.ph_post_alloc_init
                0x100023d4        0xe CMakeFiles/ROS_Robot_ENC_TEST_MOTOR_PID.dir/C_/VSARM/sdk/pico/pico-sdk/src/common/pico_util/pheap.c.obj
                0x100023d4                ph_post_alloc_init
 *fill*         0x100023e2        0x2 
 .text.ph_merge_two_pass
                0x100023e4       0xa4 CMakeFiles/ROS_Robot_ENC_TEST_MOTOR_PID.dir/C_/VSARM/sdk/pico/pico-sdk/src/common/pico_util/pheap.c.obj
                0x100023e4                ph_merge_two_pass
 .text.ph_remove_any_head
                0x10002488      0x104 CMakeFiles/ROS_Robot_ENC_TEST_MOTOR_PID.dir/C_/VSARM/sdk/pico/pico-sdk/src/common/pico_util/pheap.c.obj
 .text.ph_remove_head
                0x1000258c       0x14 CMakeFiles/ROS_Robot_ENC_TEST_MOTOR_PID.dir/C_/VSARM/sdk/pico/pico-sdk/src/common/pico_util/pheap.c.obj
                0x1000258c                ph_remove_head
 .text.ph_remove_and_free_node
                0x100025a0       0xf8 CMakeFiles/ROS_Robot_ENC_TEST_MOTOR_PID.dir/C_/VSARM/sdk/pico/pico-sdk/src/common/pico_util/pheap.c.obj
                0x100025a0                ph_remove_and_free_node
 .text.mutex_init
                0x10002698       0x1a CMakeFiles/ROS_Robot_ENC_TEST_MOTOR_PID.dir/C_/VSARM/sdk/pico/pico-sdk/src/common/pico_sync/mutex.c.obj
                0x10002698                mutex_init
 .text.recursive_mutex_init
                0x100026b2       0x1e CMakeFiles/ROS_Robot_ENC_TEST_MOTOR_PID.dir/C_/VSARM/sdk/pico/pico-sdk/src/common/pico_sync/mutex.c.obj
                0x100026b2                recursive_mutex_init
 .text.critical_section_init_with_lock_num
                0x100026d0       0x14 CMakeFiles/ROS_Robot_ENC_TEST_MOTOR_PID.dir/C_/VSARM/sdk/pico/pico-sdk/src/common/pico_sync/critical_section.c.obj
                0x100026d0                critical_section_init_with_lock_num
 .text.critical_section_init
                0x100026e4       0x14 CMakeFiles/ROS_Robot_ENC_TEST_MOTOR_PID.dir/C_/VSARM/sdk/pico/pico-sdk/src/common/pico_sync/critical_section.c.obj
                0x100026e4                critical_section_init
 .text._exit    0x100026f8        0x4 CMakeFiles/ROS_Robot_ENC_TEST_MOTOR_PID.dir/C_/VSARM/sdk/pico/pico-sdk/src/rp2_common/pico_runtime/runtime.c.obj
                0x100026f8                _exit
 .text._sbrk    0x100026fc       0x38 CMakeFiles/ROS_Robot_ENC_TEST_MOTOR_PID.dir/C_/VSARM/sdk/pico/pico-sdk/src/rp2_common/pico_runtime/runtime.c.obj
                0x100026fc                _sbrk
 .text.exit     0x10002734        0x6 CMakeFiles/ROS_Robot_ENC_TEST_MOTOR_PID.dir/C_/VSARM/sdk/pico/pico-sdk/src/rp2_common/pico_runtime/runtime.c.obj
                0x10002734                exit
 *fill*         0x1000273a        0x2 
 .text.__assert_func
                0x1000273c       0x3c CMakeFiles/ROS_Robot_ENC_TEST_MOTOR_PID.dir/C_/VSARM/sdk/pico/pico-sdk/src/rp2_common/pico_runtime/runtime.c.obj
                0x1000273c                __assert_func
 .text.runtime_init
                0x10002778       0xf8 CMakeFiles/ROS_Robot_ENC_TEST_MOTOR_PID.dir/C_/VSARM/sdk/pico/pico-sdk/src/rp2_common/pico_runtime/runtime.c.obj
                0x10002778                runtime_init
 .text.panic    0x10002870       0x30 CMakeFiles/ROS_Robot_ENC_TEST_MOTOR_PID.dir/C_/VSARM/sdk/pico/pico-sdk/src/rp2_common/pico_runtime/runtime.c.obj
                0x10002870                panic
 .text.clock_configure
                0x100028a0      0x104 CMakeFiles/ROS_Robot_ENC_TEST_MOTOR_PID.dir/C_/VSARM/sdk/pico/pico-sdk/src/rp2_common/hardware_clocks/clocks.c.obj
                0x100028a0                clock_configure
 .text.clocks_init
                0x100029a4      0x100 CMakeFiles/ROS_Robot_ENC_TEST_MOTOR_PID.dir/C_/VSARM/sdk/pico/pico-sdk/src/rp2_common/hardware_clocks/clocks.c.obj
                0x100029a4                clocks_init
 .text.pll_init
                0x10002aa4      0x140 CMakeFiles/ROS_Robot_ENC_TEST_MOTOR_PID.dir/C_/VSARM/sdk/pico/pico-sdk/src/rp2_common/hardware_pll/pll.c.obj
                0x10002aa4                pll_init
 .text.watchdog_start_tick
                0x10002be4       0x10 CMakeFiles/ROS_Robot_ENC_TEST_MOTOR_PID.dir/C_/VSARM/sdk/pico/pico-sdk/src/rp2_common/hardware_watchdog/watchdog.c.obj
                0x10002be4                watchdog_start_tick
 .text.watchdog_update
                0x10002bf4       0x14 CMakeFiles/ROS_Robot_ENC_TEST_MOTOR_PID.dir/C_/VSARM/sdk/pico/pico-sdk/src/rp2_common/hardware_watchdog/watchdog.c.obj
                0x10002bf4                watchdog_update
 .text._watchdog_enable
                0x10002c08       0x78 CMakeFiles/ROS_Robot_ENC_TEST_MOTOR_PID.dir/C_/VSARM/sdk/pico/pico-sdk/src/rp2_common/hardware_watchdog/watchdog.c.obj
                0x10002c08                _watchdog_enable
 .text.watchdog_reboot
                0x10002c80       0x48 CMakeFiles/ROS_Robot_ENC_TEST_MOTOR_PID.dir/C_/VSARM/sdk/pico/pico-sdk/src/rp2_common/hardware_watchdog/watchdog.c.obj
                0x10002c80                watchdog_reboot
 .text.xosc_init
                0x10002cc8       0x28 CMakeFiles/ROS_Robot_ENC_TEST_MOTOR_PID.dir/C_/VSARM/sdk/pico/pico-sdk/src/rp2_common/hardware_xosc/xosc.c.obj
                0x10002cc8                xosc_init
 .text._out_buffer
                0x10002cf0        0x8 CMakeFiles/ROS_Robot_ENC_TEST_MOTOR_PID.dir/C_/VSARM/sdk/pico/pico-sdk/src/rp2_common/pico_printf/printf.c.obj
 .text._out_null
                0x10002cf8        0x2 CMakeFiles/ROS_Robot_ENC_TEST_MOTOR_PID.dir/C_/VSARM/sdk/pico/pico-sdk/src/rp2_common/pico_printf/printf.c.obj
 .text._out_fct
                0x10002cfa        0xe CMakeFiles/ROS_Robot_ENC_TEST_MOTOR_PID.dir/C_/VSARM/sdk/pico/pico-sdk/src/rp2_common/pico_printf/printf.c.obj
 .text._atoi    0x10002d08       0x24 CMakeFiles/ROS_Robot_ENC_TEST_MOTOR_PID.dir/C_/VSARM/sdk/pico/pico-sdk/src/rp2_common/pico_printf/printf.c.obj
 .text._out_rev
                0x10002d2c       0xae CMakeFiles/ROS_Robot_ENC_TEST_MOTOR_PID.dir/C_/VSARM/sdk/pico/pico-sdk/src/rp2_common/pico_printf/printf.c.obj
 .text._ntoa_format
                0x10002dda      0x112 CMakeFiles/ROS_Robot_ENC_TEST_MOTOR_PID.dir/C_/VSARM/sdk/pico/pico-sdk/src/rp2_common/pico_printf/printf.c.obj
 .text._ntoa_long
                0x10002eec       0xbc CMakeFiles/ROS_Robot_ENC_TEST_MOTOR_PID.dir/C_/VSARM/sdk/pico/pico-sdk/src/rp2_common/pico_printf/printf.c.obj
 .text._ntoa_long_long
                0x10002fa8       0xe2 CMakeFiles/ROS_Robot_ENC_TEST_MOTOR_PID.dir/C_/VSARM/sdk/pico/pico-sdk/src/rp2_common/pico_printf/printf.c.obj
 *fill*         0x1000308a        0x2 
 .text._etoa    0x1000308c      0x414 CMakeFiles/ROS_Robot_ENC_TEST_MOTOR_PID.dir/C_/VSARM/sdk/pico/pico-sdk/src/rp2_common/pico_printf/printf.c.obj
 .text._ftoa    0x100034a0      0x354 CMakeFiles/ROS_Robot_ENC_TEST_MOTOR_PID.dir/C_/VSARM/sdk/pico/pico-sdk/src/rp2_common/pico_printf/printf.c.obj
 .text._vsnprintf
                0x100037f4      0x650 CMakeFiles/ROS_Robot_ENC_TEST_MOTOR_PID.dir/C_/VSARM/sdk/pico/pico-sdk/src/rp2_common/pico_printf/printf.c.obj
 .text.__wrap_sprintf
                0x10003e44       0x2c CMakeFiles/ROS_Robot_ENC_TEST_MOTOR_PID.dir/C_/VSARM/sdk/pico/pico-sdk/src/rp2_common/pico_printf/printf.c.obj
                0x10003e44                __wrap_sprintf
 .text.vfctprintf
                0x10003e70       0x20 CMakeFiles/ROS_Robot_ENC_TEST_MOTOR_PID.dir/C_/VSARM/sdk/pico/pico-sdk/src/rp2_common/pico_printf/printf.c.obj
                0x10003e70                vfctprintf
 .text          0x10003e90       0x10 CMakeFiles/ROS_Robot_ENC_TEST_MOTOR_PID.dir/C_/VSARM/sdk/pico/pico-sdk/src/rp2_common/pico_bit_ops/bit_ops_aeabi.S.obj
 .text.rom_func_lookup
                0x10003ea0       0x10 CMakeFiles/ROS_Robot_ENC_TEST_MOTOR_PID.dir/C_/VSARM/sdk/pico/pico-sdk/src/rp2_common/pico_bootrom/bootrom.c.obj
                0x10003ea0                rom_func_lookup
 .text.rom_data_lookup
                0x10003eb0       0x10 CMakeFiles/ROS_Robot_ENC_TEST_MOTOR_PID.dir/C_/VSARM/sdk/pico/pico-sdk/src/rp2_common/pico_bootrom/bootrom.c.obj
                0x10003eb0                rom_data_lookup
 .text.rom_funcs_lookup
                0x10003ec0       0x36 CMakeFiles/ROS_Robot_ENC_TEST_MOTOR_PID.dir/C_/VSARM/sdk/pico/pico-sdk/src/rp2_common/pico_bootrom/bootrom.c.obj
                0x10003ec0                rom_funcs_lookup
 *fill*         0x10003ef6        0x2 
 .text.__wrap___aeabi_idiv
                0x10003ef8       0x50 CMakeFiles/ROS_Robot_ENC_TEST_MOTOR_PID.dir/C_/VSARM/sdk/pico/pico-sdk/src/rp2_common/pico_divider/divider.S.obj
                0x10003ef8                __wrap___aeabi_idivmod
                0x10003ef8                divmod_s32s32
                0x10003ef8                div_s32s32
                0x10003ef8                __wrap___aeabi_idiv
                0x10003f00                divmod_s32s32_unsafe
                0x10003f2c                divmod_s32s32_savestate
 .text.__wrap___aeabi_uidiv
                0x10003f48       0x4c CMakeFiles/ROS_Robot_ENC_TEST_MOTOR_PID.dir/C_/VSARM/sdk/pico/pico-sdk/src/rp2_common/pico_divider/divider.S.obj
                0x10003f48                __wrap___aeabi_uidiv
                0x10003f48                __wrap___aeabi_uidivmod
                0x10003f48                div_u32u32
                0x10003f48                divmod_u32u32
                0x10003f50                divmod_u32u32_unsafe
                0x10003f78                divmod_u32u32_savestate
 .text.__wrap___aeabi_ldiv
                0x10003f94      0x434 CMakeFiles/ROS_Robot_ENC_TEST_MOTOR_PID.dir/C_/VSARM/sdk/pico/pico-sdk/src/rp2_common/pico_divider/divider.S.obj
                0x10003f94                div_s64s64
                0x10003f94                divmod_s64s64
                0x10003f94                __wrap___aeabi_ldivmod
                0x10003fcc                divmod_u64u64
                0x10003fcc                div_u64u64
                0x10003fcc                __wrap___aeabi_uldivmod
                0x10003fdc                divmod_u64u64_savestate
                0x10004004                divmod_s64s64_unsafe
                0x1000408c                divmod_u64u64_unsafe
 .text.__wrap___aeabi_darithmetic
                0x100043c8       0x80 CMakeFiles/ROS_Robot_ENC_TEST_MOTOR_PID.dir/C_/VSARM/sdk/pico/pico-sdk/src/rp2_common/pico_double/double_aeabi.S.obj
                0x100043c8                __wrap___aeabi_drsub
                0x100043ce                __wrap___aeabi_dsub
                0x100043e0                __wrap___aeabi_dadd
                0x100043f2                __wrap___aeabi_ddiv
                0x1000442e                __wrap___aeabi_dmul
 .text.__wrap___aeabi_cdcmple
                0x10004448       0x6c CMakeFiles/ROS_Robot_ENC_TEST_MOTOR_PID.dir/C_/VSARM/sdk/pico/pico-sdk/src/rp2_common/pico_double/double_aeabi.S.obj
                0x10004448                __wrap___aeabi_cdrcmple
                0x10004458                __wrap___aeabi_cdcmpeq
                0x10004458                __wrap___aeabi_cdcmple
 .text.__wrap___aeabi_dcmpeq
                0x100044b4       0x10 CMakeFiles/ROS_Robot_ENC_TEST_MOTOR_PID.dir/C_/VSARM/sdk/pico/pico-sdk/src/rp2_common/pico_double/double_aeabi.S.obj
                0x100044b4                __wrap___aeabi_dcmpeq
 .text.__wrap___aeabi_dcmplt
                0x100044c4        0xc CMakeFiles/ROS_Robot_ENC_TEST_MOTOR_PID.dir/C_/VSARM/sdk/pico/pico-sdk/src/rp2_common/pico_double/double_aeabi.S.obj
                0x100044c4                __wrap___aeabi_dcmplt
 .text.__wrap___aeabi_dcmple
                0x100044d0       0x10 CMakeFiles/ROS_Robot_ENC_TEST_MOTOR_PID.dir/C_/VSARM/sdk/pico/pico-sdk/src/rp2_common/pico_double/double_aeabi.S.obj
                0x100044d0                __wrap___aeabi_dcmple
 .text.__wrap___aeabi_dcmpge
                0x100044e0       0x10 CMakeFiles/ROS_Robot_ENC_TEST_MOTOR_PID.dir/C_/VSARM/sdk/pico/pico-sdk/src/rp2_common/pico_double/double_aeabi.S.obj
                0x100044e0                __wrap___aeabi_dcmpge
 .text.__wrap___aeabi_dcmpgt
                0x100044f0        0xa CMakeFiles/ROS_Robot_ENC_TEST_MOTOR_PID.dir/C_/VSARM/sdk/pico/pico-sdk/src/rp2_common/pico_double/double_aeabi.S.obj
                0x100044f0                __wrap___aeabi_dcmpgt
 .text.__wrap___aeabi_dcmpun
                0x100044fa       0x1c CMakeFiles/ROS_Robot_ENC_TEST_MOTOR_PID.dir/C_/VSARM/sdk/pico/pico-sdk/src/rp2_common/pico_double/double_aeabi.S.obj
                0x100044fa                __wrap___aeabi_dcmpun
 *fill*         0x10004516        0x2 
 .text.__wrap___aeabi_i2d
                0x10004518       0x38 CMakeFiles/ROS_Robot_ENC_TEST_MOTOR_PID.dir/C_/VSARM/sdk/pico/pico-sdk/src/rp2_common/pico_double/double_aeabi.S.obj
                0x10004518                __wrap___aeabi_ui2d
                0x10004520                __wrap___aeabi_i2d
 .text.__wrap___aeabi_d2iz
                0x10004550       0x48 CMakeFiles/ROS_Robot_ENC_TEST_MOTOR_PID.dir/C_/VSARM/sdk/pico/pico-sdk/src/rp2_common/pico_double/double_aeabi.S.obj
                0x10004550                double2int_z
                0x10004550                __wrap___aeabi_d2iz
 .text.__wrap___aeabi_d2uiz
                0x10004598       0x18 CMakeFiles/ROS_Robot_ENC_TEST_MOTOR_PID.dir/C_/VSARM/sdk/pico/pico-sdk/src/rp2_common/pico_double/double_aeabi.S.obj
                0x10004598                __wrap___aeabi_d2uiz
                0x10004598                double2uint
 .text.__wrap___aeabi_l2d
                0x100045b0       0x18 CMakeFiles/ROS_Robot_ENC_TEST_MOTOR_PID.dir/C_/VSARM/sdk/pico/pico-sdk/src/rp2_common/pico_double/double_aeabi.S.obj
                0x100045b0                __wrap___aeabi_l2d
 .text.__wrap___aeabi_d2lz
                0x100045c8       0x26 CMakeFiles/ROS_Robot_ENC_TEST_MOTOR_PID.dir/C_/VSARM/sdk/pico/pico-sdk/src/rp2_common/pico_double/double_aeabi.S.obj
                0x100045c8                double2int64_z
                0x100045c8                __wrap___aeabi_d2lz
 *fill*         0x100045ee        0x2 
 .text.double2int64
                0x100045f0       0x18 CMakeFiles/ROS_Robot_ENC_TEST_MOTOR_PID.dir/C_/VSARM/sdk/pico/pico-sdk/src/rp2_common/pico_double/double_aeabi.S.obj
                0x100045f0                double2int64
 .text.double2ufix64
                0x10004608       0x18 CMakeFiles/ROS_Robot_ENC_TEST_MOTOR_PID.dir/C_/VSARM/sdk/pico/pico-sdk/src/rp2_common/pico_double/double_aeabi.S.obj
                0x10004608                double2ufix64
 .text.__wrap___aeabi_d2f
                0x10004620       0x18 CMakeFiles/ROS_Robot_ENC_TEST_MOTOR_PID.dir/C_/VSARM/sdk/pico/pico-sdk/src/rp2_common/pico_double/double_aeabi.S.obj
                0x10004620                __wrap___aeabi_d2f
 .text.__wrap_exp
                0x10004638       0x18 CMakeFiles/ROS_Robot_ENC_TEST_MOTOR_PID.dir/C_/VSARM/sdk/pico/pico-sdk/src/rp2_common/pico_double/double_aeabi.S.obj
                0x10004638                __wrap_exp
 .text.__wrap_log
                0x10004650       0x18 CMakeFiles/ROS_Robot_ENC_TEST_MOTOR_PID.dir/C_/VSARM/sdk/pico/pico-sdk/src/rp2_common/pico_double/double_aeabi.S.obj
                0x10004650                __wrap_log
 .text.__aeabi_double_init
                0x10004668       0xc8 CMakeFiles/ROS_Robot_ENC_TEST_MOTOR_PID.dir/C_/VSARM/sdk/pico/pico-sdk/src/rp2_common/pico_double/double_init_rom.c.obj
                0x10004668                __aeabi_double_init
 .text.dpow_int2
                0x10004730       0x2c CMakeFiles/ROS_Robot_ENC_TEST_MOTOR_PID.dir/C_/VSARM/sdk/pico/pico-sdk/src/rp2_common/pico_double/double_math.c.obj
 .text.dpow_1   0x1000475c      0x2a8 CMakeFiles/ROS_Robot_ENC_TEST_MOTOR_PID.dir/C_/VSARM/sdk/pico/pico-sdk/src/rp2_common/pico_double/double_math.c.obj
 .text.dpow_0   0x10004a04      0x1a0 CMakeFiles/ROS_Robot_ENC_TEST_MOTOR_PID.dir/C_/VSARM/sdk/pico/pico-sdk/src/rp2_common/pico_double/double_math.c.obj
 .text.__wrap_ldexp
                0x10004ba4       0x50 CMakeFiles/ROS_Robot_ENC_TEST_MOTOR_PID.dir/C_/VSARM/sdk/pico/pico-sdk/src/rp2_common/pico_double/double_math.c.obj
                0x10004ba4                __wrap_ldexp
 .text.__wrap_round
                0x10004bf4       0x98 CMakeFiles/ROS_Robot_ENC_TEST_MOTOR_PID.dir/C_/VSARM/sdk/pico/pico-sdk/src/rp2_common/pico_double/double_math.c.obj
                0x10004bf4                __wrap_round
 .text.__wrap_exp2
                0x10004c8c       0xcc CMakeFiles/ROS_Robot_ENC_TEST_MOTOR_PID.dir/C_/VSARM/sdk/pico/pico-sdk/src/rp2_common/pico_double/double_math.c.obj
                0x10004c8c                __wrap_exp2
 .text.__wrap_pow
                0x10004d58      0x378 CMakeFiles/ROS_Robot_ENC_TEST_MOTOR_PID.dir/C_/VSARM/sdk/pico/pico-sdk/src/rp2_common/pico_double/double_math.c.obj
                0x10004d58                __wrap_pow
 .text.double_table_shim_on_use_helper
                0x100050d0       0x34 CMakeFiles/ROS_Robot_ENC_TEST_MOTOR_PID.dir/C_/VSARM/sdk/pico/pico-sdk/src/rp2_common/pico_double/double_v1_rom_shim.S.obj
                0x100050d0                double_table_shim_on_use_helper
 .text.__wrap___aeabi_dsub
                0x10005104       0x10 CMakeFiles/ROS_Robot_ENC_TEST_MOTOR_PID.dir/C_/VSARM/sdk/pico/pico-sdk/src/rp2_common/pico_double/double_v1_rom_shim.S.obj
                0x10005104                drsub_shim
                0x1000510a                dsub_shim
 .text.dadd_shim
                0x10005114      0x15c CMakeFiles/ROS_Robot_ENC_TEST_MOTOR_PID.dir/C_/VSARM/sdk/pico/pico-sdk/src/rp2_common/pico_double/double_v1_rom_shim.S.obj
                0x10005114                dadd_shim
 .text.dmul_shim
                0x10005270      0x15c CMakeFiles/ROS_Robot_ENC_TEST_MOTOR_PID.dir/C_/VSARM/sdk/pico/pico-sdk/src/rp2_common/pico_double/double_v1_rom_shim.S.obj
                0x10005270                dmul_shim
 .text.ddiv_shim
                0x100053cc      0x1b0 CMakeFiles/ROS_Robot_ENC_TEST_MOTOR_PID.dir/C_/VSARM/sdk/pico/pico-sdk/src/rp2_common/pico_double/double_v1_rom_shim.S.obj
                0x100053cc                ddiv_shim
 .text.double2uint_shim
                0x1000557c        0xe CMakeFiles/ROS_Robot_ENC_TEST_MOTOR_PID.dir/C_/VSARM/sdk/pico/pico-sdk/src/rp2_common/pico_double/double_v1_rom_shim.S.obj
                0x1000557c                double2uint_shim
                0x1000557e                double2ufix_shim
 .text.double2int64_shim
                0x1000558a       0x1a CMakeFiles/ROS_Robot_ENC_TEST_MOTOR_PID.dir/C_/VSARM/sdk/pico/pico-sdk/src/rp2_common/pico_double/double_v1_rom_shim.S.obj
                0x1000558a                double2int64_shim
                0x1000558c                double2fix64_shim
 .text.double2uint64_shim
                0x100055a4       0x70 CMakeFiles/ROS_Robot_ENC_TEST_MOTOR_PID.dir/C_/VSARM/sdk/pico/pico-sdk/src/rp2_common/pico_double/double_v1_rom_shim.S.obj
                0x100055a4                double2uint64_shim
                0x100055a6                double2ufix64_shim
                0x100055c6                d2fix_a
 .text.double2float_shim
                0x10005614       0x5c CMakeFiles/ROS_Robot_ENC_TEST_MOTOR_PID.dir/C_/VSARM/sdk/pico/pico-sdk/src/rp2_common/pico_double/double_v1_rom_shim.S.obj
                0x10005614                double2float_shim
 .text.x2double_shims
                0x10005670       0x90 CMakeFiles/ROS_Robot_ENC_TEST_MOTOR_PID.dir/C_/VSARM/sdk/pico/pico-sdk/src/rp2_common/pico_double/double_v1_rom_shim.S.obj
                0x10005670                uint2double_shim
                0x10005672                ufix2double_shim
                0x10005678                int2double_shim
                0x1000567a                fix2double_shim
                0x10005680                uint642double_shim
                0x10005682                ufix642double_shim
                0x10005688                int642double_shim
                0x1000568a                fix642double_shim
 .text.dunpacks
                0x10005700       0x3c CMakeFiles/ROS_Robot_ENC_TEST_MOTOR_PID.dir/C_/VSARM/sdk/pico/pico-sdk/src/rp2_common/pico_double/double_v1_rom_shim.S.obj
                0x10005700                dunpacks
 .text.dreduce  0x1000573c       0x82 CMakeFiles/ROS_Robot_ENC_TEST_MOTOR_PID.dir/C_/VSARM/sdk/pico/pico-sdk/src/rp2_common/pico_double/double_v1_rom_shim.S.obj
                0x1000573c                dreduce
 *fill*         0x100057be        0x2 
 .text.dexp_guts
                0x100057c0      0x268 CMakeFiles/ROS_Robot_ENC_TEST_MOTOR_PID.dir/C_/VSARM/sdk/pico/pico-sdk/src/rp2_common/pico_double/double_v1_rom_shim.S.obj
                0x100057c0                dexp_shim
                0x1000585c                dln_shim
 .text.__aeabi_lmul
                0x10005a28       0x32 CMakeFiles/ROS_Robot_ENC_TEST_MOTOR_PID.dir/C_/VSARM/sdk/pico/pico-sdk/src/rp2_common/pico_int64_ops/pico_int64_ops_aeabi.S.obj
                0x10005a28                __wrap___aeabi_lmul
 *fill*         0x10005a5a        0x2 
 .text.__wrap___aeabi_farithmetic
                0x10005a5c       0x58 CMakeFiles/ROS_Robot_ENC_TEST_MOTOR_PID.dir/C_/VSARM/sdk/pico/pico-sdk/src/rp2_common/pico_float/float_aeabi.S.obj
                0x10005a5c                __wrap___aeabi_frsub
                0x10005a62                __wrap___aeabi_fsub
                0x10005a6c                __wrap___aeabi_fadd
                0x10005a76                __wrap___aeabi_fdiv
                0x10005aa2                __wrap___aeabi_fmul
 .text.__wrap___aeabi_cfcmple
                0x10005ab4       0x50 CMakeFiles/ROS_Robot_ENC_TEST_MOTOR_PID.dir/C_/VSARM/sdk/pico/pico-sdk/src/rp2_common/pico_float/float_aeabi.S.obj
                0x10005ab4                __wrap___aeabi_cfrcmple
                0x10005ac0                __wrap___aeabi_cfcmple
                0x10005ac0                __wrap___aeabi_cfcmpeq
 .text.__wrap___aeabi_fcmplt
                0x10005b04        0xc CMakeFiles/ROS_Robot_ENC_TEST_MOTOR_PID.dir/C_/VSARM/sdk/pico/pico-sdk/src/rp2_common/pico_float/float_aeabi.S.obj
                0x10005b04                __wrap___aeabi_fcmplt
 .text.__wrap___aeabi_fcmpge
                0x10005b10       0x10 CMakeFiles/ROS_Robot_ENC_TEST_MOTOR_PID.dir/C_/VSARM/sdk/pico/pico-sdk/src/rp2_common/pico_float/float_aeabi.S.obj
                0x10005b10                __wrap___aeabi_fcmpge
 .text.__wrap___aeabi_fcmpgt
                0x10005b20        0xa CMakeFiles/ROS_Robot_ENC_TEST_MOTOR_PID.dir/C_/VSARM/sdk/pico/pico-sdk/src/rp2_common/pico_float/float_aeabi.S.obj
                0x10005b20                __wrap___aeabi_fcmpgt
 .text.__wrap___aeabi_ui2f
                0x10005b2a        0xa CMakeFiles/ROS_Robot_ENC_TEST_MOTOR_PID.dir/C_/VSARM/sdk/pico/pico-sdk/src/rp2_common/pico_float/float_aeabi.S.obj
                0x10005b2a                __wrap___aeabi_ui2f
 .text.__wrap___aeabi_i2f
                0x10005b34       0x44 CMakeFiles/ROS_Robot_ENC_TEST_MOTOR_PID.dir/C_/VSARM/sdk/pico/pico-sdk/src/rp2_common/pico_float/float_aeabi.S.obj
                0x10005b34                __wrap___aeabi_i2f
 .text.__wrap___aeabi_f2iz
                0x10005b78       0x4e CMakeFiles/ROS_Robot_ENC_TEST_MOTOR_PID.dir/C_/VSARM/sdk/pico/pico-sdk/src/rp2_common/pico_float/float_aeabi.S.obj
                0x10005b78                float2int_z
                0x10005b78                __wrap___aeabi_f2iz
 *fill*         0x10005bc6        0x2 
 .text.float2int
                0x10005bc8       0x14 CMakeFiles/ROS_Robot_ENC_TEST_MOTOR_PID.dir/C_/VSARM/sdk/pico/pico-sdk/src/rp2_common/pico_float/float_aeabi.S.obj
                0x10005bc8                float2int
 .text.__wrap___aeabi_f2uiz
                0x10005bdc       0x10 CMakeFiles/ROS_Robot_ENC_TEST_MOTOR_PID.dir/C_/VSARM/sdk/pico/pico-sdk/src/rp2_common/pico_float/float_aeabi.S.obj
                0x10005bdc                __wrap___aeabi_f2uiz
 .text.__wrap___aeabi_f2d
                0x10005bec       0x14 CMakeFiles/ROS_Robot_ENC_TEST_MOTOR_PID.dir/C_/VSARM/sdk/pico/pico-sdk/src/rp2_common/pico_float/float_aeabi.S.obj
                0x10005bec                __wrap___aeabi_f2d
 .text.__aeabi_float_init
                0x10005c00       0xfc CMakeFiles/ROS_Robot_ENC_TEST_MOTOR_PID.dir/C_/VSARM/sdk/pico/pico-sdk/src/rp2_common/pico_float/float_init_rom.c.obj
                0x10005c00                __aeabi_float_init
 .text.float_table_shim_on_use_helper
                0x10005cfc       0x34 CMakeFiles/ROS_Robot_ENC_TEST_MOTOR_PID.dir/C_/VSARM/sdk/pico/pico-sdk/src/rp2_common/pico_float/float_v1_rom_shim.S.obj
                0x10005cfc                float_table_shim_on_use_helper
 .text.float232_shims
                0x10005d30       0x18 CMakeFiles/ROS_Robot_ENC_TEST_MOTOR_PID.dir/C_/VSARM/sdk/pico/pico-sdk/src/rp2_common/pico_float/float_v1_rom_shim.S.obj
                0x10005d30                float2int_shim
                0x10005d32                float2fix_shim
 .text.float2double_shim
                0x10005d48       0x30 CMakeFiles/ROS_Robot_ENC_TEST_MOTOR_PID.dir/C_/VSARM/sdk/pico/pico-sdk/src/rp2_common/pico_float/float_v1_rom_shim.S.obj
                0x10005d48                float2double_shim
 .text.__wrap_malloc
                0x10005d78       0x24 CMakeFiles/ROS_Robot_ENC_TEST_MOTOR_PID.dir/C_/VSARM/sdk/pico/pico-sdk/src/rp2_common/pico_malloc/pico_malloc.c.obj
                0x10005d78                __wrap_malloc
 .text.__wrap_realloc
                0x10005d9c       0x24 CMakeFiles/ROS_Robot_ENC_TEST_MOTOR_PID.dir/C_/VSARM/sdk/pico/pico-sdk/src/rp2_common/pico_malloc/pico_malloc.c.obj
                0x10005d9c                __wrap_realloc
 .text.__wrap_free
                0x10005dc0        0x8 CMakeFiles/ROS_Robot_ENC_TEST_MOTOR_PID.dir/C_/VSARM/sdk/pico/pico-sdk/src/rp2_common/pico_malloc/pico_malloc.c.obj
                0x10005dc0                __wrap_free
 .text          0x10005dc8       0x10 CMakeFiles/ROS_Robot_ENC_TEST_MOTOR_PID.dir/C_/VSARM/sdk/pico/pico-sdk/src/rp2_common/pico_mem_ops/mem_ops_aeabi.S.obj
                0x10005dc8                __aeabi_mem_init
 .text.memset   0x10005dd8        0xc CMakeFiles/ROS_Robot_ENC_TEST_MOTOR_PID.dir/C_/VSARM/sdk/pico/pico-sdk/src/rp2_common/pico_mem_ops/mem_ops_aeabi.S.obj
                0x10005dd8                __wrap_memset
 .text.memcpy   0x10005de4        0xc CMakeFiles/ROS_Robot_ENC_TEST_MOTOR_PID.dir/C_/VSARM/sdk/pico/pico-sdk/src/rp2_common/pico_mem_ops/mem_ops_aeabi.S.obj
                0x10005de4                __wrap_memcpy
                0x10005de4                __wrap___aeabi_memcpy
 .text.stdio_out_chars_no_crlf
                0x10005df0        0xe CMakeFiles/ROS_Robot_ENC_TEST_MOTOR_PID.dir/C_/VSARM/sdk/pico/pico-sdk/src/rp2_common/pico_stdio/stdio.c.obj
 .text.stdio_out_chars_crlf
                0x10005dfe        0xe CMakeFiles/ROS_Robot_ENC_TEST_MOTOR_PID.dir/C_/VSARM/sdk/pico/pico-sdk/src/rp2_common/pico_stdio/stdio.c.obj
 .text.stdio_stack_buffer_flush
                0x10005e0c       0x44 CMakeFiles/ROS_Robot_ENC_TEST_MOTOR_PID.dir/C_/VSARM/sdk/pico/pico-sdk/src/rp2_common/pico_stdio/stdio.c.obj
 .text.stdio_buffered_printer
                0x10005e50       0x20 CMakeFiles/ROS_Robot_ENC_TEST_MOTOR_PID.dir/C_/VSARM/sdk/pico/pico-sdk/src/rp2_common/pico_stdio/stdio.c.obj
 .text.stdio_get_until
                0x10005e70       0x80 CMakeFiles/ROS_Robot_ENC_TEST_MOTOR_PID.dir/C_/VSARM/sdk/pico/pico-sdk/src/rp2_common/pico_stdio/stdio.c.obj
 .text.stdout_serialize_begin
                0x10005ef0       0x30 CMakeFiles/ROS_Robot_ENC_TEST_MOTOR_PID.dir/C_/VSARM/sdk/pico/pico-sdk/src/rp2_common/pico_stdio/stdio.c.obj
                0x10005ef0                stdout_serialize_begin
 .text.stdout_serialize_end
                0x10005f20       0x10 CMakeFiles/ROS_Robot_ENC_TEST_MOTOR_PID.dir/C_/VSARM/sdk/pico/pico-sdk/src/rp2_common/pico_stdio/stdio.c.obj
                0x10005f20                stdout_serialize_end
 .text.stdio_put_string
                0x10005f30       0x98 CMakeFiles/ROS_Robot_ENC_TEST_MOTOR_PID.dir/C_/VSARM/sdk/pico/pico-sdk/src/rp2_common/pico_stdio/stdio.c.obj
 .text._read    0x10005fc8       0x24 CMakeFiles/ROS_Robot_ENC_TEST_MOTOR_PID.dir/C_/VSARM/sdk/pico/pico-sdk/src/rp2_common/pico_stdio/stdio.c.obj
                0x10005fc8                _read
 .text._write   0x10005fec       0x22 CMakeFiles/ROS_Robot_ENC_TEST_MOTOR_PID.dir/C_/VSARM/sdk/pico/pico-sdk/src/rp2_common/pico_stdio/stdio.c.obj
                0x10005fec                _write
 *fill*         0x1000600e        0x2 
 .text.stdio_set_driver_enabled
                0x10006010       0x2c CMakeFiles/ROS_Robot_ENC_TEST_MOTOR_PID.dir/C_/VSARM/sdk/pico/pico-sdk/src/rp2_common/pico_stdio/stdio.c.obj
                0x10006010                stdio_set_driver_enabled
 .text.stdio_flush
                0x1000603c       0x20 CMakeFiles/ROS_Robot_ENC_TEST_MOTOR_PID.dir/C_/VSARM/sdk/pico/pico-sdk/src/rp2_common/pico_stdio/stdio.c.obj
                0x1000603c                stdio_flush
 .text.__wrap_puts
                0x1000605c       0x1e CMakeFiles/ROS_Robot_ENC_TEST_MOTOR_PID.dir/C_/VSARM/sdk/pico/pico-sdk/src/rp2_common/pico_stdio/stdio.c.obj
                0x1000605c                __wrap_puts
 *fill*         0x1000607a        0x2 
 .text.__wrap_vprintf
                0x1000607c       0x44 CMakeFiles/ROS_Robot_ENC_TEST_MOTOR_PID.dir/C_/VSARM/sdk/pico/pico-sdk/src/rp2_common/pico_stdio/stdio.c.obj
                0x1000607c                __wrap_vprintf
 .text.__wrap_printf
                0x100060c0       0x18 CMakeFiles/ROS_Robot_ENC_TEST_MOTOR_PID.dir/C_/VSARM/sdk/pico/pico-sdk/src/rp2_common/pico_stdio/stdio.c.obj
                0x100060c0                __wrap_printf
 .text.stdio_init_all
                0x100060d8        0x8 CMakeFiles/ROS_Robot_ENC_TEST_MOTOR_PID.dir/C_/VSARM/sdk/pico/pico-sdk/src/rp2_common/pico_stdio/stdio.c.obj
                0x100060d8                stdio_init_all
 .text.resetd_init
                0x100060e0        0x2 CMakeFiles/ROS_Robot_ENC_TEST_MOTOR_PID.dir/C_/VSARM/sdk/pico/pico-sdk/src/rp2_common/pico_stdio_usb/reset_interface.c.obj
 *fill*         0x100060e2        0x2 
 .text.resetd_reset
                0x100060e4        0xc CMakeFiles/ROS_Robot_ENC_TEST_MOTOR_PID.dir/C_/VSARM/sdk/pico/pico-sdk/src/rp2_common/pico_stdio_usb/reset_interface.c.obj
 .text.resetd_open
                0x100060f0       0x34 CMakeFiles/ROS_Robot_ENC_TEST_MOTOR_PID.dir/C_/VSARM/sdk/pico/pico-sdk/src/rp2_common/pico_stdio_usb/reset_interface.c.obj
 .text.resetd_xfer_cb
                0x10006124        0x4 CMakeFiles/ROS_Robot_ENC_TEST_MOTOR_PID.dir/C_/VSARM/sdk/pico/pico-sdk/src/rp2_common/pico_stdio_usb/reset_interface.c.obj
 .text.reset_usb_boot
                0x10006128       0x18 CMakeFiles/ROS_Robot_ENC_TEST_MOTOR_PID.dir/C_/VSARM/sdk/pico/pico-sdk/src/rp2_common/pico_stdio_usb/reset_interface.c.obj
 .text.resetd_control_xfer_cb
                0x10006140       0x5c CMakeFiles/ROS_Robot_ENC_TEST_MOTOR_PID.dir/C_/VSARM/sdk/pico/pico-sdk/src/rp2_common/pico_stdio_usb/reset_interface.c.obj
 .text.usbd_app_driver_get_cb
                0x1000619c        0xc CMakeFiles/ROS_Robot_ENC_TEST_MOTOR_PID.dir/C_/VSARM/sdk/pico/pico-sdk/src/rp2_common/pico_stdio_usb/reset_interface.c.obj
                0x1000619c                usbd_app_driver_get_cb
 .text.tud_cdc_line_coding_cb
                0x100061a8       0x28 CMakeFiles/ROS_Robot_ENC_TEST_MOTOR_PID.dir/C_/VSARM/sdk/pico/pico-sdk/src/rp2_common/pico_stdio_usb/reset_interface.c.obj
                0x100061a8                tud_cdc_line_coding_cb
 .text.stdio_usb_in_chars
                0x100061d0       0x70 CMakeFiles/ROS_Robot_ENC_TEST_MOTOR_PID.dir/C_/VSARM/sdk/pico/pico-sdk/src/rp2_common/pico_stdio_usb/stdio_usb.c.obj
                0x100061d0                stdio_usb_in_chars
 .text.low_priority_worker_irq
                0x10006240       0x20 CMakeFiles/ROS_Robot_ENC_TEST_MOTOR_PID.dir/C_/VSARM/sdk/pico/pico-sdk/src/rp2_common/pico_stdio_usb/stdio_usb.c.obj
 .text.stdio_usb_out_chars
                0x10006260       0xd4 CMakeFiles/ROS_Robot_ENC_TEST_MOTOR_PID.dir/C_/VSARM/sdk/pico/pico-sdk/src/rp2_common/pico_stdio_usb/stdio_usb.c.obj
 .text.timer_task
                0x10006334       0x40 CMakeFiles/ROS_Robot_ENC_TEST_MOTOR_PID.dir/C_/VSARM/sdk/pico/pico-sdk/src/rp2_common/pico_stdio_usb/stdio_usb.c.obj
 .text.usb_irq  0x10006374       0x10 CMakeFiles/ROS_Robot_ENC_TEST_MOTOR_PID.dir/C_/VSARM/sdk/pico/pico-sdk/src/rp2_common/pico_stdio_usb/stdio_usb.c.obj
 .text.stdio_usb_init
                0x10006384       0xec CMakeFiles/ROS_Robot_ENC_TEST_MOTOR_PID.dir/C_/VSARM/sdk/pico/pico-sdk/src/rp2_common/pico_stdio_usb/stdio_usb.c.obj
                0x10006384                stdio_usb_init
 .text.tud_descriptor_device_cb
                0x10006470        0x8 CMakeFiles/ROS_Robot_ENC_TEST_MOTOR_PID.dir/C_/VSARM/sdk/pico/pico-sdk/src/rp2_common/pico_stdio_usb/stdio_usb_descriptors.c.obj
                0x10006470                tud_descriptor_device_cb
 .text.tud_descriptor_configuration_cb
                0x10006478        0x8 CMakeFiles/ROS_Robot_ENC_TEST_MOTOR_PID.dir/C_/VSARM/sdk/pico/pico-sdk/src/rp2_common/pico_stdio_usb/stdio_usb_descriptors.c.obj
                0x10006478                tud_descriptor_configuration_cb
 .text.tud_descriptor_string_cb
                0x10006480       0x6c CMakeFiles/ROS_Robot_ENC_TEST_MOTOR_PID.dir/C_/VSARM/sdk/pico/pico-sdk/src/rp2_common/pico_stdio_usb/stdio_usb_descriptors.c.obj
                0x10006480                tud_descriptor_string_cb
 .text.hw_endpoint_get_by_addr
                0x100064ec       0x18 CMakeFiles/ROS_Robot_ENC_TEST_MOTOR_PID.dir/C_/VSARM/sdk/pico/pico-sdk/lib/tinyusb/src/portable/raspberrypi/rp2040/dcd_rp2040.c.obj
 .text.reset_ep0_pid
                0x10006504       0x28 CMakeFiles/ROS_Robot_ENC_TEST_MOTOR_PID.dir/C_/VSARM/sdk/pico/pico-sdk/lib/tinyusb/src/portable/raspberrypi/rp2040/dcd_rp2040.c.obj
 .text._hw_endpoint_alloc
                0x1000652c       0x70 CMakeFiles/ROS_Robot_ENC_TEST_MOTOR_PID.dir/C_/VSARM/sdk/pico/pico-sdk/lib/tinyusb/src/portable/raspberrypi/rp2040/dcd_rp2040.c.obj
 .text.hw_endpoint_init
                0x1000659c       0x88 CMakeFiles/ROS_Robot_ENC_TEST_MOTOR_PID.dir/C_/VSARM/sdk/pico/pico-sdk/lib/tinyusb/src/portable/raspberrypi/rp2040/dcd_rp2040.c.obj
 .text.reset_non_control_endpoints
                0x10006624       0x40 CMakeFiles/ROS_Robot_ENC_TEST_MOTOR_PID.dir/C_/VSARM/sdk/pico/pico-sdk/lib/tinyusb/src/portable/raspberrypi/rp2040/dcd_rp2040.c.obj
 .text.hw_handle_buff_status
                0x10006664       0x8c CMakeFiles/ROS_Robot_ENC_TEST_MOTOR_PID.dir/C_/VSARM/sdk/pico/pico-sdk/lib/tinyusb/src/portable/raspberrypi/rp2040/dcd_rp2040.c.obj
 .text.dcd_rp2040_irq
                0x100066f0       0xc0 CMakeFiles/ROS_Robot_ENC_TEST_MOTOR_PID.dir/C_/VSARM/sdk/pico/pico-sdk/lib/tinyusb/src/portable/raspberrypi/rp2040/dcd_rp2040.c.obj
 .text.hw_endpoint_xfer
                0x100067b0       0x14 CMakeFiles/ROS_Robot_ENC_TEST_MOTOR_PID.dir/C_/VSARM/sdk/pico/pico-sdk/lib/tinyusb/src/portable/raspberrypi/rp2040/dcd_rp2040.c.obj
 .text.dcd_int_enable
                0x100067c4       0x2c CMakeFiles/ROS_Robot_ENC_TEST_MOTOR_PID.dir/C_/VSARM/sdk/pico/pico-sdk/lib/tinyusb/src/portable/raspberrypi/rp2040/dcd_rp2040.c.obj
                0x100067c4                dcd_int_enable
 .text.dcd_set_address
                0x100067f0       0x2c CMakeFiles/ROS_Robot_ENC_TEST_MOTOR_PID.dir/C_/VSARM/sdk/pico/pico-sdk/lib/tinyusb/src/portable/raspberrypi/rp2040/dcd_rp2040.c.obj
                0x100067f0                dcd_set_address
 .text.dcd_connect
                0x1000681c       0x10 CMakeFiles/ROS_Robot_ENC_TEST_MOTOR_PID.dir/C_/VSARM/sdk/pico/pico-sdk/lib/tinyusb/src/portable/raspberrypi/rp2040/dcd_rp2040.c.obj
                0x1000681c                dcd_connect
 .text.dcd_init
                0x1000682c       0x7c CMakeFiles/ROS_Robot_ENC_TEST_MOTOR_PID.dir/C_/VSARM/sdk/pico/pico-sdk/lib/tinyusb/src/portable/raspberrypi/rp2040/dcd_rp2040.c.obj
                0x1000682c                dcd_init
 .text.dcd_edpt0_status_complete
                0x100068a8       0x1c CMakeFiles/ROS_Robot_ENC_TEST_MOTOR_PID.dir/C_/VSARM/sdk/pico/pico-sdk/lib/tinyusb/src/portable/raspberrypi/rp2040/dcd_rp2040.c.obj
                0x100068a8                dcd_edpt0_status_complete
 .text.dcd_edpt_open
                0x100068c4       0x40 CMakeFiles/ROS_Robot_ENC_TEST_MOTOR_PID.dir/C_/VSARM/sdk/pico/pico-sdk/lib/tinyusb/src/portable/raspberrypi/rp2040/dcd_rp2040.c.obj
                0x100068c4                dcd_edpt_open
 .text.dcd_edpt_close_all
                0x10006904        0x8 CMakeFiles/ROS_Robot_ENC_TEST_MOTOR_PID.dir/C_/VSARM/sdk/pico/pico-sdk/lib/tinyusb/src/portable/raspberrypi/rp2040/dcd_rp2040.c.obj
                0x10006904                dcd_edpt_close_all
 .text.dcd_edpt_xfer
                0x1000690c       0x30 CMakeFiles/ROS_Robot_ENC_TEST_MOTOR_PID.dir/C_/VSARM/sdk/pico/pico-sdk/lib/tinyusb/src/portable/raspberrypi/rp2040/dcd_rp2040.c.obj
                0x1000690c                dcd_edpt_xfer
 .text.dcd_edpt_stall
                0x1000693c       0x2c CMakeFiles/ROS_Robot_ENC_TEST_MOTOR_PID.dir/C_/VSARM/sdk/pico/pico-sdk/lib/tinyusb/src/portable/raspberrypi/rp2040/dcd_rp2040.c.obj
                0x1000693c                dcd_edpt_stall
 .text.dcd_edpt_clear_stall
                0x10006968       0x20 CMakeFiles/ROS_Robot_ENC_TEST_MOTOR_PID.dir/C_/VSARM/sdk/pico/pico-sdk/lib/tinyusb/src/portable/raspberrypi/rp2040/dcd_rp2040.c.obj
                0x10006968                dcd_edpt_clear_stall
 .text.prepare_ep_buffer
                0x10006988       0x6c CMakeFiles/ROS_Robot_ENC_TEST_MOTOR_PID.dir/C_/VSARM/sdk/pico/pico-sdk/lib/tinyusb/src/portable/raspberrypi/rp2040/rp2040_usb.c.obj
 .text.sync_ep_buffer
                0x100069f4       0x78 CMakeFiles/ROS_Robot_ENC_TEST_MOTOR_PID.dir/C_/VSARM/sdk/pico/pico-sdk/lib/tinyusb/src/portable/raspberrypi/rp2040/rp2040_usb.c.obj
 .text._hw_endpoint_xfer_sync
                0x10006a6c       0x28 CMakeFiles/ROS_Robot_ENC_TEST_MOTOR_PID.dir/C_/VSARM/sdk/pico/pico-sdk/lib/tinyusb/src/portable/raspberrypi/rp2040/rp2040_usb.c.obj
 .text.rp2040_usb_init
                0x10006a94       0x4c CMakeFiles/ROS_Robot_ENC_TEST_MOTOR_PID.dir/C_/VSARM/sdk/pico/pico-sdk/lib/tinyusb/src/portable/raspberrypi/rp2040/rp2040_usb.c.obj
                0x10006a94                rp2040_usb_init
 .text.hw_endpoint_reset_transfer
                0x10006ae0        0xc CMakeFiles/ROS_Robot_ENC_TEST_MOTOR_PID.dir/C_/VSARM/sdk/pico/pico-sdk/lib/tinyusb/src/portable/raspberrypi/rp2040/rp2040_usb.c.obj
                0x10006ae0                hw_endpoint_reset_transfer
 .text._hw_endpoint_buffer_control_update32
                0x10006aec       0x58 CMakeFiles/ROS_Robot_ENC_TEST_MOTOR_PID.dir/C_/VSARM/sdk/pico/pico-sdk/lib/tinyusb/src/portable/raspberrypi/rp2040/rp2040_usb.c.obj
                0x10006aec                _hw_endpoint_buffer_control_update32
 .text._hw_endpoint_start_next_buffer
                0x10006b44       0x74 CMakeFiles/ROS_Robot_ENC_TEST_MOTOR_PID.dir/C_/VSARM/sdk/pico/pico-sdk/lib/tinyusb/src/portable/raspberrypi/rp2040/rp2040_usb.c.obj
 .text.hw_endpoint_xfer_start
                0x10006bb8       0x48 CMakeFiles/ROS_Robot_ENC_TEST_MOTOR_PID.dir/C_/VSARM/sdk/pico/pico-sdk/lib/tinyusb/src/portable/raspberrypi/rp2040/rp2040_usb.c.obj
                0x10006bb8                hw_endpoint_xfer_start
 .text.hw_endpoint_xfer_continue
                0x10006c00       0x38 CMakeFiles/ROS_Robot_ENC_TEST_MOTOR_PID.dir/C_/VSARM/sdk/pico/pico-sdk/lib/tinyusb/src/portable/raspberrypi/rp2040/rp2040_usb.c.obj
                0x10006c00                hw_endpoint_xfer_continue
 .text.configuration_reset
                0x10006c38       0x84 CMakeFiles/ROS_Robot_ENC_TEST_MOTOR_PID.dir/C_/VSARM/sdk/pico/pico-sdk/lib/tinyusb/src/device/usbd.c.obj
 .text.usbd_reset
                0x10006cbc        0xc CMakeFiles/ROS_Robot_ENC_TEST_MOTOR_PID.dir/C_/VSARM/sdk/pico/pico-sdk/lib/tinyusb/src/device/usbd.c.obj
 .text.invoke_class_control
                0x10006cc8       0x1a CMakeFiles/ROS_Robot_ENC_TEST_MOTOR_PID.dir/C_/VSARM/sdk/pico/pico-sdk/lib/tinyusb/src/device/usbd.c.obj
 *fill*         0x10006ce2        0x2 
 .text.process_set_config
                0x10006ce4      0x1b0 CMakeFiles/ROS_Robot_ENC_TEST_MOTOR_PID.dir/C_/VSARM/sdk/pico/pico-sdk/lib/tinyusb/src/device/usbd.c.obj
 .text.process_get_descriptor
                0x10006e94       0xec CMakeFiles/ROS_Robot_ENC_TEST_MOTOR_PID.dir/C_/VSARM/sdk/pico/pico-sdk/lib/tinyusb/src/device/usbd.c.obj
 .text.tud_mounted
                0x10006f80       0x10 CMakeFiles/ROS_Robot_ENC_TEST_MOTOR_PID.dir/C_/VSARM/sdk/pico/pico-sdk/lib/tinyusb/src/device/usbd.c.obj
                0x10006f80                tud_mounted
 .text.tud_suspended
                0x10006f90       0x10 CMakeFiles/ROS_Robot_ENC_TEST_MOTOR_PID.dir/C_/VSARM/sdk/pico/pico-sdk/lib/tinyusb/src/device/usbd.c.obj
                0x10006f90                tud_suspended
 .text.tud_inited
                0x10006fa0        0xc CMakeFiles/ROS_Robot_ENC_TEST_MOTOR_PID.dir/C_/VSARM/sdk/pico/pico-sdk/lib/tinyusb/src/device/usbd.c.obj
                0x10006fa0                tud_inited
 .text.tud_init
                0x10006fac       0xcc CMakeFiles/ROS_Robot_ENC_TEST_MOTOR_PID.dir/C_/VSARM/sdk/pico/pico-sdk/lib/tinyusb/src/device/usbd.c.obj
                0x10006fac                tud_init
 .text.dcd_event_handler
                0x10007078      0x1e0 CMakeFiles/ROS_Robot_ENC_TEST_MOTOR_PID.dir/C_/VSARM/sdk/pico/pico-sdk/lib/tinyusb/src/device/usbd.c.obj
                0x10007078                dcd_event_handler
 .text.dcd_event_bus_signal
                0x10007258       0x26 CMakeFiles/ROS_Robot_ENC_TEST_MOTOR_PID.dir/C_/VSARM/sdk/pico/pico-sdk/lib/tinyusb/src/device/usbd.c.obj
                0x10007258                dcd_event_bus_signal
 .text.dcd_event_bus_reset
                0x1000727e       0x2a CMakeFiles/ROS_Robot_ENC_TEST_MOTOR_PID.dir/C_/VSARM/sdk/pico/pico-sdk/lib/tinyusb/src/device/usbd.c.obj
                0x1000727e                dcd_event_bus_reset
 .text.dcd_event_setup_received
                0x100072a8       0x34 CMakeFiles/ROS_Robot_ENC_TEST_MOTOR_PID.dir/C_/VSARM/sdk/pico/pico-sdk/lib/tinyusb/src/device/usbd.c.obj
                0x100072a8                dcd_event_setup_received
 .text.dcd_event_xfer_complete
                0x100072dc       0x44 CMakeFiles/ROS_Robot_ENC_TEST_MOTOR_PID.dir/C_/VSARM/sdk/pico/pico-sdk/lib/tinyusb/src/device/usbd.c.obj
                0x100072dc                dcd_event_xfer_complete
 .text.usbd_edpt_open
                0x10007320       0x58 CMakeFiles/ROS_Robot_ENC_TEST_MOTOR_PID.dir/C_/VSARM/sdk/pico/pico-sdk/lib/tinyusb/src/device/usbd.c.obj
                0x10007320                usbd_edpt_open
 .text.usbd_open_edpt_pair
                0x10007378       0x8c CMakeFiles/ROS_Robot_ENC_TEST_MOTOR_PID.dir/C_/VSARM/sdk/pico/pico-sdk/lib/tinyusb/src/device/usbd.c.obj
                0x10007378                usbd_open_edpt_pair
 .text.usbd_edpt_claim
                0x10007404       0x8c CMakeFiles/ROS_Robot_ENC_TEST_MOTOR_PID.dir/C_/VSARM/sdk/pico/pico-sdk/lib/tinyusb/src/device/usbd.c.obj
                0x10007404                usbd_edpt_claim
 .text.usbd_edpt_release
                0x10007490       0x68 CMakeFiles/ROS_Robot_ENC_TEST_MOTOR_PID.dir/C_/VSARM/sdk/pico/pico-sdk/lib/tinyusb/src/device/usbd.c.obj
                0x10007490                usbd_edpt_release
 .text.usbd_edpt_xfer
                0x100074f8       0x84 CMakeFiles/ROS_Robot_ENC_TEST_MOTOR_PID.dir/C_/VSARM/sdk/pico/pico-sdk/lib/tinyusb/src/device/usbd.c.obj
                0x100074f8                usbd_edpt_xfer
 .text.usbd_edpt_stall
                0x1000757c       0x40 CMakeFiles/ROS_Robot_ENC_TEST_MOTOR_PID.dir/C_/VSARM/sdk/pico/pico-sdk/lib/tinyusb/src/device/usbd.c.obj
                0x1000757c                usbd_edpt_stall
 .text.usbd_edpt_clear_stall
                0x100075bc       0x40 CMakeFiles/ROS_Robot_ENC_TEST_MOTOR_PID.dir/C_/VSARM/sdk/pico/pico-sdk/lib/tinyusb/src/device/usbd.c.obj
                0x100075bc                usbd_edpt_clear_stall
 .text.usbd_edpt_stalled
                0x100075fc       0x1c CMakeFiles/ROS_Robot_ENC_TEST_MOTOR_PID.dir/C_/VSARM/sdk/pico/pico-sdk/lib/tinyusb/src/device/usbd.c.obj
                0x100075fc                usbd_edpt_stalled
 .text.process_control_request
                0x10007618      0x3b8 CMakeFiles/ROS_Robot_ENC_TEST_MOTOR_PID.dir/C_/VSARM/sdk/pico/pico-sdk/lib/tinyusb/src/device/usbd.c.obj
 .text.tud_task
                0x100079d0      0x218 CMakeFiles/ROS_Robot_ENC_TEST_MOTOR_PID.dir/C_/VSARM/sdk/pico/pico-sdk/lib/tinyusb/src/device/usbd.c.obj
                0x100079d0                tud_task
 .text._data_stage_xact
                0x10007be8       0x58 CMakeFiles/ROS_Robot_ENC_TEST_MOTOR_PID.dir/C_/VSARM/sdk/pico/pico-sdk/lib/tinyusb/src/device/usbd_control.c.obj
 .text.tud_control_status
                0x10007c40       0x38 CMakeFiles/ROS_Robot_ENC_TEST_MOTOR_PID.dir/C_/VSARM/sdk/pico/pico-sdk/lib/tinyusb/src/device/usbd_control.c.obj
                0x10007c40                tud_control_status
 .text.tud_control_xfer
                0x10007c78       0xa8 CMakeFiles/ROS_Robot_ENC_TEST_MOTOR_PID.dir/C_/VSARM/sdk/pico/pico-sdk/lib/tinyusb/src/device/usbd_control.c.obj
                0x10007c78                tud_control_xfer
 .text.usbd_control_reset
                0x10007d20       0x14 CMakeFiles/ROS_Robot_ENC_TEST_MOTOR_PID.dir/C_/VSARM/sdk/pico/pico-sdk/lib/tinyusb/src/device/usbd_control.c.obj
                0x10007d20                usbd_control_reset
 .text.usbd_control_set_complete_callback
                0x10007d34        0xc CMakeFiles/ROS_Robot_ENC_TEST_MOTOR_PID.dir/C_/VSARM/sdk/pico/pico-sdk/lib/tinyusb/src/device/usbd_control.c.obj
                0x10007d34                usbd_control_set_complete_callback
 .text.usbd_control_set_request
                0x10007d40       0x1c CMakeFiles/ROS_Robot_ENC_TEST_MOTOR_PID.dir/C_/VSARM/sdk/pico/pico-sdk/lib/tinyusb/src/device/usbd_control.c.obj
                0x10007d40                usbd_control_set_request
 .text.usbd_control_xfer_cb
                0x10007d5c       0xfc CMakeFiles/ROS_Robot_ENC_TEST_MOTOR_PID.dir/C_/VSARM/sdk/pico/pico-sdk/lib/tinyusb/src/device/usbd_control.c.obj
                0x10007d5c                usbd_control_xfer_cb
 .text._prep_out_transaction
                0x10007e58       0x46 CMakeFiles/ROS_Robot_ENC_TEST_MOTOR_PID.dir/C_/VSARM/sdk/pico/pico-sdk/lib/tinyusb/src/class/cdc/cdc_device.c.obj
 *fill*         0x10007e9e        0x2 
 .text.tud_cdc_n_connected
                0x10007ea0       0x44 CMakeFiles/ROS_Robot_ENC_TEST_MOTOR_PID.dir/C_/VSARM/sdk/pico/pico-sdk/lib/tinyusb/src/class/cdc/cdc_device.c.obj
                0x10007ea0                tud_cdc_n_connected
 .text.tud_cdc_n_available
                0x10007ee4       0x18 CMakeFiles/ROS_Robot_ENC_TEST_MOTOR_PID.dir/C_/VSARM/sdk/pico/pico-sdk/lib/tinyusb/src/class/cdc/cdc_device.c.obj
                0x10007ee4                tud_cdc_n_available
 .text.tud_cdc_n_read
                0x10007efc       0x28 CMakeFiles/ROS_Robot_ENC_TEST_MOTOR_PID.dir/C_/VSARM/sdk/pico/pico-sdk/lib/tinyusb/src/class/cdc/cdc_device.c.obj
                0x10007efc                tud_cdc_n_read
 .text.tud_cdc_n_write_flush
                0x10007f24       0xcc CMakeFiles/ROS_Robot_ENC_TEST_MOTOR_PID.dir/C_/VSARM/sdk/pico/pico-sdk/lib/tinyusb/src/class/cdc/cdc_device.c.obj
                0x10007f24                tud_cdc_n_write_flush
 .text.tud_cdc_n_write
                0x10007ff0       0x38 CMakeFiles/ROS_Robot_ENC_TEST_MOTOR_PID.dir/C_/VSARM/sdk/pico/pico-sdk/lib/tinyusb/src/class/cdc/cdc_device.c.obj
                0x10007ff0                tud_cdc_n_write
 .text.tud_cdc_n_write_available
                0x10008028       0x1c CMakeFiles/ROS_Robot_ENC_TEST_MOTOR_PID.dir/C_/VSARM/sdk/pico/pico-sdk/lib/tinyusb/src/class/cdc/cdc_device.c.obj
                0x10008028                tud_cdc_n_write_available
 .text.cdcd_init
                0x10008044       0xbc CMakeFiles/ROS_Robot_ENC_TEST_MOTOR_PID.dir/C_/VSARM/sdk/pico/pico-sdk/lib/tinyusb/src/class/cdc/cdc_device.c.obj
                0x10008044                cdcd_init
 .text.cdcd_reset
                0x10008100       0x44 CMakeFiles/ROS_Robot_ENC_TEST_MOTOR_PID.dir/C_/VSARM/sdk/pico/pico-sdk/lib/tinyusb/src/class/cdc/cdc_device.c.obj
                0x10008100                cdcd_reset
 .text.cdcd_open
                0x10008144       0xf8 CMakeFiles/ROS_Robot_ENC_TEST_MOTOR_PID.dir/C_/VSARM/sdk/pico/pico-sdk/lib/tinyusb/src/class/cdc/cdc_device.c.obj
                0x10008144                cdcd_open
 .text.cdcd_control_xfer_cb
                0x1000823c      0x134 CMakeFiles/ROS_Robot_ENC_TEST_MOTOR_PID.dir/C_/VSARM/sdk/pico/pico-sdk/lib/tinyusb/src/class/cdc/cdc_device.c.obj
                0x1000823c                cdcd_control_xfer_cb
 .text.cdcd_xfer_cb
                0x10008370      0x144 CMakeFiles/ROS_Robot_ENC_TEST_MOTOR_PID.dir/C_/VSARM/sdk/pico/pico-sdk/lib/tinyusb/src/class/cdc/cdc_device.c.obj
                0x10008370                cdcd_xfer_cb
 .text.tusb_init
                0x100084b4       0x24 CMakeFiles/ROS_Robot_ENC_TEST_MOTOR_PID.dir/C_/VSARM/sdk/pico/pico-sdk/lib/tinyusb/src/tusb.c.obj
                0x100084b4                tusb_init
 .text.tusb_inited
                0x100084d8        0xe CMakeFiles/ROS_Robot_ENC_TEST_MOTOR_PID.dir/C_/VSARM/sdk/pico/pico-sdk/lib/tinyusb/src/tusb.c.obj
                0x100084d8                tusb_inited
 *fill*         0x100084e6        0x2 
 .text.tu_edpt_validate
                0x100084e8       0xa8 CMakeFiles/ROS_Robot_ENC_TEST_MOTOR_PID.dir/C_/VSARM/sdk/pico/pico-sdk/lib/tinyusb/src/tusb.c.obj
                0x100084e8                tu_edpt_validate
 .text.tu_edpt_bind_driver
                0x10008590       0x2a CMakeFiles/ROS_Robot_ENC_TEST_MOTOR_PID.dir/C_/VSARM/sdk/pico/pico-sdk/lib/tinyusb/src/tusb.c.obj
                0x10008590                tu_edpt_bind_driver
 .text.advance_pointer
                0x100085ba       0x18 CMakeFiles/ROS_Robot_ENC_TEST_MOTOR_PID.dir/C_/VSARM/sdk/pico/pico-sdk/lib/tinyusb/src/common/tusb_fifo.c.obj
 .text.backward_pointer
                0x100085d2       0x1e CMakeFiles/ROS_Robot_ENC_TEST_MOTOR_PID.dir/C_/VSARM/sdk/pico/pico-sdk/lib/tinyusb/src/common/tusb_fifo.c.obj
 .text.get_relative_pointer
                0x100085f0       0x10 CMakeFiles/ROS_Robot_ENC_TEST_MOTOR_PID.dir/C_/VSARM/sdk/pico/pico-sdk/lib/tinyusb/src/common/tusb_fifo.c.obj
 .text._tu_fifo_peek
                0x10008600       0x50 CMakeFiles/ROS_Robot_ENC_TEST_MOTOR_PID.dir/C_/VSARM/sdk/pico/pico-sdk/lib/tinyusb/src/common/tusb_fifo.c.obj
 .text._ff_pull_const_addr
                0x10008650       0x4c CMakeFiles/ROS_Robot_ENC_TEST_MOTOR_PID.dir/C_/VSARM/sdk/pico/pico-sdk/lib/tinyusb/src/common/tusb_fifo.c.obj
 .text._ff_pull_n
                0x1000869c      0x10c CMakeFiles/ROS_Robot_ENC_TEST_MOTOR_PID.dir/C_/VSARM/sdk/pico/pico-sdk/lib/tinyusb/src/common/tusb_fifo.c.obj
 .text._tu_fifo_peek_n
                0x100087a8       0x5e CMakeFiles/ROS_Robot_ENC_TEST_MOTOR_PID.dir/C_/VSARM/sdk/pico/pico-sdk/lib/tinyusb/src/common/tusb_fifo.c.obj
 .text._tu_fifo_read_n
                0x10008806       0x4e CMakeFiles/ROS_Robot_ENC_TEST_MOTOR_PID.dir/C_/VSARM/sdk/pico/pico-sdk/lib/tinyusb/src/common/tusb_fifo.c.obj
 .text._ff_push_const_addr
                0x10008854       0x40 CMakeFiles/ROS_Robot_ENC_TEST_MOTOR_PID.dir/C_/VSARM/sdk/pico/pico-sdk/lib/tinyusb/src/common/tusb_fifo.c.obj
 .text._ff_push_n
                0x10008894      0x108 CMakeFiles/ROS_Robot_ENC_TEST_MOTOR_PID.dir/C_/VSARM/sdk/pico/pico-sdk/lib/tinyusb/src/common/tusb_fifo.c.obj
 .text._tu_fifo_write_n
                0x1000899c       0x9e CMakeFiles/ROS_Robot_ENC_TEST_MOTOR_PID.dir/C_/VSARM/sdk/pico/pico-sdk/lib/tinyusb/src/common/tusb_fifo.c.obj
 .text.tu_fifo_config
                0x10008a3a       0x72 CMakeFiles/ROS_Robot_ENC_TEST_MOTOR_PID.dir/C_/VSARM/sdk/pico/pico-sdk/lib/tinyusb/src/common/tusb_fifo.c.obj
                0x10008a3a                tu_fifo_config
 .text.tu_fifo_count
                0x10008aac       0x26 CMakeFiles/ROS_Robot_ENC_TEST_MOTOR_PID.dir/C_/VSARM/sdk/pico/pico-sdk/lib/tinyusb/src/common/tusb_fifo.c.obj
                0x10008aac                tu_fifo_count
 .text.tu_fifo_empty
                0x10008ad2        0xe CMakeFiles/ROS_Robot_ENC_TEST_MOTOR_PID.dir/C_/VSARM/sdk/pico/pico-sdk/lib/tinyusb/src/common/tusb_fifo.c.obj
                0x10008ad2                tu_fifo_empty
 .text.tu_fifo_remaining
                0x10008ae0       0x20 CMakeFiles/ROS_Robot_ENC_TEST_MOTOR_PID.dir/C_/VSARM/sdk/pico/pico-sdk/lib/tinyusb/src/common/tusb_fifo.c.obj
                0x10008ae0                tu_fifo_remaining
 .text.tu_fifo_read
                0x10008b00       0x42 CMakeFiles/ROS_Robot_ENC_TEST_MOTOR_PID.dir/C_/VSARM/sdk/pico/pico-sdk/lib/tinyusb/src/common/tusb_fifo.c.obj
                0x10008b00                tu_fifo_read
 .text.tu_fifo_read_n
                0x10008b42        0xa CMakeFiles/ROS_Robot_ENC_TEST_MOTOR_PID.dir/C_/VSARM/sdk/pico/pico-sdk/lib/tinyusb/src/common/tusb_fifo.c.obj
                0x10008b42                tu_fifo_read_n
 .text.tu_fifo_write
                0x10008b4c       0x6a CMakeFiles/ROS_Robot_ENC_TEST_MOTOR_PID.dir/C_/VSARM/sdk/pico/pico-sdk/lib/tinyusb/src/common/tusb_fifo.c.obj
                0x10008b4c                tu_fifo_write
 .text.tu_fifo_write_n
                0x10008bb6        0xa CMakeFiles/ROS_Robot_ENC_TEST_MOTOR_PID.dir/C_/VSARM/sdk/pico/pico-sdk/lib/tinyusb/src/common/tusb_fifo.c.obj
                0x10008bb6                tu_fifo_write_n
 .text.tu_fifo_clear
                0x10008bc0       0x4c CMakeFiles/ROS_Robot_ENC_TEST_MOTOR_PID.dir/C_/VSARM/sdk/pico/pico-sdk/lib/tinyusb/src/common/tusb_fifo.c.obj
                0x10008bc0                tu_fifo_clear
 .text.tu_fifo_set_overwritable
                0x10008c0c       0x3c CMakeFiles/ROS_Robot_ENC_TEST_MOTOR_PID.dir/C_/VSARM/sdk/pico/pico-sdk/lib/tinyusb/src/common/tusb_fifo.c.obj
                0x10008c0c                tu_fifo_set_overwritable
 .text._retrieve_unique_id_on_boot
                0x10008c48       0x10 CMakeFiles/ROS_Robot_ENC_TEST_MOTOR_PID.dir/C_/VSARM/sdk/pico/pico-sdk/src/rp2_common/pico_unique_id/unique_id.c.obj
 .text.pico_get_unique_board_id_string
                0x10008c58       0x5c CMakeFiles/ROS_Robot_ENC_TEST_MOTOR_PID.dir/C_/VSARM/sdk/pico/pico-sdk/src/rp2_common/pico_unique_id/unique_id.c.obj
                0x10008c58                pico_get_unique_board_id_string
 .text.flash_get_unique_id
                0x10008cb4       0x46 CMakeFiles/ROS_Robot_ENC_TEST_MOTOR_PID.dir/C_/VSARM/sdk/pico/pico-sdk/src/rp2_common/hardware_flash/flash.c.obj
                0x10008cb4                flash_get_unique_id
 *fill*         0x10008cfa        0x2 
 .text.adc_init
                0x10008cfc       0x34 CMakeFiles/ROS_Robot_ENC_TEST_MOTOR_PID.dir/C_/VSARM/sdk/pico/pico-sdk/src/rp2_common/hardware_adc/adc.c.obj
                0x10008cfc                adc_init
 .text._Z8init_pinji
                0x10008d30       0xc8 lib\Helper_lib\libhelpers_lib.a(Helpers.c++.obj)
                0x10008d30                _Z8init_pinji
 .text._Z3mapfiiii
                0x10008df8       0x4a lib\Helper_lib\libhelpers_lib.a(Helpers.c++.obj)
                0x10008df8                _Z3mapfiiii
 *fill*         0x10008e42        0x2 
 .text._Z12truncate_adjfi
                0x10008e44       0x60 lib\Helper_lib\libhelpers_lib.a(Helpers.c++.obj)
                0x10008e44                _Z12truncate_adjfi
 .text._ZN3PID7ComputeEv
                0x10008ea4      0x144 lib\PID_lib\libpid_v1_lib.a(PID_v1.c++.obj)
                0x10008ea4                _ZN3PID7ComputeEv
 .text._ZN3PID10SetTuningsEfffi
                0x10008fe8       0xa4 lib\PID_lib\libpid_v1_lib.a(PID_v1.c++.obj)
                0x10008fe8                _ZN3PID10SetTuningsEfffi
 .text._ZN3PID13SetSampleTimeEi
                0x1000908c       0x38 lib\PID_lib\libpid_v1_lib.a(PID_v1.c++.obj)
                0x1000908c                _ZN3PID13SetSampleTimeEi
 .text._ZN3PID15SetOutputLimitsEff
                0x100090c4       0x72 lib\PID_lib\libpid_v1_lib.a(PID_v1.c++.obj)
                0x100090c4                _ZN3PID15SetOutputLimitsEff
 .text._ZN3PID10InitializeEv
                0x10009136       0x34 lib\PID_lib\libpid_v1_lib.a(PID_v1.c++.obj)
                0x10009136                _ZN3PID10InitializeEv
 .text._ZN3PID7SetModeEi
                0x1000916a       0x24 lib\PID_lib\libpid_v1_lib.a(PID_v1.c++.obj)
                0x1000916a                _ZN3PID7SetModeEi
 .text._ZN3PID22SetControllerDirectionEi
                0x1000918e       0x36 lib\PID_lib\libpid_v1_lib.a(PID_v1.c++.obj)
                0x1000918e                _ZN3PID22SetControllerDirectionEi
 .text._ZN3PIDC2EPfS0_S0_fffii
                0x100091c4       0x7c lib\PID_lib\libpid_v1_lib.a(PID_v1.c++.obj)
                0x100091c4                _ZN3PIDC1EPfS0_S0_fffii
                0x100091c4                _ZN3PIDC2EPfS0_S0_fffii
 .text._ZN3PIDC2EPfS0_S0_fffi
                0x10009240       0x26 lib\PID_lib\libpid_v1_lib.a(PID_v1.c++.obj)
                0x10009240                _ZN3PIDC1EPfS0_S0_fffi
                0x10009240                _ZN3PIDC2EPfS0_S0_fffi
 .text._ZN3PID5GetKpEv
                0x10009266        0x4 lib\PID_lib\libpid_v1_lib.a(PID_v1.c++.obj)
                0x10009266                _ZN3PID5GetKpEv
 .text._ZN3PID5GetKiEv
                0x1000926a        0x4 lib\PID_lib\libpid_v1_lib.a(PID_v1.c++.obj)
                0x1000926a                _ZN3PID5GetKiEv
 .text._ZN3PID5GetKdEv
                0x1000926e        0x4 lib\PID_lib\libpid_v1_lib.a(PID_v1.c++.obj)
                0x1000926e                _ZN3PID5GetKdEv
 .text._ZN3PID7GetModeEv
                0x10009272       0x10 lib\PID_lib\libpid_v1_lib.a(PID_v1.c++.obj)
                0x10009272                _ZN3PID7GetModeEv
 *fill*         0x10009282        0x2 
 .text._calloc_r
                0x10009284       0x9c c:/vsarm/armcc/112202~1.02/bin/../lib/gcc/arm-none-eabi/11.2.1/thumb/v6-m/nofp\libg.a(lib_a-callocr.o)
                0x10009284                _calloc_r
 .text.__errno  0x10009320        0xc c:/vsarm/armcc/112202~1.02/bin/../lib/gcc/arm-none-eabi/11.2.1/thumb/v6-m/nofp\libg.a(lib_a-errno.o)
                0x10009320                __errno
 .text.malloc   0x1000932c       0x14 c:/vsarm/armcc/112202~1.02/bin/../lib/gcc/arm-none-eabi/11.2.1/thumb/v6-m/nofp\libg.a(lib_a-malloc.o)
                0x1000932c                malloc
 .text.free     0x10009340       0x14 c:/vsarm/armcc/112202~1.02/bin/../lib/gcc/arm-none-eabi/11.2.1/thumb/v6-m/nofp\libg.a(lib_a-malloc.o)
                0x10009340                free
 .text._malloc_r
                0x10009354      0x57c c:/vsarm/armcc/112202~1.02/bin/../lib/gcc/arm-none-eabi/11.2.1/thumb/v6-m/nofp\libg.a(lib_a-mallocr.o)
                0x10009354                _malloc_r
 .text.__malloc_lock
                0x100098d0        0x4 c:/vsarm/armcc/112202~1.02/bin/../lib/gcc/arm-none-eabi/11.2.1/thumb/v6-m/nofp\libg.a(lib_a-mlock.o)
                0x100098d0                __malloc_lock
 .text.__malloc_unlock
                0x100098d4        0x4 c:/vsarm/armcc/112202~1.02/bin/../lib/gcc/arm-none-eabi/11.2.1/thumb/v6-m/nofp\libg.a(lib_a-mlock.o)
                0x100098d4                __malloc_unlock
 .text.realloc  0x100098d8       0x18 c:/vsarm/armcc/112202~1.02/bin/../lib/gcc/arm-none-eabi/11.2.1/thumb/v6-m/nofp\libg.a(lib_a-realloc.o)
                0x100098d8                realloc
 .text._realloc_r
                0x100098f0      0x368 c:/vsarm/armcc/112202~1.02/bin/../lib/gcc/arm-none-eabi/11.2.1/thumb/v6-m/nofp\libg.a(lib_a-reallocr.o)
                0x100098f0                _realloc_r
 .text._sbrk_r  0x10009c58       0x24 c:/vsarm/armcc/112202~1.02/bin/../lib/gcc/arm-none-eabi/11.2.1/thumb/v6-m/nofp\libg.a(lib_a-sbrkr.o)
                0x10009c58                _sbrk_r
 .text.scanf    0x10009c7c       0x24 c:/vsarm/armcc/112202~1.02/bin/../lib/gcc/arm-none-eabi/11.2.1/thumb/v6-m/nofp\libg.a(lib_a-scanf.o)
                0x10009c7c                scanf
 .text.strlen   0x10009ca0       0x5c c:/vsarm/armcc/112202~1.02/bin/../lib/gcc/arm-none-eabi/11.2.1/thumb/v6-m/nofp\libg.a(lib_a-strlen-stub.o)
                0x10009ca0                strlen
 .text.__svfscanf_r
                0x10009cfc     0x197c c:/vsarm/armcc/112202~1.02/bin/../lib/gcc/arm-none-eabi/11.2.1/thumb/v6-m/nofp\libg.a(lib_a-vfscanf.o)
                0x10009cfc                __svfscanf_r
 .text._vfscanf_r
                0x1000b678       0x28 c:/vsarm/armcc/112202~1.02/bin/../lib/gcc/arm-none-eabi/11.2.1/thumb/v6-m/nofp\libg.a(lib_a-vfscanf.o)
                0x1000b678                _vfscanf_r
 .text._cleanup_r
                0x1000b6a0       0x10 c:/vsarm/armcc/112202~1.02/bin/../lib/gcc/arm-none-eabi/11.2.1/thumb/v6-m/nofp\libg.a(lib_a-findfp.o)
                0x1000b6a0                _cleanup_r
 .text.__sinit.part.0
                0x1000b6b0       0xe8 c:/vsarm/armcc/112202~1.02/bin/../lib/gcc/arm-none-eabi/11.2.1/thumb/v6-m/nofp\libg.a(lib_a-findfp.o)
 .text.__sinit  0x1000b798       0x10 c:/vsarm/armcc/112202~1.02/bin/../lib/gcc/arm-none-eabi/11.2.1/thumb/v6-m/nofp\libg.a(lib_a-findfp.o)
                0x1000b798                __sinit
 .text.__sfp_lock_acquire
                0x1000b7a8        0x4 c:/vsarm/armcc/112202~1.02/bin/../lib/gcc/arm-none-eabi/11.2.1/thumb/v6-m/nofp\libg.a(lib_a-findfp.o)
                0x1000b7a8                __sfp_lock_acquire
 .text.__sfp_lock_release
                0x1000b7ac        0x4 c:/vsarm/armcc/112202~1.02/bin/../lib/gcc/arm-none-eabi/11.2.1/thumb/v6-m/nofp\libg.a(lib_a-findfp.o)
                0x1000b7ac                __sfp_lock_release
 .text._fread_r
                0x1000b7b0      0x170 c:/vsarm/armcc/112202~1.02/bin/../lib/gcc/arm-none-eabi/11.2.1/thumb/v6-m/nofp\libg.a(lib_a-fread.o)
                0x1000b7b0                _fread_r
 .text._malloc_trim_r
                0x1000b920       0x9c c:/vsarm/armcc/112202~1.02/bin/../lib/gcc/arm-none-eabi/11.2.1/thumb/v6-m/nofp\libg.a(lib_a-freer.o)
                0x1000b920                _malloc_trim_r
 .text._free_r  0x1000b9bc      0x1bc c:/vsarm/armcc/112202~1.02/bin/../lib/gcc/arm-none-eabi/11.2.1/thumb/v6-m/nofp\libg.a(lib_a-freer.o)
                0x1000b9bc                _free_r
 .text._fwalk   0x1000bb78       0x40 c:/vsarm/armcc/112202~1.02/bin/../lib/gcc/arm-none-eabi/11.2.1/thumb/v6-m/nofp\libg.a(lib_a-fwalk.o)
                0x1000bb78                _fwalk
 .text._fwalk_reent
                0x1000bbb8       0x48 c:/vsarm/armcc/112202~1.02/bin/../lib/gcc/arm-none-eabi/11.2.1/thumb/v6-m/nofp\libg.a(lib_a-fwalk.o)
                0x1000bbb8                _fwalk_reent
 .text.iswspace
                0x1000bc00        0xc c:/vsarm/armcc/112202~1.02/bin/../lib/gcc/arm-none-eabi/11.2.1/thumb/v6-m/nofp\libg.a(lib_a-iswspace.o)
                0x1000bc00                iswspace
 .text._localeconv_r
                0x1000bc0c        0x8 c:/vsarm/armcc/112202~1.02/bin/../lib/gcc/arm-none-eabi/11.2.1/thumb/v6-m/nofp\libg.a(lib_a-localeconv.o)
                0x1000bc0c                _localeconv_r
 .text.__locale_mb_cur_max
                0x1000bc14       0x10 c:/vsarm/armcc/112202~1.02/bin/../lib/gcc/arm-none-eabi/11.2.1/thumb/v6-m/nofp\libg.a(lib_a-locale.o)
                0x1000bc14                __locale_mb_cur_max
 .text._mbrtowc_r
                0x1000bc24       0x54 c:/vsarm/armcc/112202~1.02/bin/../lib/gcc/arm-none-eabi/11.2.1/thumb/v6-m/nofp\libg.a(lib_a-mbrtowc.o)
                0x1000bc24                _mbrtowc_r
 .text.__ascii_mbtowc
                0x1000bc78       0x2c c:/vsarm/armcc/112202~1.02/bin/../lib/gcc/arm-none-eabi/11.2.1/thumb/v6-m/nofp\libg.a(lib_a-mbtowc_r.o)
                0x1000bc78                __ascii_mbtowc
 .text.memmove  0x1000bca4       0xac c:/vsarm/armcc/112202~1.02/bin/../lib/gcc/arm-none-eabi/11.2.1/thumb/v6-m/nofp\libg.a(lib_a-memmove.o)
                0x1000bca4                memmove
 .text.lflush   0x1000bd50       0x1c c:/vsarm/armcc/112202~1.02/bin/../lib/gcc/arm-none-eabi/11.2.1/thumb/v6-m/nofp\libg.a(lib_a-refill.o)
 .text.__srefill_r
                0x1000bd6c      0x120 c:/vsarm/armcc/112202~1.02/bin/../lib/gcc/arm-none-eabi/11.2.1/thumb/v6-m/nofp\libg.a(lib_a-refill.o)
                0x1000bd6c                __srefill_r
 .text.__sccl   0x1000be8c       0x80 c:/vsarm/armcc/112202~1.02/bin/../lib/gcc/arm-none-eabi/11.2.1/thumb/v6-m/nofp\libg.a(lib_a-sccl.o)
                0x1000be8c                __sccl
 .text.nanf     0x1000bf0c        0x8 c:/vsarm/armcc/112202~1.02/bin/../lib/gcc/arm-none-eabi/11.2.1/thumb/v6-m/nofp\libg.a(lib_a-sf_nan.o)
                0x1000bf0c                nanf
 .text.__sread  0x1000bf14       0x28 c:/vsarm/armcc/112202~1.02/bin/../lib/gcc/arm-none-eabi/11.2.1/thumb/v6-m/nofp\libg.a(lib_a-stdio.o)
                0x1000bf14                __sread
 .text.__swrite
                0x1000bf3c       0x40 c:/vsarm/armcc/112202~1.02/bin/../lib/gcc/arm-none-eabi/11.2.1/thumb/v6-m/nofp\libg.a(lib_a-stdio.o)
                0x1000bf3c                __swrite
 .text.__sseek  0x1000bf7c       0x2c c:/vsarm/armcc/112202~1.02/bin/../lib/gcc/arm-none-eabi/11.2.1/thumb/v6-m/nofp\libg.a(lib_a-stdio.o)
                0x1000bf7c                __sseek
 .text.__sclose
                0x1000bfa8        0xc c:/vsarm/armcc/112202~1.02/bin/../lib/gcc/arm-none-eabi/11.2.1/thumb/v6-m/nofp\libg.a(lib_a-stdio.o)
                0x1000bfa8                __sclose
 .text.stpncpy  0x1000bfb4       0x6c c:/vsarm/armcc/112202~1.02/bin/../lib/gcc/arm-none-eabi/11.2.1/thumb/v6-m/nofp\libg.a(lib_a-stpncpy.o)
                0x1000bfb4                stpncpy
 .text          0x1000c020       0x88 c:/vsarm/armcc/112202~1.02/bin/../lib/gcc/arm-none-eabi/11.2.1/thumb/v6-m/nofp\libg.a(lib_a-strcmp.o)
                0x1000c020                strcmp
 .text._strtod_l
                0x1000c0a8      0xf38 c:/vsarm/armcc/112202~1.02/bin/../lib/gcc/arm-none-eabi/11.2.1/thumb/v6-m/nofp\libg.a(lib_a-strtod.o)
                0x1000c0a8                _strtod_l
 .text._strtod_r
                0x1000cfe0       0x10 c:/vsarm/armcc/112202~1.02/bin/../lib/gcc/arm-none-eabi/11.2.1/thumb/v6-m/nofp\libg.a(lib_a-strtod.o)
                0x1000cfe0                _strtod_r
 .text._strtoll_l.constprop.0
                0x1000cff0      0x1a0 c:/vsarm/armcc/112202~1.02/bin/../lib/gcc/arm-none-eabi/11.2.1/thumb/v6-m/nofp\libg.a(lib_a-strtoll.o)
 .text._strtoll_r
                0x1000d190        0x8 c:/vsarm/armcc/112202~1.02/bin/../lib/gcc/arm-none-eabi/11.2.1/thumb/v6-m/nofp\libg.a(lib_a-strtoll.o)
                0x1000d190                _strtoll_r
 .text._strtol_l.constprop.0
                0x1000d198      0x16c c:/vsarm/armcc/112202~1.02/bin/../lib/gcc/arm-none-eabi/11.2.1/thumb/v6-m/nofp\libg.a(lib_a-strtol.o)
 .text._strtol_r
                0x1000d304        0x8 c:/vsarm/armcc/112202~1.02/bin/../lib/gcc/arm-none-eabi/11.2.1/thumb/v6-m/nofp\libg.a(lib_a-strtol.o)
                0x1000d304                _strtol_r
 .text._strtoull_l.constprop.0
                0x1000d30c      0x1c4 c:/vsarm/armcc/112202~1.02/bin/../lib/gcc/arm-none-eabi/11.2.1/thumb/v6-m/nofp\libg.a(lib_a-strtoull.o)
 .text._strtoull_r
                0x1000d4d0        0x8 c:/vsarm/armcc/112202~1.02/bin/../lib/gcc/arm-none-eabi/11.2.1/thumb/v6-m/nofp\libg.a(lib_a-strtoull.o)
                0x1000d4d0                _strtoull_r
 .text._strtoul_l.constprop.0
                0x1000d4d8      0x144 c:/vsarm/armcc/112202~1.02/bin/../lib/gcc/arm-none-eabi/11.2.1/thumb/v6-m/nofp\libg.a(lib_a-strtoul.o)
 .text._strtoul_r
                0x1000d61c        0x8 c:/vsarm/armcc/112202~1.02/bin/../lib/gcc/arm-none-eabi/11.2.1/thumb/v6-m/nofp\libg.a(lib_a-strtoul.o)
                0x1000d61c                _strtoul_r
 .text.__submore
                0x1000d624       0x84 c:/vsarm/armcc/112202~1.02/bin/../lib/gcc/arm-none-eabi/11.2.1/thumb/v6-m/nofp\libg.a(lib_a-ungetc.o)
                0x1000d624                __submore
 .text._ungetc_r
                0x1000d6a8       0xec c:/vsarm/armcc/112202~1.02/bin/../lib/gcc/arm-none-eabi/11.2.1/thumb/v6-m/nofp\libg.a(lib_a-ungetc.o)
                0x1000d6a8                _ungetc_r
 .text.__ascii_wctomb
                0x1000d794       0x1c c:/vsarm/armcc/112202~1.02/bin/../lib/gcc/arm-none-eabi/11.2.1/thumb/v6-m/nofp\libg.a(lib_a-wctomb_r.o)
                0x1000d794                __ascii_wctomb
 .text._write_r
                0x1000d7b0       0x28 c:/vsarm/armcc/112202~1.02/bin/../lib/gcc/arm-none-eabi/11.2.1/thumb/v6-m/nofp\libg.a(lib_a-writer.o)
                0x1000d7b0                _write_r
 .text._close_r
                0x1000d7d8       0x24 c:/vsarm/armcc/112202~1.02/bin/../lib/gcc/arm-none-eabi/11.2.1/thumb/v6-m/nofp\libg.a(lib_a-closer.o)
                0x1000d7d8                _close_r
 .text._fclose_r
                0x1000d7fc       0x98 c:/vsarm/armcc/112202~1.02/bin/../lib/gcc/arm-none-eabi/11.2.1/thumb/v6-m/nofp\libg.a(lib_a-fclose.o)
                0x1000d7fc                _fclose_r
 .text.__sflush_r
                0x1000d894      0x134 c:/vsarm/armcc/112202~1.02/bin/../lib/gcc/arm-none-eabi/11.2.1/thumb/v6-m/nofp\libg.a(lib_a-fflush.o)
                0x1000d894                __sflush_r
 .text._fflush_r
                0x1000d9c8       0x2c c:/vsarm/armcc/112202~1.02/bin/../lib/gcc/arm-none-eabi/11.2.1/thumb/v6-m/nofp\libg.a(lib_a-fflush.o)
                0x1000d9c8                _fflush_r
 .text.fflush   0x1000d9f4       0x54 c:/vsarm/armcc/112202~1.02/bin/../lib/gcc/arm-none-eabi/11.2.1/thumb/v6-m/nofp\libg.a(lib_a-fflush.o)
                0x1000d9f4                fflush
 .text.rshift   0x1000da48       0xac c:/vsarm/armcc/112202~1.02/bin/../lib/gcc/arm-none-eabi/11.2.1/thumb/v6-m/nofp\libg.a(lib_a-gdtoa-gethex.o)
 .text.__gethex
                0x1000daf4      0x5dc c:/vsarm/armcc/112202~1.02/bin/../lib/gcc/arm-none-eabi/11.2.1/thumb/v6-m/nofp\libg.a(lib_a-gdtoa-gethex.o)
                0x1000daf4                __gethex
 .text.__match  0x1000e0d0       0x2c c:/vsarm/armcc/112202~1.02/bin/../lib/gcc/arm-none-eabi/11.2.1/thumb/v6-m/nofp\libg.a(lib_a-gdtoa-hexnan.o)
                0x1000e0d0                __match
 .text.__hexnan
                0x1000e0fc      0x1cc c:/vsarm/armcc/112202~1.02/bin/../lib/gcc/arm-none-eabi/11.2.1/thumb/v6-m/nofp\libg.a(lib_a-gdtoa-hexnan.o)
                0x1000e0fc                __hexnan
 .text.iswspace_l
                0x1000e2c8       0x24 c:/vsarm/armcc/112202~1.02/bin/../lib/gcc/arm-none-eabi/11.2.1/thumb/v6-m/nofp\libg.a(lib_a-iswspace_l.o)
                0x1000e2c8                iswspace_l
 .text.__jp2uc  0x1000e2ec      0x178 c:/vsarm/armcc/112202~1.02/bin/../lib/gcc/arm-none-eabi/11.2.1/thumb/v6-m/nofp\libg.a(lib_a-jp2uc.o)
 .text._jp2uc_l
                0x1000e464       0x68 c:/vsarm/armcc/112202~1.02/bin/../lib/gcc/arm-none-eabi/11.2.1/thumb/v6-m/nofp\libg.a(lib_a-jp2uc.o)
                0x1000e464                _jp2uc_l
 .text._lseek_r
                0x1000e4cc       0x28 c:/vsarm/armcc/112202~1.02/bin/../lib/gcc/arm-none-eabi/11.2.1/thumb/v6-m/nofp\libg.a(lib_a-lseekr.o)
                0x1000e4cc                _lseek_r
 .text.__smakebuf_r
                0x1000e4f4       0xe4 c:/vsarm/armcc/112202~1.02/bin/../lib/gcc/arm-none-eabi/11.2.1/thumb/v6-m/nofp\libg.a(lib_a-makebuf.o)
                0x1000e4f4                __smakebuf_r
 .text._Balloc  0x1000e5d8       0x50 c:/vsarm/armcc/112202~1.02/bin/../lib/gcc/arm-none-eabi/11.2.1/thumb/v6-m/nofp\libg.a(lib_a-mprec.o)
                0x1000e5d8                _Balloc
 .text._Bfree   0x1000e628       0x14 c:/vsarm/armcc/112202~1.02/bin/../lib/gcc/arm-none-eabi/11.2.1/thumb/v6-m/nofp\libg.a(lib_a-mprec.o)
                0x1000e628                _Bfree
 .text.__multadd
                0x1000e63c       0xa8 c:/vsarm/armcc/112202~1.02/bin/../lib/gcc/arm-none-eabi/11.2.1/thumb/v6-m/nofp\libg.a(lib_a-mprec.o)
                0x1000e63c                __multadd
 .text.__s2b    0x1000e6e4       0xb0 c:/vsarm/armcc/112202~1.02/bin/../lib/gcc/arm-none-eabi/11.2.1/thumb/v6-m/nofp\libg.a(lib_a-mprec.o)
                0x1000e6e4                __s2b
 .text.__hi0bits
                0x1000e794       0x38 c:/vsarm/armcc/112202~1.02/bin/../lib/gcc/arm-none-eabi/11.2.1/thumb/v6-m/nofp\libg.a(lib_a-mprec.o)
                0x1000e794                __hi0bits
 .text.__lo0bits
                0x1000e7cc       0x5c c:/vsarm/armcc/112202~1.02/bin/../lib/gcc/arm-none-eabi/11.2.1/thumb/v6-m/nofp\libg.a(lib_a-mprec.o)
                0x1000e7cc                __lo0bits
 .text.__i2b    0x1000e828       0x60 c:/vsarm/armcc/112202~1.02/bin/../lib/gcc/arm-none-eabi/11.2.1/thumb/v6-m/nofp\libg.a(lib_a-mprec.o)
                0x1000e828                __i2b
 .text.__multiply
                0x1000e888      0x1a4 c:/vsarm/armcc/112202~1.02/bin/../lib/gcc/arm-none-eabi/11.2.1/thumb/v6-m/nofp\libg.a(lib_a-mprec.o)
                0x1000e888                __multiply
 .text.__pow5mult