Archive member included to satisfy reference by file (symbol)

lib\Helper_lib\libhelpers_lib.a(Helpers.c++.obj)
                              CMakeFiles/ROS_Robot_ENC_TEST.dir/Enc_Systest.c++.obj (_Z8init_pinji)
c:/vsarm/armcc/112202~1.02/bin/../lib/gcc/arm-none-eabi/11.2.1/thumb/v6-m/nofp\libgcc.a(_dvmd_tls.o)
                              CMakeFiles/ROS_Robot_ENC_TEST.dir/C_/VSARM/sdk/pico/pico-sdk/src/rp2_common/pico_divider/divider.S.obj (__aeabi_idiv0)
c:/vsarm/armcc/112202~1.02/bin/../lib/gcc/arm-none-eabi/11.2.1/thumb/v6-m/nofp\libg.a(lib_a-calloc.o)
                              CMakeFiles/ROS_Robot_ENC_TEST.dir/C_/VSARM/sdk/pico/pico-sdk/src/rp2_common/pico_malloc/pico_malloc.c.obj (calloc)
c:/vsarm/armcc/112202~1.02/bin/../lib/gcc/arm-none-eabi/11.2.1/thumb/v6-m/nofp\libg.a(lib_a-callocr.o)
                              c:/vsarm/armcc/112202~1.02/bin/../lib/gcc/arm-none-eabi/11.2.1/thumb/v6-m/nofp\libg.a(lib_a-calloc.o) (_calloc_r)
c:/vsarm/armcc/112202~1.02/bin/../lib/gcc/arm-none-eabi/11.2.1/thumb/v6-m/nofp\libg.a(lib_a-ctype_.o)
                              CMakeFiles/ROS_Robot_ENC_TEST.dir/C_/VSARM/sdk/pico/pico-sdk/lib/tinyusb/src/tusb.c.obj (_ctype_)
c:/vsarm/armcc/112202~1.02/bin/../lib/gcc/arm-none-eabi/11.2.1/thumb/v6-m/nofp\libg.a(lib_a-errno.o)
                              c:/vsarm/armcc/112202~1.02/bin/../lib/gcc/arm-none-eabi/11.2.1/thumb/v6-m/nofp\libg.a(lib_a-callocr.o) (__errno)
c:/vsarm/armcc/112202~1.02/bin/../lib/gcc/arm-none-eabi/11.2.1/thumb/v6-m/nofp\libg.a(lib_a-impure.o)
                              c:/vsarm/armcc/112202~1.02/bin/../lib/gcc/arm-none-eabi/11.2.1/thumb/v6-m/nofp\libg.a(lib_a-calloc.o) (_impure_ptr)
c:/vsarm/armcc/112202~1.02/bin/../lib/gcc/arm-none-eabi/11.2.1/thumb/v6-m/nofp\libg.a(lib_a-init.o)
                              c:/vsarm/armcc/112202~1.02/bin/../lib/gcc/arm-none-eabi/11.2.1/thumb/v6-m/nofp/crt0.o (__libc_init_array)
c:/vsarm/armcc/112202~1.02/bin/../lib/gcc/arm-none-eabi/11.2.1/thumb/v6-m/nofp\libg.a(lib_a-malloc.o)
                              CMakeFiles/ROS_Robot_ENC_TEST.dir/C_/VSARM/sdk/pico/pico-sdk/src/rp2_common/pico_malloc/pico_malloc.c.obj (malloc)
c:/vsarm/armcc/112202~1.02/bin/../lib/gcc/arm-none-eabi/11.2.1/thumb/v6-m/nofp\libg.a(lib_a-mallocr.o)
                              c:/vsarm/armcc/112202~1.02/bin/../lib/gcc/arm-none-eabi/11.2.1/thumb/v6-m/nofp\libg.a(lib_a-callocr.o) (_malloc_r)
c:/vsarm/armcc/112202~1.02/bin/../lib/gcc/arm-none-eabi/11.2.1/thumb/v6-m/nofp\libg.a(lib_a-mlock.o)
                              c:/vsarm/armcc/112202~1.02/bin/../lib/gcc/arm-none-eabi/11.2.1/thumb/v6-m/nofp\libg.a(lib_a-mallocr.o) (__malloc_lock)
c:/vsarm/armcc/112202~1.02/bin/../lib/gcc/arm-none-eabi/11.2.1/thumb/v6-m/nofp\libg.a(lib_a-realloc.o)
                              CMakeFiles/ROS_Robot_ENC_TEST.dir/C_/VSARM/sdk/pico/pico-sdk/src/rp2_common/pico_malloc/pico_malloc.c.obj (realloc)
c:/vsarm/armcc/112202~1.02/bin/../lib/gcc/arm-none-eabi/11.2.1/thumb/v6-m/nofp\libg.a(lib_a-reallocr.o)
                              c:/vsarm/armcc/112202~1.02/bin/../lib/gcc/arm-none-eabi/11.2.1/thumb/v6-m/nofp\libg.a(lib_a-realloc.o) (_realloc_r)
c:/vsarm/armcc/112202~1.02/bin/../lib/gcc/arm-none-eabi/11.2.1/thumb/v6-m/nofp\libg.a(lib_a-sbrkr.o)
                              c:/vsarm/armcc/112202~1.02/bin/../lib/gcc/arm-none-eabi/11.2.1/thumb/v6-m/nofp\libg.a(lib_a-mallocr.o) (_sbrk_r)
c:/vsarm/armcc/112202~1.02/bin/../lib/gcc/arm-none-eabi/11.2.1/thumb/v6-m/nofp\libg.a(lib_a-strlen-stub.o)
                              CMakeFiles/ROS_Robot_ENC_TEST.dir/C_/VSARM/sdk/pico/pico-sdk/src/rp2_common/pico_stdio/stdio.c.obj (strlen)
c:/vsarm/armcc/112202~1.02/bin/../lib/gcc/arm-none-eabi/11.2.1/thumb/v6-m/nofp\libg.a(lib_a-freer.o)
                              c:/vsarm/armcc/112202~1.02/bin/../lib/gcc/arm-none-eabi/11.2.1/thumb/v6-m/nofp\libg.a(lib_a-malloc.o) (_free_r)
c:/vsarm/armcc/112202~1.02/bin/../lib/gcc/arm-none-eabi/11.2.1/thumb/v6-m/nofp\libg.a(lib_a-memmove.o)
                              c:/vsarm/armcc/112202~1.02/bin/../lib/gcc/arm-none-eabi/11.2.1/thumb/v6-m/nofp\libg.a(lib_a-reallocr.o) (memmove)
c:/vsarm/armcc/112202~1.02/bin/../lib/gcc/arm-none-eabi/11.2.1/thumb/v6-m/nofp\libg.a(lib_a-reent.o)
                              c:/vsarm/armcc/112202~1.02/bin/../lib/gcc/arm-none-eabi/11.2.1/thumb/v6-m/nofp\libg.a(lib_a-sbrkr.o) (errno)

Discarded input sections

 .text          0x00000000        0x0 c:/vsarm/armcc/112202~1.02/bin/../lib/gcc/arm-none-eabi/11.2.1/thumb/v6-m/nofp/crti.o
 .data          0x00000000        0x0 c:/vsarm/armcc/112202~1.02/bin/../lib/gcc/arm-none-eabi/11.2.1/thumb/v6-m/nofp/crti.o
 .bss           0x00000000        0x0 c:/vsarm/armcc/112202~1.02/bin/../lib/gcc/arm-none-eabi/11.2.1/thumb/v6-m/nofp/crti.o
 .text          0x00000000        0x0 c:/vsarm/armcc/112202~1.02/bin/../lib/gcc/arm-none-eabi/11.2.1/thumb/v6-m/nofp/crtbegin.o
[...]
Memory Configuration

Name             Origin             Length             Attributes
FLASH            0x10000000         0x00200000         xr
RAM              0x20000000         0x00040000         xrw
SCRATCH_X        0x20040000         0x00001000         xrw
SCRATCH_Y        0x20041000         0x00001000         xrw
*default*        0x00000000         0xffffffff

Linker script and memory map

LOAD c:/vsarm/armcc/112202~1.02/bin/../lib/gcc/arm-none-eabi/11.2.1/thumb/v6-m/nofp/crti.o
LOAD c:/vsarm/armcc/112202~1.02/bin/../lib/gcc/arm-none-eabi/11.2.1/thumb/v6-m/nofp/crtbegin.o
LOAD c:/vsarm/armcc/112202~1.02/bin/../lib/gcc/arm-none-eabi/11.2.1/thumb/v6-m/nofp/crt0.o

.flash_begin    0x10000000        0x0
                0x10000000                __flash_binary_start = .

.boot2          0x10000000      0x100
                0x10000000                __boot2_start__ = .
 *(.boot2)
 .boot2         0x10000000      0x100 C:\Users\samya\AppData\Local\Temp\cc0WN1oE.o
                0x10000100                __boot2_end__ = .
                0x00000001                ASSERT (((__boot2_end__ - __boot2_start__) == 0x100), ERROR: Pico second stage bootloader must be 256 bytes in size)

.text           0x10000100     0x86f8
                0x10000100                __logical_binary_start = .
 *(.vectors)
 .vectors       0x10000100       0xd4 CMakeFiles/ROS_Robot_ENC_TEST.dir/C_/VSARM/sdk/pico/pico-sdk/src/rp2_common/pico_standard_link/crt0.S.obj
                0x10000100                __VECTOR_TABLE
                0x10000100                __vectors
                0x100001c0                isr_invalid
                0x100001c0                __default_isrs_start
                0x100001c2                isr_nmi
                0x100001c4                isr_hardfault
                0x100001c6                isr_svcall
                0x100001c8                isr_pendsv
                0x100001ca                isr_systick
                0x100001cc                isr_irq23
                0x100001cc                isr_irq18
                0x100001cc                isr_irq11
                0x100001cc                isr_irq28
                0x100001cc                isr_irq19
                0x100001cc                isr_irq0
                0x100001cc                isr_irq6
                0x100001cc                isr_irq5
                0x100001cc                isr_irq12
                0x100001cc                isr_irq22
                0x100001cc                isr_irq31
                0x100001cc                isr_irq17
                0x100001cc                isr_irq27
                0x100001cc                isr_irq30
                0x100001cc                isr_irq2
                0x100001cc                isr_irq10
                0x100001cc                isr_irq8
                0x100001cc                isr_irq24
                0x100001cc                isr_irq1
                0x100001cc                isr_irq7
                0x100001cc                isr_irq21
                0x100001cc                isr_irq20
                0x100001cc                isr_irq15
                0x100001cc                isr_irq25
                0x100001cc                isr_irq13
                0x100001cc                __unhandled_user_irq
                0x100001cc                isr_irq4
                0x100001cc                isr_irq16
                0x100001cc                isr_irq29
                0x100001cc                isr_irq26
                0x100001cc                __default_isrs_end
                0x100001cc                isr_irq3
                0x100001cc                isr_irq14
                0x100001cc                isr_irq9
                0x100001d2                unhandled_user_irq_num_in_r0
 *(.binary_info_header)
 .binary_info_header
                0x100001d4       0x14 CMakeFiles/ROS_Robot_ENC_TEST.dir/C_/VSARM/sdk/pico/pico-sdk/src/rp2_common/pico_standard_link/crt0.S.obj
                0x100001e8                __binary_info_header_end = .
 *(.reset)
 .reset         0x100001e8       0xa8 CMakeFiles/ROS_Robot_ENC_TEST.dir/C_/VSARM/sdk/pico/pico-sdk/src/rp2_common/pico_standard_link/crt0.S.obj
                0x100001e8                _entry_point
                0x10000266                __get_current_exception
 .reset         0x10000290       0x30 CMakeFiles/ROS_Robot_ENC_TEST.dir/C_/VSARM/sdk/pico/pico-sdk/src/rp2_common/pico_standard_link/binary_info.c.obj
 *(.init)
 .init          0x100002c0        0x4 c:/vsarm/armcc/112202~1.02/bin/../lib/gcc/arm-none-eabi/11.2.1/thumb/v6-m/nofp/crti.o
                0x100002c0                _init
 *(EXCLUDE_FILE(*libm.a: *libc.a:*lib_a-mem*.o *libgcc.a:) .text*)
 .text.register_tm_clones
                0x100002c4       0x28 c:/vsarm/armcc/112202~1.02/bin/../lib/gcc/arm-none-eabi/11.2.1/thumb/v6-m/nofp/crtbegin.o
 .text.frame_dummy
                0x100002ec       0x24 c:/vsarm/armcc/112202~1.02/bin/../lib/gcc/arm-none-eabi/11.2.1/thumb/v6-m/nofp/crtbegin.o
 .text._Z8irq_calljm
                0x10000310       0x9c CMakeFiles/ROS_Robot_ENC_TEST.dir/Enc_Systest.c++.obj
                0x10000310                _Z8irq_calljm
 .text._Z17method_2_tpr_calcPmS_S_Pi
                0x100003ac       0x34 CMakeFiles/ROS_Robot_ENC_TEST.dir/Enc_Systest.c++.obj
                0x100003ac                _Z17method_2_tpr_calcPmS_S_Pi
 .text._Z21method_2_all_tpr_calcP15repeating_timer
                0x100003e0       0x78 CMakeFiles/ROS_Robot_ENC_TEST.dir/Enc_Systest.c++.obj
                0x100003e0                _Z21method_2_all_tpr_calcP15repeating_timer
 .text._Z5setupv
                0x10000458       0x80 CMakeFiles/ROS_Robot_ENC_TEST.dir/Enc_Systest.c++.obj
                0x10000458                _Z5setupv
 .text._Z14motor_rpm_calcmmm
                0x100004d8       0x88 CMakeFiles/ROS_Robot_ENC_TEST.dir/Enc_Systest.c++.obj
                0x100004d8                _Z14motor_rpm_calcmmm
 .text._Z4loopv
                0x10000560       0xd4 CMakeFiles/ROS_Robot_ENC_TEST.dir/Enc_Systest.c++.obj
                0x10000560                _Z4loopv
 .text.main     0x10000634        0xc CMakeFiles/ROS_Robot_ENC_TEST.dir/Enc_Systest.c++.obj
                0x10000634                main
 .text.gpio_set_function
                0x10000640       0x30 CMakeFiles/ROS_Robot_ENC_TEST.dir/C_/VSARM/sdk/pico/pico-sdk/src/rp2_common/hardware_gpio/gpio.c.obj
                0x10000640                gpio_set_function
 .text.gpio_set_pulls
                0x10000670       0x34 CMakeFiles/ROS_Robot_ENC_TEST.dir/C_/VSARM/sdk/pico/pico-sdk/src/rp2_common/hardware_gpio/gpio.c.obj
                0x10000670                gpio_set_pulls
 .text.gpio_set_irq_callback
                0x100006a4       0x48 CMakeFiles/ROS_Robot_ENC_TEST.dir/C_/VSARM/sdk/pico/pico-sdk/src/rp2_common/hardware_gpio/gpio.c.obj
                0x100006a4                gpio_set_irq_callback
 .text.gpio_acknowledge_irq
                0x100006ec       0x18 CMakeFiles/ROS_Robot_ENC_TEST.dir/C_/VSARM/sdk/pico/pico-sdk/src/rp2_common/hardware_gpio/gpio.c.obj
                0x100006ec                gpio_acknowledge_irq
 .text._gpio_set_irq_enabled
                0x10000704       0x34 CMakeFiles/ROS_Robot_ENC_TEST.dir/C_/VSARM/sdk/pico/pico-sdk/src/rp2_common/hardware_gpio/gpio.c.obj
 .text.gpio_set_irq_enabled
                0x10000738       0x20 CMakeFiles/ROS_Robot_ENC_TEST.dir/C_/VSARM/sdk/pico/pico-sdk/src/rp2_common/hardware_gpio/gpio.c.obj
                0x10000738                gpio_set_irq_enabled
 .text.gpio_set_irq_enabled_with_callback
                0x10000758       0x20 CMakeFiles/ROS_Robot_ENC_TEST.dir/C_/VSARM/sdk/pico/pico-sdk/src/rp2_common/hardware_gpio/gpio.c.obj
                0x10000758                gpio_set_irq_enabled_with_callback
 .text.gpio_default_irq_handler
                0x10000778       0x98 CMakeFiles/ROS_Robot_ENC_TEST.dir/C_/VSARM/sdk/pico/pico-sdk/src/rp2_common/hardware_gpio/gpio.c.obj
 .text.gpio_set_input_enabled
                0x10000810       0x30 CMakeFiles/ROS_Robot_ENC_TEST.dir/C_/VSARM/sdk/pico/pico-sdk/src/rp2_common/hardware_gpio/gpio.c.obj
                0x10000810                gpio_set_input_enabled
 .text.gpio_init
                0x10000840       0x16 CMakeFiles/ROS_Robot_ENC_TEST.dir/C_/VSARM/sdk/pico/pico-sdk/src/rp2_common/hardware_gpio/gpio.c.obj
                0x10000840                gpio_init
 *fill*         0x10000856        0x2 
 .text.hw_claim_lock
                0x10000858       0x18 CMakeFiles/ROS_Robot_ENC_TEST.dir/C_/VSARM/sdk/pico/pico-sdk/src/rp2_common/hardware_claim/claim.c.obj
                0x10000858                hw_claim_lock
 .text.hw_claim_unlock
                0x10000870       0x14 CMakeFiles/ROS_Robot_ENC_TEST.dir/C_/VSARM/sdk/pico/pico-sdk/src/rp2_common/hardware_claim/claim.c.obj
                0x10000870                hw_claim_unlock
 .text.hw_claim_or_assert
                0x10000884       0x32 CMakeFiles/ROS_Robot_ENC_TEST.dir/C_/VSARM/sdk/pico/pico-sdk/src/rp2_common/hardware_claim/claim.c.obj
                0x10000884                hw_claim_or_assert
 .text.hw_claim_unused_from_range
                0x100008b6       0x50 CMakeFiles/ROS_Robot_ENC_TEST.dir/C_/VSARM/sdk/pico/pico-sdk/src/rp2_common/hardware_claim/claim.c.obj
                0x100008b6                hw_claim_unused_from_range
 *fill*         0x10000906        0x2 
 .text.running_on_fpga
                0x10000908       0x14 CMakeFiles/ROS_Robot_ENC_TEST.dir/C_/VSARM/sdk/pico/pico-sdk/src/rp2_common/pico_platform/platform.c.obj
                0x10000908                running_on_fpga
 .text.spin_locks_reset
                0x1000091c       0x20 CMakeFiles/ROS_Robot_ENC_TEST.dir/C_/VSARM/sdk/pico/pico-sdk/src/rp2_common/hardware_sync/sync.c.obj
                0x1000091c                spin_locks_reset
 .text.next_striped_spin_lock_num
                0x1000093c       0x1c CMakeFiles/ROS_Robot_ENC_TEST.dir/C_/VSARM/sdk/pico/pico-sdk/src/rp2_common/hardware_sync/sync.c.obj
                0x1000093c                next_striped_spin_lock_num
 .text.spin_lock_claim_unused
                0x10000958       0x24 CMakeFiles/ROS_Robot_ENC_TEST.dir/C_/VSARM/sdk/pico/pico-sdk/src/rp2_common/hardware_sync/sync.c.obj
                0x10000958                spin_lock_claim_unused
 .text.set_raw_irq_handler_and_unlock
                0x1000097c       0x28 CMakeFiles/ROS_Robot_ENC_TEST.dir/C_/VSARM/sdk/pico/pico-sdk/src/rp2_common/hardware_irq/irq.c.obj
 .text.make_branch
                0x100009a4       0x48 CMakeFiles/ROS_Robot_ENC_TEST.dir/C_/VSARM/sdk/pico/pico-sdk/src/rp2_common/hardware_irq/irq.c.obj
 .text.insert_branch_and_link
                0x100009ec       0x40 CMakeFiles/ROS_Robot_ENC_TEST.dir/C_/VSARM/sdk/pico/pico-sdk/src/rp2_common/hardware_irq/irq.c.obj
 .text.irq_is_enabled
                0x10000a2c       0x18 CMakeFiles/ROS_Robot_ENC_TEST.dir/C_/VSARM/sdk/pico/pico-sdk/src/rp2_common/hardware_irq/irq.c.obj
                0x10000a2c                irq_is_enabled
 .text.irq_set_mask_enabled
                0x10000a44       0x20 CMakeFiles/ROS_Robot_ENC_TEST.dir/C_/VSARM/sdk/pico/pico-sdk/src/rp2_common/hardware_irq/irq.c.obj
                0x10000a44                irq_set_mask_enabled
 .text.irq_set_enabled
                0x10000a64        0xe CMakeFiles/ROS_Robot_ENC_TEST.dir/C_/VSARM/sdk/pico/pico-sdk/src/rp2_common/hardware_irq/irq.c.obj
                0x10000a64                irq_set_enabled
 *fill*         0x10000a72        0x2 
 .text.irq_set_pending
                0x10000a74       0x10 CMakeFiles/ROS_Robot_ENC_TEST.dir/C_/VSARM/sdk/pico/pico-sdk/src/rp2_common/hardware_irq/irq.c.obj
                0x10000a74                irq_set_pending
 .text.irq_get_vtable_handler
                0x10000a84       0x10 CMakeFiles/ROS_Robot_ENC_TEST.dir/C_/VSARM/sdk/pico/pico-sdk/src/rp2_common/hardware_irq/irq.c.obj
                0x10000a84                irq_get_vtable_handler
 .text.irq_has_shared_handler
                0x10000a94       0x24 CMakeFiles/ROS_Robot_ENC_TEST.dir/C_/VSARM/sdk/pico/pico-sdk/src/rp2_common/hardware_irq/irq.c.obj
                0x10000a94                irq_has_shared_handler
 .text.irq_set_exclusive_handler
                0x10000ab8       0x54 CMakeFiles/ROS_Robot_ENC_TEST.dir/C_/VSARM/sdk/pico/pico-sdk/src/rp2_common/hardware_irq/irq.c.obj
                0x10000ab8                irq_set_exclusive_handler
 .text.irq_add_shared_handler
                0x10000b0c      0x230 CMakeFiles/ROS_Robot_ENC_TEST.dir/C_/VSARM/sdk/pico/pico-sdk/src/rp2_common/hardware_irq/irq.c.obj
                0x10000b0c                irq_add_shared_handler
 .text.irq_remove_handler
                0x10000d3c      0x1a4 CMakeFiles/ROS_Robot_ENC_TEST.dir/C_/VSARM/sdk/pico/pico-sdk/src/rp2_common/hardware_irq/irq.c.obj
                0x10000d3c                irq_remove_handler
 .text.irq_add_tail_to_free_list
                0x10000ee0       0xf0 CMakeFiles/ROS_Robot_ENC_TEST.dir/C_/VSARM/sdk/pico/pico-sdk/src/rp2_common/hardware_irq/irq.c.obj
                0x10000ee0                irq_add_tail_to_free_list
 .text.irq_init_priorities
                0x10000fd0       0x1c CMakeFiles/ROS_Robot_ENC_TEST.dir/C_/VSARM/sdk/pico/pico-sdk/src/rp2_common/hardware_irq/irq.c.obj
                0x10000fd0                irq_init_priorities
 .text.user_irq_claim_unused
                0x10000fec       0x30 CMakeFiles/ROS_Robot_ENC_TEST.dir/C_/VSARM/sdk/pico/pico-sdk/src/rp2_common/hardware_irq/irq.c.obj
                0x10000fec                user_irq_claim_unused
 .text.lock_init
                0x1000101c       0x10 CMakeFiles/ROS_Robot_ENC_TEST.dir/C_/VSARM/sdk/pico/pico-sdk/src/common/pico_sync/lock_core.c.obj
                0x1000101c                lock_init
 .text.repeating_timer_callback
                0x1000102c       0x40 CMakeFiles/ROS_Robot_ENC_TEST.dir/C_/VSARM/sdk/pico/pico-sdk/src/common/pico_time/time.c.obj
 .text.alarm_pool_post_alloc_init
                0x1000106c       0x40 CMakeFiles/ROS_Robot_ENC_TEST.dir/C_/VSARM/sdk/pico/pico-sdk/src/common/pico_time/time.c.obj
 .text.sleep_until_callback
                0x100010ac       0x30 CMakeFiles/ROS_Robot_ENC_TEST.dir/C_/VSARM/sdk/pico/pico-sdk/src/common/pico_time/time.c.obj
 .text.timer_pool_entry_comparator
                0x100010dc       0x78 CMakeFiles/ROS_Robot_ENC_TEST.dir/C_/VSARM/sdk/pico/pico-sdk/src/common/pico_time/time.c.obj
                0x100010dc                timer_pool_entry_comparator
 .text.ph_add_child_node
                0x10001154       0xa0 CMakeFiles/ROS_Robot_ENC_TEST.dir/C_/VSARM/sdk/pico/pico-sdk/src/common/pico_time/time.c.obj
 .text.ph_merge_nodes
                0x100011f4       0x3e CMakeFiles/ROS_Robot_ENC_TEST.dir/C_/VSARM/sdk/pico/pico-sdk/src/common/pico_time/time.c.obj
 *fill*         0x10001232        0x2 
 .text.add_alarm_under_lock
                0x10001234      0x16c CMakeFiles/ROS_Robot_ENC_TEST.dir/C_/VSARM/sdk/pico/pico-sdk/src/common/pico_time/time.c.obj
 .text.alarm_pool_alarm_callback
                0x100013a0      0x328 CMakeFiles/ROS_Robot_ENC_TEST.dir/C_/VSARM/sdk/pico/pico-sdk/src/common/pico_time/time.c.obj
 .text.alarm_pool_init_default
                0x100016c8       0x38 CMakeFiles/ROS_Robot_ENC_TEST.dir/C_/VSARM/sdk/pico/pico-sdk/src/common/pico_time/time.c.obj
                0x100016c8                alarm_pool_init_default
 .text.alarm_pool_get_default
                0x10001700       0x2c CMakeFiles/ROS_Robot_ENC_TEST.dir/C_/VSARM/sdk/pico/pico-sdk/src/common/pico_time/time.c.obj
                0x10001700                alarm_pool_get_default
 .text.alarm_pool_add_alarm_at
                0x1000172c      0x178 CMakeFiles/ROS_Robot_ENC_TEST.dir/C_/VSARM/sdk/pico/pico-sdk/src/common/pico_time/time.c.obj
                0x1000172c                alarm_pool_add_alarm_at
 .text.alarm_pool_cancel_alarm
                0x100018a4       0xec CMakeFiles/ROS_Robot_ENC_TEST.dir/C_/VSARM/sdk/pico/pico-sdk/src/common/pico_time/time.c.obj
                0x100018a4                alarm_pool_cancel_alarm
 .text.alarm_pool_add_repeating_timer_us
                0x10001990       0x98 CMakeFiles/ROS_Robot_ENC_TEST.dir/C_/VSARM/sdk/pico/pico-sdk/src/common/pico_time/time.c.obj
                0x10001990                alarm_pool_add_repeating_timer_us
 .text.sleep_until
                0x10001a28       0xfc CMakeFiles/ROS_Robot_ENC_TEST.dir/C_/VSARM/sdk/pico/pico-sdk/src/common/pico_time/time.c.obj
                0x10001a28                sleep_until
 .text.sleep_us
                0x10001b24       0x58 CMakeFiles/ROS_Robot_ENC_TEST.dir/C_/VSARM/sdk/pico/pico-sdk/src/common/pico_time/time.c.obj
                0x10001b24                sleep_us
 .text.sleep_ms
                0x10001b7c       0x14 CMakeFiles/ROS_Robot_ENC_TEST.dir/C_/VSARM/sdk/pico/pico-sdk/src/common/pico_time/time.c.obj
                0x10001b7c                sleep_ms
 .text.best_effort_wfe_or_timeout
                0x10001b90       0x80 CMakeFiles/ROS_Robot_ENC_TEST.dir/C_/VSARM/sdk/pico/pico-sdk/src/common/pico_time/time.c.obj
                0x10001b90                best_effort_wfe_or_timeout
 .text.hardware_alarm_irq_handler
                0x10001c10       0x88 CMakeFiles/ROS_Robot_ENC_TEST.dir/C_/VSARM/sdk/pico/pico-sdk/src/rp2_common/hardware_timer/timer.c.obj
 .text.hardware_alarm_claim
                0x10001c98       0x18 CMakeFiles/ROS_Robot_ENC_TEST.dir/C_/VSARM/sdk/pico/pico-sdk/src/rp2_common/hardware_timer/timer.c.obj
                0x10001c98                hardware_alarm_claim
 .text.time_us_64
                0x10001cb0       0x18 CMakeFiles/ROS_Robot_ENC_TEST.dir/C_/VSARM/sdk/pico/pico-sdk/src/rp2_common/hardware_timer/timer.c.obj
                0x10001cb0                time_us_64
 .text.busy_wait_until
                0x10001cc8       0x28 CMakeFiles/ROS_Robot_ENC_TEST.dir/C_/VSARM/sdk/pico/pico-sdk/src/rp2_common/hardware_timer/timer.c.obj
                0x10001cc8                busy_wait_until
 .text.hardware_alarm_set_callback
                0x10001cf0       0x90 CMakeFiles/ROS_Robot_ENC_TEST.dir/C_/VSARM/sdk/pico/pico-sdk/src/rp2_common/hardware_timer/timer.c.obj
                0x10001cf0                hardware_alarm_set_callback
 .text.hardware_alarm_set_target
                0x10001d80       0xe8 CMakeFiles/ROS_Robot_ENC_TEST.dir/C_/VSARM/sdk/pico/pico-sdk/src/rp2_common/hardware_timer/timer.c.obj
                0x10001d80                hardware_alarm_set_target
 .text.hardware_alarm_cancel
                0x10001e68       0x40 CMakeFiles/ROS_Robot_ENC_TEST.dir/C_/VSARM/sdk/pico/pico-sdk/src/rp2_common/hardware_timer/timer.c.obj
                0x10001e68                hardware_alarm_cancel
 .text.ph_add_child_node
                0x10001ea8       0xa0 CMakeFiles/ROS_Robot_ENC_TEST.dir/C_/VSARM/sdk/pico/pico-sdk/src/common/pico_util/pheap.c.obj
 .text.ph_merge_nodes
                0x10001f48       0x3e CMakeFiles/ROS_Robot_ENC_TEST.dir/C_/VSARM/sdk/pico/pico-sdk/src/common/pico_util/pheap.c.obj
 *fill*         0x10001f86        0x2 
 .text.ph_clear
                0x10001f88       0x70 CMakeFiles/ROS_Robot_ENC_TEST.dir/C_/VSARM/sdk/pico/pico-sdk/src/common/pico_util/pheap.c.obj
                0x10001f88                ph_clear
 .text.ph_post_alloc_init
                0x10001ff8        0xe CMakeFiles/ROS_Robot_ENC_TEST.dir/C_/VSARM/sdk/pico/pico-sdk/src/common/pico_util/pheap.c.obj
                0x10001ff8                ph_post_alloc_init
 *fill*         0x10002006        0x2 
 .text.ph_merge_two_pass
                0x10002008       0xa4 CMakeFiles/ROS_Robot_ENC_TEST.dir/C_/VSARM/sdk/pico/pico-sdk/src/common/pico_util/pheap.c.obj
                0x10002008                ph_merge_two_pass
 .text.ph_remove_any_head
                0x100020ac      0x104 CMakeFiles/ROS_Robot_ENC_TEST.dir/C_/VSARM/sdk/pico/pico-sdk/src/common/pico_util/pheap.c.obj
 .text.ph_remove_head
                0x100021b0       0x14 CMakeFiles/ROS_Robot_ENC_TEST.dir/C_/VSARM/sdk/pico/pico-sdk/src/common/pico_util/pheap.c.obj
                0x100021b0                ph_remove_head
 .text.ph_remove_and_free_node
                0x100021c4       0xf8 CMakeFiles/ROS_Robot_ENC_TEST.dir/C_/VSARM/sdk/pico/pico-sdk/src/common/pico_util/pheap.c.obj
                0x100021c4                ph_remove_and_free_node
 .text.mutex_init
                0x100022bc       0x1a CMakeFiles/ROS_Robot_ENC_TEST.dir/C_/VSARM/sdk/pico/pico-sdk/src/common/pico_sync/mutex.c.obj
                0x100022bc                mutex_init
 .text.recursive_mutex_init
                0x100022d6       0x1e CMakeFiles/ROS_Robot_ENC_TEST.dir/C_/VSARM/sdk/pico/pico-sdk/src/common/pico_sync/mutex.c.obj
                0x100022d6                recursive_mutex_init
 .text.critical_section_init_with_lock_num
                0x100022f4       0x14 CMakeFiles/ROS_Robot_ENC_TEST.dir/C_/VSARM/sdk/pico/pico-sdk/src/common/pico_sync/critical_section.c.obj
                0x100022f4                critical_section_init_with_lock_num
 .text.critical_section_init
                0x10002308       0x14 CMakeFiles/ROS_Robot_ENC_TEST.dir/C_/VSARM/sdk/pico/pico-sdk/src/common/pico_sync/critical_section.c.obj
                0x10002308                critical_section_init
 .text._exit    0x1000231c        0x4 CMakeFiles/ROS_Robot_ENC_TEST.dir/C_/VSARM/sdk/pico/pico-sdk/src/rp2_common/pico_runtime/runtime.c.obj
                0x1000231c                _exit
 .text.exit     0x10002320        0x6 CMakeFiles/ROS_Robot_ENC_TEST.dir/C_/VSARM/sdk/pico/pico-sdk/src/rp2_common/pico_runtime/runtime.c.obj
                0x10002320                exit
 *fill*         0x10002326        0x2 
 .text.__assert_func
                0x10002328       0x3c CMakeFiles/ROS_Robot_ENC_TEST.dir/C_/VSARM/sdk/pico/pico-sdk/src/rp2_common/pico_runtime/runtime.c.obj
                0x10002328                __assert_func
 .text.runtime_init
                0x10002364       0xf8 CMakeFiles/ROS_Robot_ENC_TEST.dir/C_/VSARM/sdk/pico/pico-sdk/src/rp2_common/pico_runtime/runtime.c.obj
                0x10002364                runtime_init
 .text.panic    0x1000245c       0x30 CMakeFiles/ROS_Robot_ENC_TEST.dir/C_/VSARM/sdk/pico/pico-sdk/src/rp2_common/pico_runtime/runtime.c.obj
                0x1000245c                panic
 .text.clock_configure
                0x1000248c      0x104 CMakeFiles/ROS_Robot_ENC_TEST.dir/C_/VSARM/sdk/pico/pico-sdk/src/rp2_common/hardware_clocks/clocks.c.obj
                0x1000248c                clock_configure
 .text.clocks_init
                0x10002590      0x100 CMakeFiles/ROS_Robot_ENC_TEST.dir/C_/VSARM/sdk/pico/pico-sdk/src/rp2_common/hardware_clocks/clocks.c.obj
                0x10002590                clocks_init
 .text.pll_init
                0x10002690      0x140 CMakeFiles/ROS_Robot_ENC_TEST.dir/C_/VSARM/sdk/pico/pico-sdk/src/rp2_common/hardware_pll/pll.c.obj
                0x10002690                pll_init
 .text.watchdog_start_tick
                0x100027d0       0x10 CMakeFiles/ROS_Robot_ENC_TEST.dir/C_/VSARM/sdk/pico/pico-sdk/src/rp2_common/hardware_watchdog/watchdog.c.obj
                0x100027d0                watchdog_start_tick
 .text.watchdog_update
                0x100027e0       0x14 CMakeFiles/ROS_Robot_ENC_TEST.dir/C_/VSARM/sdk/pico/pico-sdk/src/rp2_common/hardware_watchdog/watchdog.c.obj
                0x100027e0                watchdog_update
 .text._watchdog_enable
                0x100027f4       0x78 CMakeFiles/ROS_Robot_ENC_TEST.dir/C_/VSARM/sdk/pico/pico-sdk/src/rp2_common/hardware_watchdog/watchdog.c.obj
                0x100027f4                _watchdog_enable
 .text.watchdog_reboot
                0x1000286c       0x48 CMakeFiles/ROS_Robot_ENC_TEST.dir/C_/VSARM/sdk/pico/pico-sdk/src/rp2_common/hardware_watchdog/watchdog.c.obj
                0x1000286c                watchdog_reboot
 .text.xosc_init
                0x100028b4       0x28 CMakeFiles/ROS_Robot_ENC_TEST.dir/C_/VSARM/sdk/pico/pico-sdk/src/rp2_common/hardware_xosc/xosc.c.obj
                0x100028b4                xosc_init
 .text._out_buffer
                0x100028dc        0x8 CMakeFiles/ROS_Robot_ENC_TEST.dir/C_/VSARM/sdk/pico/pico-sdk/src/rp2_common/pico_printf/printf.c.obj
 .text._out_null
                0x100028e4        0x2 CMakeFiles/ROS_Robot_ENC_TEST.dir/C_/VSARM/sdk/pico/pico-sdk/src/rp2_common/pico_printf/printf.c.obj
 .text._out_fct
                0x100028e6        0xe CMakeFiles/ROS_Robot_ENC_TEST.dir/C_/VSARM/sdk/pico/pico-sdk/src/rp2_common/pico_printf/printf.c.obj
 .text._atoi    0x100028f4       0x24 CMakeFiles/ROS_Robot_ENC_TEST.dir/C_/VSARM/sdk/pico/pico-sdk/src/rp2_common/pico_printf/printf.c.obj
 .text._out_rev
                0x10002918       0xae CMakeFiles/ROS_Robot_ENC_TEST.dir/C_/VSARM/sdk/pico/pico-sdk/src/rp2_common/pico_printf/printf.c.obj
 .text._ntoa_format
                0x100029c6      0x112 CMakeFiles/ROS_Robot_ENC_TEST.dir/C_/VSARM/sdk/pico/pico-sdk/src/rp2_common/pico_printf/printf.c.obj
 .text._ntoa_long
                0x10002ad8       0xbc CMakeFiles/ROS_Robot_ENC_TEST.dir/C_/VSARM/sdk/pico/pico-sdk/src/rp2_common/pico_printf/printf.c.obj
 .text._ntoa_long_long
                0x10002b94       0xe2 CMakeFiles/ROS_Robot_ENC_TEST.dir/C_/VSARM/sdk/pico/pico-sdk/src/rp2_common/pico_printf/printf.c.obj
 *fill*         0x10002c76        0x2 
 .text._etoa    0x10002c78      0x414 CMakeFiles/ROS_Robot_ENC_TEST.dir/C_/VSARM/sdk/pico/pico-sdk/src/rp2_common/pico_printf/printf.c.obj
 .text._ftoa    0x1000308c      0x354 CMakeFiles/ROS_Robot_ENC_TEST.dir/C_/VSARM/sdk/pico/pico-sdk/src/rp2_common/pico_printf/printf.c.obj
 .text._vsnprintf
                0x100033e0      0x650 CMakeFiles/ROS_Robot_ENC_TEST.dir/C_/VSARM/sdk/pico/pico-sdk/src/rp2_common/pico_printf/printf.c.obj
 .text.__wrap_sprintf
                0x10003a30       0x2c CMakeFiles/ROS_Robot_ENC_TEST.dir/C_/VSARM/sdk/pico/pico-sdk/src/rp2_common/pico_printf/printf.c.obj
                0x10003a30                __wrap_sprintf
 .text.vfctprintf
                0x10003a5c       0x20 CMakeFiles/ROS_Robot_ENC_TEST.dir/C_/VSARM/sdk/pico/pico-sdk/src/rp2_common/pico_printf/printf.c.obj
                0x10003a5c                vfctprintf
 .text          0x10003a7c       0x10 CMakeFiles/ROS_Robot_ENC_TEST.dir/C_/VSARM/sdk/pico/pico-sdk/src/rp2_common/pico_bit_ops/bit_ops_aeabi.S.obj
 .text.rom_func_lookup
                0x10003a8c       0x10 CMakeFiles/ROS_Robot_ENC_TEST.dir/C_/VSARM/sdk/pico/pico-sdk/src/rp2_common/pico_bootrom/bootrom.c.obj
                0x10003a8c                rom_func_lookup
 .text.rom_data_lookup
                0x10003a9c       0x10 CMakeFiles/ROS_Robot_ENC_TEST.dir/C_/VSARM/sdk/pico/pico-sdk/src/rp2_common/pico_bootrom/bootrom.c.obj
                0x10003a9c                rom_data_lookup
 .text.rom_funcs_lookup
                0x10003aac       0x36 CMakeFiles/ROS_Robot_ENC_TEST.dir/C_/VSARM/sdk/pico/pico-sdk/src/rp2_common/pico_bootrom/bootrom.c.obj
                0x10003aac                rom_funcs_lookup
 *fill*         0x10003ae2        0x2 
 .text.__wrap___aeabi_idiv
                0x10003ae4       0x50 CMakeFiles/ROS_Robot_ENC_TEST.dir/C_/VSARM/sdk/pico/pico-sdk/src/rp2_common/pico_divider/divider.S.obj
                0x10003ae4                __wrap___aeabi_idivmod
                0x10003ae4                divmod_s32s32
                0x10003ae4                div_s32s32
                0x10003ae4                __wrap___aeabi_idiv
                0x10003aec                divmod_s32s32_unsafe
                0x10003b18                divmod_s32s32_savestate
 .text.__wrap___aeabi_uidiv
                0x10003b34       0x4c CMakeFiles/ROS_Robot_ENC_TEST.dir/C_/VSARM/sdk/pico/pico-sdk/src/rp2_common/pico_divider/divider.S.obj
                0x10003b34                __wrap___aeabi_uidiv
                0x10003b34                __wrap___aeabi_uidivmod
                0x10003b34                div_u32u32
                0x10003b34                divmod_u32u32
                0x10003b3c                divmod_u32u32_unsafe
                0x10003b64                divmod_u32u32_savestate
 .text.__wrap___aeabi_ldiv
                0x10003b80      0x434 CMakeFiles/ROS_Robot_ENC_TEST.dir/C_/VSARM/sdk/pico/pico-sdk/src/rp2_common/pico_divider/divider.S.obj
                0x10003b80                div_s64s64
                0x10003b80                divmod_s64s64
                0x10003b80                __wrap___aeabi_ldivmod
                0x10003bb8                divmod_u64u64
                0x10003bb8                div_u64u64
                0x10003bb8                __wrap___aeabi_uldivmod
                0x10003bc8                divmod_u64u64_savestate
                0x10003bf0                divmod_s64s64_unsafe
                0x10003c78                divmod_u64u64_unsafe
 .text.__wrap___aeabi_darithmetic
                0x10003fb4       0x80 CMakeFiles/ROS_Robot_ENC_TEST.dir/C_/VSARM/sdk/pico/pico-sdk/src/rp2_common/pico_double/double_aeabi.S.obj
                0x10003fb4                __wrap___aeabi_drsub
                0x10003fba                __wrap___aeabi_dsub
                0x10003fcc                __wrap___aeabi_dadd
                0x10003fde                __wrap___aeabi_ddiv
                0x1000401a                __wrap___aeabi_dmul
 .text.__wrap___aeabi_cdcmple
                0x10004034       0x6c CMakeFiles/ROS_Robot_ENC_TEST.dir/C_/VSARM/sdk/pico/pico-sdk/src/rp2_common/pico_double/double_aeabi.S.obj
                0x10004034                __wrap___aeabi_cdrcmple
                0x10004044                __wrap___aeabi_cdcmpeq
                0x10004044                __wrap___aeabi_cdcmple
 .text.__wrap___aeabi_dcmpeq
                0x100040a0       0x10 CMakeFiles/ROS_Robot_ENC_TEST.dir/C_/VSARM/sdk/pico/pico-sdk/src/rp2_common/pico_double/double_aeabi.S.obj
                0x100040a0                __wrap___aeabi_dcmpeq
 .text.__wrap___aeabi_dcmplt
                0x100040b0        0xc CMakeFiles/ROS_Robot_ENC_TEST.dir/C_/VSARM/sdk/pico/pico-sdk/src/rp2_common/pico_double/double_aeabi.S.obj
                0x100040b0                __wrap___aeabi_dcmplt
 .text.__wrap___aeabi_dcmple
                0x100040bc       0x10 CMakeFiles/ROS_Robot_ENC_TEST.dir/C_/VSARM/sdk/pico/pico-sdk/src/rp2_common/pico_double/double_aeabi.S.obj
                0x100040bc                __wrap___aeabi_dcmple
 .text.__wrap___aeabi_dcmpge
                0x100040cc       0x10 CMakeFiles/ROS_Robot_ENC_TEST.dir/C_/VSARM/sdk/pico/pico-sdk/src/rp2_common/pico_double/double_aeabi.S.obj
                0x100040cc                __wrap___aeabi_dcmpge
 .text.__wrap___aeabi_dcmpgt
                0x100040dc        0xa CMakeFiles/ROS_Robot_ENC_TEST.dir/C_/VSARM/sdk/pico/pico-sdk/src/rp2_common/pico_double/double_aeabi.S.obj
                0x100040dc                __wrap___aeabi_dcmpgt
 .text.__wrap___aeabi_dcmpun
                0x100040e6       0x1c CMakeFiles/ROS_Robot_ENC_TEST.dir/C_/VSARM/sdk/pico/pico-sdk/src/rp2_common/pico_double/double_aeabi.S.obj
                0x100040e6                __wrap___aeabi_dcmpun
 *fill*         0x10004102        0x2 
 .text.__wrap___aeabi_i2d
                0x10004104       0x38 CMakeFiles/ROS_Robot_ENC_TEST.dir/C_/VSARM/sdk/pico/pico-sdk/src/rp2_common/pico_double/double_aeabi.S.obj
                0x10004104                __wrap___aeabi_ui2d
                0x1000410c                __wrap___aeabi_i2d
 .text.__wrap___aeabi_d2iz
                0x1000413c       0x48 CMakeFiles/ROS_Robot_ENC_TEST.dir/C_/VSARM/sdk/pico/pico-sdk/src/rp2_common/pico_double/double_aeabi.S.obj
                0x1000413c                double2int_z
                0x1000413c                __wrap___aeabi_d2iz
 .text.__wrap___aeabi_d2uiz
                0x10004184       0x18 CMakeFiles/ROS_Robot_ENC_TEST.dir/C_/VSARM/sdk/pico/pico-sdk/src/rp2_common/pico_double/double_aeabi.S.obj
                0x10004184                __wrap___aeabi_d2uiz
                0x10004184                double2uint
 .text.__wrap___aeabi_d2f
                0x1000419c       0x18 CMakeFiles/ROS_Robot_ENC_TEST.dir/C_/VSARM/sdk/pico/pico-sdk/src/rp2_common/pico_double/double_aeabi.S.obj
                0x1000419c                __wrap___aeabi_d2f
 .text.__wrap_exp
                0x100041b4       0x18 CMakeFiles/ROS_Robot_ENC_TEST.dir/C_/VSARM/sdk/pico/pico-sdk/src/rp2_common/pico_double/double_aeabi.S.obj
                0x100041b4                __wrap_exp
 .text.__wrap_log
                0x100041cc       0x18 CMakeFiles/ROS_Robot_ENC_TEST.dir/C_/VSARM/sdk/pico/pico-sdk/src/rp2_common/pico_double/double_aeabi.S.obj
                0x100041cc                __wrap_log
 .text.__aeabi_double_init
                0x100041e4       0xc8 CMakeFiles/ROS_Robot_ENC_TEST.dir/C_/VSARM/sdk/pico/pico-sdk/src/rp2_common/pico_double/double_init_rom.c.obj
                0x100041e4                __aeabi_double_init
 .text.dpow_int2
                0x100042ac       0x2c CMakeFiles/ROS_Robot_ENC_TEST.dir/C_/VSARM/sdk/pico/pico-sdk/src/rp2_common/pico_double/double_math.c.obj
 .text.dpow_1   0x100042d8      0x2a8 CMakeFiles/ROS_Robot_ENC_TEST.dir/C_/VSARM/sdk/pico/pico-sdk/src/rp2_common/pico_double/double_math.c.obj
 .text.dpow_0   0x10004580      0x1a0 CMakeFiles/ROS_Robot_ENC_TEST.dir/C_/VSARM/sdk/pico/pico-sdk/src/rp2_common/pico_double/double_math.c.obj
 .text.__wrap_ldexp
                0x10004720       0x50 CMakeFiles/ROS_Robot_ENC_TEST.dir/C_/VSARM/sdk/pico/pico-sdk/src/rp2_common/pico_double/double_math.c.obj
                0x10004720                __wrap_ldexp
 .text.__wrap_round
                0x10004770       0x98 CMakeFiles/ROS_Robot_ENC_TEST.dir/C_/VSARM/sdk/pico/pico-sdk/src/rp2_common/pico_double/double_math.c.obj
                0x10004770                __wrap_round
 .text.__wrap_exp2
                0x10004808       0xcc CMakeFiles/ROS_Robot_ENC_TEST.dir/C_/VSARM/sdk/pico/pico-sdk/src/rp2_common/pico_double/double_math.c.obj
                0x10004808                __wrap_exp2
 .text.__wrap_pow
                0x100048d4      0x378 CMakeFiles/ROS_Robot_ENC_TEST.dir/C_/VSARM/sdk/pico/pico-sdk/src/rp2_common/pico_double/double_math.c.obj
                0x100048d4                __wrap_pow
 .text.double_table_shim_on_use_helper
                0x10004c4c       0x34 CMakeFiles/ROS_Robot_ENC_TEST.dir/C_/VSARM/sdk/pico/pico-sdk/src/rp2_common/pico_double/double_v1_rom_shim.S.obj
                0x10004c4c                double_table_shim_on_use_helper
 .text.__wrap___aeabi_dsub
                0x10004c80       0x10 CMakeFiles/ROS_Robot_ENC_TEST.dir/C_/VSARM/sdk/pico/pico-sdk/src/rp2_common/pico_double/double_v1_rom_shim.S.obj
                0x10004c80                drsub_shim
                0x10004c86                dsub_shim
 .text.dadd_shim
                0x10004c90      0x15c CMakeFiles/ROS_Robot_ENC_TEST.dir/C_/VSARM/sdk/pico/pico-sdk/src/rp2_common/pico_double/double_v1_rom_shim.S.obj
                0x10004c90                dadd_shim
 .text.dmul_shim
                0x10004dec      0x15c CMakeFiles/ROS_Robot_ENC_TEST.dir/C_/VSARM/sdk/pico/pico-sdk/src/rp2_common/pico_double/double_v1_rom_shim.S.obj
                0x10004dec                dmul_shim
 .text.ddiv_shim
                0x10004f48      0x1b0 CMakeFiles/ROS_Robot_ENC_TEST.dir/C_/VSARM/sdk/pico/pico-sdk/src/rp2_common/pico_double/double_v1_rom_shim.S.obj
                0x10004f48                ddiv_shim
 .text.double2uint_shim
                0x100050f8        0xe CMakeFiles/ROS_Robot_ENC_TEST.dir/C_/VSARM/sdk/pico/pico-sdk/src/rp2_common/pico_double/double_v1_rom_shim.S.obj
                0x100050f8                double2uint_shim
                0x100050fa                double2ufix_shim
 *fill*         0x10005106        0x2 
 .text.double2uint64_shim
                0x10005108       0x70 CMakeFiles/ROS_Robot_ENC_TEST.dir/C_/VSARM/sdk/pico/pico-sdk/src/rp2_common/pico_double/double_v1_rom_shim.S.obj
                0x10005108                double2uint64_shim
                0x1000510a                double2ufix64_shim
                0x1000512a                d2fix_a
 .text.double2float_shim
                0x10005178       0x5c CMakeFiles/ROS_Robot_ENC_TEST.dir/C_/VSARM/sdk/pico/pico-sdk/src/rp2_common/pico_double/double_v1_rom_shim.S.obj
                0x10005178                double2float_shim
 .text.x2double_shims
                0x100051d4       0x90 CMakeFiles/ROS_Robot_ENC_TEST.dir/C_/VSARM/sdk/pico/pico-sdk/src/rp2_common/pico_double/double_v1_rom_shim.S.obj
                0x100051d4                uint2double_shim
                0x100051d6                ufix2double_shim
                0x100051dc                int2double_shim
                0x100051de                fix2double_shim
                0x100051e4                uint642double_shim
                0x100051e6                ufix642double_shim
                0x100051ec                int642double_shim
                0x100051ee                fix642double_shim
 .text.dunpacks
                0x10005264       0x3c CMakeFiles/ROS_Robot_ENC_TEST.dir/C_/VSARM/sdk/pico/pico-sdk/src/rp2_common/pico_double/double_v1_rom_shim.S.obj
                0x10005264                dunpacks
 .text.dreduce  0x100052a0       0x82 CMakeFiles/ROS_Robot_ENC_TEST.dir/C_/VSARM/sdk/pico/pico-sdk/src/rp2_common/pico_double/double_v1_rom_shim.S.obj
                0x100052a0                dreduce
 *fill*         0x10005322        0x2 
 .text.dexp_guts
                0x10005324      0x268 CMakeFiles/ROS_Robot_ENC_TEST.dir/C_/VSARM/sdk/pico/pico-sdk/src/rp2_common/pico_double/double_v1_rom_shim.S.obj
                0x10005324                dexp_shim
                0x100053c0                dln_shim
 .text.__aeabi_lmul
                0x1000558c       0x32 CMakeFiles/ROS_Robot_ENC_TEST.dir/C_/VSARM/sdk/pico/pico-sdk/src/rp2_common/pico_int64_ops/pico_int64_ops_aeabi.S.obj
                0x1000558c                __wrap___aeabi_lmul
 *fill*         0x100055be        0x2 
 .text.__wrap___aeabi_cfcmple
                0x100055c0       0x50 CMakeFiles/ROS_Robot_ENC_TEST.dir/C_/VSARM/sdk/pico/pico-sdk/src/rp2_common/pico_float/float_aeabi.S.obj
                0x100055c0                __wrap___aeabi_cfrcmple
                0x100055cc                __wrap___aeabi_cfcmple
                0x100055cc                __wrap___aeabi_cfcmpeq
 .text.__wrap___aeabi_fcmplt
                0x10005610        0xc CMakeFiles/ROS_Robot_ENC_TEST.dir/C_/VSARM/sdk/pico/pico-sdk/src/rp2_common/pico_float/float_aeabi.S.obj
                0x10005610                __wrap___aeabi_fcmplt
 .text.__wrap___aeabi_f2d
                0x1000561c       0x14 CMakeFiles/ROS_Robot_ENC_TEST.dir/C_/VSARM/sdk/pico/pico-sdk/src/rp2_common/pico_float/float_aeabi.S.obj
                0x1000561c                __wrap___aeabi_f2d
 .text.__aeabi_float_init
                0x10005630       0xfc CMakeFiles/ROS_Robot_ENC_TEST.dir/C_/VSARM/sdk/pico/pico-sdk/src/rp2_common/pico_float/float_init_rom.c.obj
                0x10005630                __aeabi_float_init
 .text.float_table_shim_on_use_helper
                0x1000572c       0x34 CMakeFiles/ROS_Robot_ENC_TEST.dir/C_/VSARM/sdk/pico/pico-sdk/src/rp2_common/pico_float/float_v1_rom_shim.S.obj
                0x1000572c                float_table_shim_on_use_helper
 .text.float2double_shim
                0x10005760       0x30 CMakeFiles/ROS_Robot_ENC_TEST.dir/C_/VSARM/sdk/pico/pico-sdk/src/rp2_common/pico_float/float_v1_rom_shim.S.obj
                0x10005760                float2double_shim
 .text          0x10005790       0x10 CMakeFiles/ROS_Robot_ENC_TEST.dir/C_/VSARM/sdk/pico/pico-sdk/src/rp2_common/pico_mem_ops/mem_ops_aeabi.S.obj
                0x10005790                __aeabi_mem_init
 .text.memset   0x100057a0        0xc CMakeFiles/ROS_Robot_ENC_TEST.dir/C_/VSARM/sdk/pico/pico-sdk/src/rp2_common/pico_mem_ops/mem_ops_aeabi.S.obj
                0x100057a0                __wrap_memset
 .text.memcpy   0x100057ac        0xc CMakeFiles/ROS_Robot_ENC_TEST.dir/C_/VSARM/sdk/pico/pico-sdk/src/rp2_common/pico_mem_ops/mem_ops_aeabi.S.obj
                0x100057ac                __wrap_memcpy
                0x100057ac                __wrap___aeabi_memcpy
 .text.stdio_out_chars_no_crlf
                0x100057b8        0xe CMakeFiles/ROS_Robot_ENC_TEST.dir/C_/VSARM/sdk/pico/pico-sdk/src/rp2_common/pico_stdio/stdio.c.obj
 .text.stdio_out_chars_crlf
                0x100057c6        0xe CMakeFiles/ROS_Robot_ENC_TEST.dir/C_/VSARM/sdk/pico/pico-sdk/src/rp2_common/pico_stdio/stdio.c.obj
 .text.stdio_stack_buffer_flush
                0x100057d4       0x44 CMakeFiles/ROS_Robot_ENC_TEST.dir/C_/VSARM/sdk/pico/pico-sdk/src/rp2_common/pico_stdio/stdio.c.obj
 .text.stdio_buffered_printer
                0x10005818       0x20 CMakeFiles/ROS_Robot_ENC_TEST.dir/C_/VSARM/sdk/pico/pico-sdk/src/rp2_common/pico_stdio/stdio.c.obj
 .text.stdout_serialize_begin
                0x10005838       0x30 CMakeFiles/ROS_Robot_ENC_TEST.dir/C_/VSARM/sdk/pico/pico-sdk/src/rp2_common/pico_stdio/stdio.c.obj
                0x10005838                stdout_serialize_begin
 .text.stdout_serialize_end
                0x10005868       0x10 CMakeFiles/ROS_Robot_ENC_TEST.dir/C_/VSARM/sdk/pico/pico-sdk/src/rp2_common/pico_stdio/stdio.c.obj
                0x10005868                stdout_serialize_end
 .text.stdio_put_string
                0x10005878       0x98 CMakeFiles/ROS_Robot_ENC_TEST.dir/C_/VSARM/sdk/pico/pico-sdk/src/rp2_common/pico_stdio/stdio.c.obj
 .text.stdio_set_driver_enabled
                0x10005910       0x2c CMakeFiles/ROS_Robot_ENC_TEST.dir/C_/VSARM/sdk/pico/pico-sdk/src/rp2_common/pico_stdio/stdio.c.obj
                0x10005910                stdio_set_driver_enabled
 .text.stdio_flush
                0x1000593c       0x20 CMakeFiles/ROS_Robot_ENC_TEST.dir/C_/VSARM/sdk/pico/pico-sdk/src/rp2_common/pico_stdio/stdio.c.obj
                0x1000593c                stdio_flush
 .text.__wrap_puts
                0x1000595c       0x1e CMakeFiles/ROS_Robot_ENC_TEST.dir/C_/VSARM/sdk/pico/pico-sdk/src/rp2_common/pico_stdio/stdio.c.obj
                0x1000595c                __wrap_puts
 *fill*         0x1000597a        0x2 
 .text.__wrap_vprintf
                0x1000597c       0x44 CMakeFiles/ROS_Robot_ENC_TEST.dir/C_/VSARM/sdk/pico/pico-sdk/src/rp2_common/pico_stdio/stdio.c.obj
                0x1000597c                __wrap_vprintf
 .text.__wrap_printf
                0x100059c0       0x18 CMakeFiles/ROS_Robot_ENC_TEST.dir/C_/VSARM/sdk/pico/pico-sdk/src/rp2_common/pico_stdio/stdio.c.obj
                0x100059c0                __wrap_printf
 .text.stdio_init_all
                0x100059d8        0x8 CMakeFiles/ROS_Robot_ENC_TEST.dir/C_/VSARM/sdk/pico/pico-sdk/src/rp2_common/pico_stdio/stdio.c.obj
                0x100059d8                stdio_init_all
 .text.resetd_init
                0x100059e0        0x2 CMakeFiles/ROS_Robot_ENC_TEST.dir/C_/VSARM/sdk/pico/pico-sdk/src/rp2_common/pico_stdio_usb/reset_interface.c.obj
 *fill*         0x100059e2        0x2 
 .text.resetd_reset
                0x100059e4        0xc CMakeFiles/ROS_Robot_ENC_TEST.dir/C_/VSARM/sdk/pico/pico-sdk/src/rp2_common/pico_stdio_usb/reset_interface.c.obj
 .text.resetd_open
                0x100059f0       0x34 CMakeFiles/ROS_Robot_ENC_TEST.dir/C_/VSARM/sdk/pico/pico-sdk/src/rp2_common/pico_stdio_usb/reset_interface.c.obj
 .text.resetd_xfer_cb
                0x10005a24        0x4 CMakeFiles/ROS_Robot_ENC_TEST.dir/C_/VSARM/sdk/pico/pico-sdk/src/rp2_common/pico_stdio_usb/reset_interface.c.obj
 .text.reset_usb_boot
                0x10005a28       0x18 CMakeFiles/ROS_Robot_ENC_TEST.dir/C_/VSARM/sdk/pico/pico-sdk/src/rp2_common/pico_stdio_usb/reset_interface.c.obj
 .text.resetd_control_xfer_cb
                0x10005a40       0x5c CMakeFiles/ROS_Robot_ENC_TEST.dir/C_/VSARM/sdk/pico/pico-sdk/src/rp2_common/pico_stdio_usb/reset_interface.c.obj
 .text.usbd_app_driver_get_cb
                0x10005a9c        0xc CMakeFiles/ROS_Robot_ENC_TEST.dir/C_/VSARM/sdk/pico/pico-sdk/src/rp2_common/pico_stdio_usb/reset_interface.c.obj
                0x10005a9c                usbd_app_driver_get_cb
 .text.tud_cdc_line_coding_cb
                0x10005aa8       0x28 CMakeFiles/ROS_Robot_ENC_TEST.dir/C_/VSARM/sdk/pico/pico-sdk/src/rp2_common/pico_stdio_usb/reset_interface.c.obj
                0x10005aa8                tud_cdc_line_coding_cb
 .text.stdio_usb_in_chars
                0x10005ad0       0x70 CMakeFiles/ROS_Robot_ENC_TEST.dir/C_/VSARM/sdk/pico/pico-sdk/src/rp2_common/pico_stdio_usb/stdio_usb.c.obj
                0x10005ad0                stdio_usb_in_chars
 .text.low_priority_worker_irq
                0x10005b40       0x20 CMakeFiles/ROS_Robot_ENC_TEST.dir/C_/VSARM/sdk/pico/pico-sdk/src/rp2_common/pico_stdio_usb/stdio_usb.c.obj
 .text.stdio_usb_out_chars
                0x10005b60       0xd4 CMakeFiles/ROS_Robot_ENC_TEST.dir/C_/VSARM/sdk/pico/pico-sdk/src/rp2_common/pico_stdio_usb/stdio_usb.c.obj
 .text.timer_task
                0x10005c34       0x40 CMakeFiles/ROS_Robot_ENC_TEST.dir/C_/VSARM/sdk/pico/pico-sdk/src/rp2_common/pico_stdio_usb/stdio_usb.c.obj
 .text.usb_irq  0x10005c74       0x10 CMakeFiles/ROS_Robot_ENC_TEST.dir/C_/VSARM/sdk/pico/pico-sdk/src/rp2_common/pico_stdio_usb/stdio_usb.c.obj
 .text.stdio_usb_init
                0x10005c84       0xec CMakeFiles/ROS_Robot_ENC_TEST.dir/C_/VSARM/sdk/pico/pico-sdk/src/rp2_common/pico_stdio_usb/stdio_usb.c.obj
                0x10005c84                stdio_usb_init
 .text.tud_descriptor_device_cb
                0x10005d70        0x8 CMakeFiles/ROS_Robot_ENC_TEST.dir/C_/VSARM/sdk/pico/pico-sdk/src/rp2_common/pico_stdio_usb/stdio_usb_descriptors.c.obj
                0x10005d70                tud_descriptor_device_cb
 .text.tud_descriptor_configuration_cb
                0x10005d78        0x8 CMakeFiles/ROS_Robot_ENC_TEST.dir/C_/VSARM/sdk/pico/pico-sdk/src/rp2_common/pico_stdio_usb/stdio_usb_descriptors.c.obj
                0x10005d78                tud_descriptor_configuration_cb
 .text.tud_descriptor_string_cb
                0x10005d80       0x6c CMakeFiles/ROS_Robot_ENC_TEST.dir/C_/VSARM/sdk/pico/pico-sdk/src/rp2_common/pico_stdio_usb/stdio_usb_descriptors.c.obj
                0x10005d80                tud_descriptor_string_cb
 .text.hw_endpoint_get_by_addr
                0x10005dec       0x18 CMakeFiles/ROS_Robot_ENC_TEST.dir/C_/VSARM/sdk/pico/pico-sdk/lib/tinyusb/src/portable/raspberrypi/rp2040/dcd_rp2040.c.obj
 .text.reset_ep0_pid
                0x10005e04       0x28 CMakeFiles/ROS_Robot_ENC_TEST.dir/C_/VSARM/sdk/pico/pico-sdk/lib/tinyusb/src/portable/raspberrypi/rp2040/dcd_rp2040.c.obj
 .text._hw_endpoint_alloc
                0x10005e2c       0x70 CMakeFiles/ROS_Robot_ENC_TEST.dir/C_/VSARM/sdk/pico/pico-sdk/lib/tinyusb/src/portable/raspberrypi/rp2040/dcd_rp2040.c.obj
 .text.hw_endpoint_init
                0x10005e9c       0x88 CMakeFiles/ROS_Robot_ENC_TEST.dir/C_/VSARM/sdk/pico/pico-sdk/lib/tinyusb/src/portable/raspberrypi/rp2040/dcd_rp2040.c.obj
 .text.reset_non_control_endpoints
                0x10005f24       0x40 CMakeFiles/ROS_Robot_ENC_TEST.dir/C_/VSARM/sdk/pico/pico-sdk/lib/tinyusb/src/portable/raspberrypi/rp2040/dcd_rp2040.c.obj
 .text.hw_handle_buff_status
                0x10005f64       0x8c CMakeFiles/ROS_Robot_ENC_TEST.dir/C_/VSARM/sdk/pico/pico-sdk/lib/tinyusb/src/portable/raspberrypi/rp2040/dcd_rp2040.c.obj
 .text.dcd_rp2040_irq
                0x10005ff0       0xc0 CMakeFiles/ROS_Robot_ENC_TEST.dir/C_/VSARM/sdk/pico/pico-sdk/lib/tinyusb/src/portable/raspberrypi/rp2040/dcd_rp2040.c.obj
 .text.hw_endpoint_xfer
                0x100060b0       0x14 CMakeFiles/ROS_Robot_ENC_TEST.dir/C_/VSARM/sdk/pico/pico-sdk/lib/tinyusb/src/portable/raspberrypi/rp2040/dcd_rp2040.c.obj
 .text.dcd_int_enable
                0x100060c4       0x2c CMakeFiles/ROS_Robot_ENC_TEST.dir/C_/VSARM/sdk/pico/pico-sdk/lib/tinyusb/src/portable/raspberrypi/rp2040/dcd_rp2040.c.obj
                0x100060c4                dcd_int_enable
 .text.dcd_set_address
                0x100060f0       0x2c CMakeFiles/ROS_Robot_ENC_TEST.dir/C_/VSARM/sdk/pico/pico-sdk/lib/tinyusb/src/portable/raspberrypi/rp2040/dcd_rp2040.c.obj
                0x100060f0                dcd_set_address
 .text.dcd_connect
                0x1000611c       0x10 CMakeFiles/ROS_Robot_ENC_TEST.dir/C_/VSARM/sdk/pico/pico-sdk/lib/tinyusb/src/portable/raspberrypi/rp2040/dcd_rp2040.c.obj
                0x1000611c                dcd_connect
 .text.dcd_init
                0x1000612c       0x7c CMakeFiles/ROS_Robot_ENC_TEST.dir/C_/VSARM/sdk/pico/pico-sdk/lib/tinyusb/src/portable/raspberrypi/rp2040/dcd_rp2040.c.obj
                0x1000612c                dcd_init
 .text.dcd_edpt0_status_complete
                0x100061a8       0x1c CMakeFiles/ROS_Robot_ENC_TEST.dir/C_/VSARM/sdk/pico/pico-sdk/lib/tinyusb/src/portable/raspberrypi/rp2040/dcd_rp2040.c.obj
                0x100061a8                dcd_edpt0_status_complete
 .text.dcd_edpt_open
                0x100061c4       0x40 CMakeFiles/ROS_Robot_ENC_TEST.dir/C_/VSARM/sdk/pico/pico-sdk/lib/tinyusb/src/portable/raspberrypi/rp2040/dcd_rp2040.c.obj
                0x100061c4                dcd_edpt_open
 .text.dcd_edpt_close_all
                0x10006204        0x8 CMakeFiles/ROS_Robot_ENC_TEST.dir/C_/VSARM/sdk/pico/pico-sdk/lib/tinyusb/src/portable/raspberrypi/rp2040/dcd_rp2040.c.obj
                0x10006204                dcd_edpt_close_all
 .text.dcd_edpt_xfer
                0x1000620c       0x30 CMakeFiles/ROS_Robot_ENC_TEST.dir/C_/VSARM/sdk/pico/pico-sdk/lib/tinyusb/src/portable/raspberrypi/rp2040/dcd_rp2040.c.obj
                0x1000620c                dcd_edpt_xfer
 .text.dcd_edpt_stall
                0x1000623c       0x2c CMakeFiles/ROS_Robot_ENC_TEST.dir/C_/VSARM/sdk/pico/pico-sdk/lib/tinyusb/src/portable/raspberrypi/rp2040/dcd_rp2040.c.obj
                0x1000623c                dcd_edpt_stall
 .text.dcd_edpt_clear_stall
                0x10006268       0x20 CMakeFiles/ROS_Robot_ENC_TEST.dir/C_/VSARM/sdk/pico/pico-sdk/lib/tinyusb/src/portable/raspberrypi/rp2040/dcd_rp2040.c.obj
                0x10006268                dcd_edpt_clear_stall
 .text.prepare_ep_buffer
                0x10006288       0x6c CMakeFiles/ROS_Robot_ENC_TEST.dir/C_/VSARM/sdk/pico/pico-sdk/lib/tinyusb/src/portable/raspberrypi/rp2040/rp2040_usb.c.obj
 .text.sync_ep_buffer
                0x100062f4       0x78 CMakeFiles/ROS_Robot_ENC_TEST.dir/C_/VSARM/sdk/pico/pico-sdk/lib/tinyusb/src/portable/raspberrypi/rp2040/rp2040_usb.c.obj
 .text._hw_endpoint_xfer_sync
                0x1000636c       0x28 CMakeFiles/ROS_Robot_ENC_TEST.dir/C_/VSARM/sdk/pico/pico-sdk/lib/tinyusb/src/portable/raspberrypi/rp2040/rp2040_usb.c.obj
 .text.rp2040_usb_init
                0x10006394       0x4c CMakeFiles/ROS_Robot_ENC_TEST.dir/C_/VSARM/sdk/pico/pico-sdk/lib/tinyusb/src/portable/raspberrypi/rp2040/rp2040_usb.c.obj
                0x10006394                rp2040_usb_init
 .text.hw_endpoint_reset_transfer
                0x100063e0        0xc CMakeFiles/ROS_Robot_ENC_TEST.dir/C_/VSARM/sdk/pico/pico-sdk/lib/tinyusb/src/portable/raspberrypi/rp2040/rp2040_usb.c.obj
                0x100063e0                hw_endpoint_reset_transfer
 .text._hw_endpoint_buffer_control_update32
                0x100063ec       0x58 CMakeFiles/ROS_Robot_ENC_TEST.dir/C_/VSARM/sdk/pico/pico-sdk/lib/tinyusb/src/portable/raspberrypi/rp2040/rp2040_usb.c.obj
                0x100063ec                _hw_endpoint_buffer_control_update32
 .text._hw_endpoint_start_next_buffer
                0x10006444       0x74 CMakeFiles/ROS_Robot_ENC_TEST.dir/C_/VSARM/sdk/pico/pico-sdk/lib/tinyusb/src/portable/raspberrypi/rp2040/rp2040_usb.c.obj
 .text.hw_endpoint_xfer_start
                0x100064b8       0x48 CMakeFiles/ROS_Robot_ENC_TEST.dir/C_/VSARM/sdk/pico/pico-sdk/lib/tinyusb/src/portable/raspberrypi/rp2040/rp2040_usb.c.obj
                0x100064b8                hw_endpoint_xfer_start
 .text.hw_endpoint_xfer_continue
                0x10006500       0x38 CMakeFiles/ROS_Robot_ENC_TEST.dir/C_/VSARM/sdk/pico/pico-sdk/lib/tinyusb/src/portable/raspberrypi/rp2040/rp2040_usb.c.obj
                0x10006500                hw_endpoint_xfer_continue
 .text.configuration_reset
                0x10006538       0x84 CMakeFiles/ROS_Robot_ENC_TEST.dir/C_/VSARM/sdk/pico/pico-sdk/lib/tinyusb/src/device/usbd.c.obj
 .text.usbd_reset
                0x100065bc        0xc CMakeFiles/ROS_Robot_ENC_TEST.dir/C_/VSARM/sdk/pico/pico-sdk/lib/tinyusb/src/device/usbd.c.obj
 .text.invoke_class_control
                0x100065c8       0x1a CMakeFiles/ROS_Robot_ENC_TEST.dir/C_/VSARM/sdk/pico/pico-sdk/lib/tinyusb/src/device/usbd.c.obj
 *fill*         0x100065e2        0x2 
 .text.process_set_config
                0x100065e4      0x1b0 CMakeFiles/ROS_Robot_ENC_TEST.dir/C_/VSARM/sdk/pico/pico-sdk/lib/tinyusb/src/device/usbd.c.obj
 .text.process_get_descriptor
                0x10006794       0xec CMakeFiles/ROS_Robot_ENC_TEST.dir/C_/VSARM/sdk/pico/pico-sdk/lib/tinyusb/src/device/usbd.c.obj
 .text.tud_mounted
                0x10006880       0x10 CMakeFiles/ROS_Robot_ENC_TEST.dir/C_/VSARM/sdk/pico/pico-sdk/lib/tinyusb/src/device/usbd.c.obj
                0x10006880                tud_mounted
 .text.tud_suspended
                0x10006890       0x10 CMakeFiles/ROS_Robot_ENC_TEST.dir/C_/VSARM/sdk/pico/pico-sdk/lib/tinyusb/src/device/usbd.c.obj
                0x10006890                tud_suspended
 .text.tud_inited
                0x100068a0        0xc CMakeFiles/ROS_Robot_ENC_TEST.dir/C_/VSARM/sdk/pico/pico-sdk/lib/tinyusb/src/device/usbd.c.obj
                0x100068a0                tud_inited
 .text.tud_init
                0x100068ac       0xcc CMakeFiles/ROS_Robot_ENC_TEST.dir/C_/VSARM/sdk/pico/pico-sdk/lib/tinyusb/src/device/usbd.c.obj
                0x100068ac                tud_init
 .text.dcd_event_handler
                0x10006978      0x1e0 CMakeFiles/ROS_Robot_ENC_TEST.dir/C_/VSARM/sdk/pico/pico-sdk/lib/tinyusb/src/device/usbd.c.obj
                0x10006978                dcd_event_handler
 .text.dcd_event_bus_signal
                0x10006b58       0x26 CMakeFiles/ROS_Robot_ENC_TEST.dir/C_/VSARM/sdk/pico/pico-sdk/lib/tinyusb/src/device/usbd.c.obj
                0x10006b58                dcd_event_bus_signal
 .text.dcd_event_bus_reset
                0x10006b7e       0x2a CMakeFiles/ROS_Robot_ENC_TEST.dir/C_/VSARM/sdk/pico/pico-sdk/lib/tinyusb/src/device/usbd.c.obj
                0x10006b7e                dcd_event_bus_reset
 .text.dcd_event_setup_received
                0x10006ba8       0x34 CMakeFiles/ROS_Robot_ENC_TEST.dir/C_/VSARM/sdk/pico/pico-sdk/lib/tinyusb/src/device/usbd.c.obj
                0x10006ba8                dcd_event_setup_received
 .text.dcd_event_xfer_complete
                0x10006bdc       0x44 CMakeFiles/ROS_Robot_ENC_TEST.dir/C_/VSARM/sdk/pico/pico-sdk/lib/tinyusb/src/device/usbd.c.obj
                0x10006bdc                dcd_event_xfer_complete
 .text.usbd_edpt_open
                0x10006c20       0x58 CMakeFiles/ROS_Robot_ENC_TEST.dir/C_/VSARM/sdk/pico/pico-sdk/lib/tinyusb/src/device/usbd.c.obj
                0x10006c20                usbd_edpt_open
 .text.usbd_open_edpt_pair
                0x10006c78       0x8c CMakeFiles/ROS_Robot_ENC_TEST.dir/C_/VSARM/sdk/pico/pico-sdk/lib/tinyusb/src/device/usbd.c.obj
                0x10006c78                usbd_open_edpt_pair
 .text.usbd_edpt_claim
                0x10006d04       0x8c CMakeFiles/ROS_Robot_ENC_TEST.dir/C_/VSARM/sdk/pico/pico-sdk/lib/tinyusb/src/device/usbd.c.obj
                0x10006d04                usbd_edpt_claim
 .text.usbd_edpt_release
                0x10006d90       0x68 CMakeFiles/ROS_Robot_ENC_TEST.dir/C_/VSARM/sdk/pico/pico-sdk/lib/tinyusb/src/device/usbd.c.obj
                0x10006d90                usbd_edpt_release
 .text.usbd_edpt_xfer
                0x10006df8       0x84 CMakeFiles/ROS_Robot_ENC_TEST.dir/C_/VSARM/sdk/pico/pico-sdk/lib/tinyusb/src/device/usbd.c.obj
                0x10006df8                usbd_edpt_xfer
 .text.usbd_edpt_stall
                0x10006e7c       0x40 CMakeFiles/ROS_Robot_ENC_TEST.dir/C_/VSARM/sdk/pico/pico-sdk/lib/tinyusb/src/device/usbd.c.obj
                0x10006e7c                usbd_edpt_stall
 .text.usbd_edpt_clear_stall
                0x10006ebc       0x40 CMakeFiles/ROS_Robot_ENC_TEST.dir/C_/VSARM/sdk/pico/pico-sdk/lib/tinyusb/src/device/usbd.c.obj
                0x10006ebc                usbd_edpt_clear_stall
 .text.usbd_edpt_stalled
                0x10006efc       0x1c CMakeFiles/ROS_Robot_ENC_TEST.dir/C_/VSARM/sdk/pico/pico-sdk/lib/tinyusb/src/device/usbd.c.obj
                0x10006efc                usbd_edpt_stalled
 .text.process_control_request
                0x10006f18      0x3b8 CMakeFiles/ROS_Robot_ENC_TEST.dir/C_/VSARM/sdk/pico/pico-sdk/lib/tinyusb/src/device/usbd.c.obj
 .text.tud_task
                0x100072d0      0x218 CMakeFiles/ROS_Robot_ENC_TEST.dir/C_/VSARM/sdk/pico/pico-sdk/lib/tinyusb/src/device/usbd.c.obj
                0x100072d0                tud_task
 .text._data_stage_xact
                0x100074e8       0x58 CMakeFiles/ROS_Robot_ENC_TEST.dir/C_/VSARM/sdk/pico/pico-sdk/lib/tinyusb/src/device/usbd_control.c.obj
 .text.tud_control_status
                0x10007540       0x38 CMakeFiles/ROS_Robot_ENC_TEST.dir/C_/VSARM/sdk/pico/pico-sdk/lib/tinyusb/src/device/usbd_control.c.obj
                0x10007540                tud_control_status
 .text.tud_control_xfer
                0x10007578       0xa8 CMakeFiles/ROS_Robot_ENC_TEST.dir/C_/VSARM/sdk/pico/pico-sdk/lib/tinyusb/src/device/usbd_control.c.obj
                0x10007578                tud_control_xfer
 .text.usbd_control_reset
                0x10007620       0x14 CMakeFiles/ROS_Robot_ENC_TEST.dir/C_/VSARM/sdk/pico/pico-sdk/lib/tinyusb/src/device/usbd_control.c.obj
                0x10007620                usbd_control_reset
 .text.usbd_control_set_complete_callback
                0x10007634        0xc CMakeFiles/ROS_Robot_ENC_TEST.dir/C_/VSARM/sdk/pico/pico-sdk/lib/tinyusb/src/device/usbd_control.c.obj
                0x10007634                usbd_control_set_complete_callback
 .text.usbd_control_set_request
                0x10007640       0x1c CMakeFiles/ROS_Robot_ENC_TEST.dir/C_/VSARM/sdk/pico/pico-sdk/lib/tinyusb/src/device/usbd_control.c.obj
                0x10007640                usbd_control_set_request
 .text.usbd_control_xfer_cb
                0x1000765c       0xfc CMakeFiles/ROS_Robot_ENC_TEST.dir/C_/VSARM/sdk/pico/pico-sdk/lib/tinyusb/src/device/usbd_control.c.obj
                0x1000765c                usbd_control_xfer_cb
 .text._prep_out_transaction
                0x10007758       0x46 CMakeFiles/ROS_Robot_ENC_TEST.dir/C_/VSARM/sdk/pico/pico-sdk/lib/tinyusb/src/class/cdc/cdc_device.c.obj
 *fill*         0x1000779e        0x2 
 .text.tud_cdc_n_connected
                0x100077a0       0x44 CMakeFiles/ROS_Robot_ENC_TEST.dir/C_/VSARM/sdk/pico/pico-sdk/lib/tinyusb/src/class/cdc/cdc_device.c.obj
                0x100077a0                tud_cdc_n_connected
 .text.tud_cdc_n_available
                0x100077e4       0x18 CMakeFiles/ROS_Robot_ENC_TEST.dir/C_/VSARM/sdk/pico/pico-sdk/lib/tinyusb/src/class/cdc/cdc_device.c.obj
                0x100077e4                tud_cdc_n_available
 .text.tud_cdc_n_read
                0x100077fc       0x28 CMakeFiles/ROS_Robot_ENC_TEST.dir/C_/VSARM/sdk/pico/pico-sdk/lib/tinyusb/src/class/cdc/cdc_device.c.obj
                0x100077fc                tud_cdc_n_read
 .text.tud_cdc_n_write_flush
                0x10007824       0xcc CMakeFiles/ROS_Robot_ENC_TEST.dir/C_/VSARM/sdk/pico/pico-sdk/lib/tinyusb/src/class/cdc/cdc_device.c.obj
                0x10007824                tud_cdc_n_write_flush
 .text.tud_cdc_n_write
                0x100078f0       0x38 CMakeFiles/ROS_Robot_ENC_TEST.dir/C_/VSARM/sdk/pico/pico-sdk/lib/tinyusb/src/class/cdc/cdc_device.c.obj
                0x100078f0                tud_cdc_n_write
 .text.tud_cdc_n_write_available
                0x10007928       0x1c CMakeFiles/ROS_Robot_ENC_TEST.dir/C_/VSARM/sdk/pico/pico-sdk/lib/tinyusb/src/class/cdc/cdc_device.c.obj
                0x10007928                tud_cdc_n_write_available
 .text.cdcd_init
                0x10007944       0xbc CMakeFiles/ROS_Robot_ENC_TEST.dir/C_/VSARM/sdk/pico/pico-sdk/lib/tinyusb/src/class/cdc/cdc_device.c.obj
                0x10007944                cdcd_init
 .text.cdcd_reset
                0x10007a00       0x44 CMakeFiles/ROS_Robot_ENC_TEST.dir/C_/VSARM/sdk/pico/pico-sdk/lib/tinyusb/src/class/cdc/cdc_device.c.obj
                0x10007a00                cdcd_reset
 .text.cdcd_open
                0x10007a44       0xf8 CMakeFiles/ROS_Robot_ENC_TEST.dir/C_/VSARM/sdk/pico/pico-sdk/lib/tinyusb/src/class/cdc/cdc_device.c.obj
                0x10007a44                cdcd_open
 .text.cdcd_control_xfer_cb
                0x10007b3c      0x134 CMakeFiles/ROS_Robot_ENC_TEST.dir/C_/VSARM/sdk/pico/pico-sdk/lib/tinyusb/src/class/cdc/cdc_device.c.obj
                0x10007b3c                cdcd_control_xfer_cb
 .text.cdcd_xfer_cb
                0x10007c70      0x144 CMakeFiles/ROS_Robot_ENC_TEST.dir/C_/VSARM/sdk/pico/pico-sdk/lib/tinyusb/src/class/cdc/cdc_device.c.obj
                0x10007c70                cdcd_xfer_cb
 .text.tusb_init
                0x10007db4       0x24 CMakeFiles/ROS_Robot_ENC_TEST.dir/C_/VSARM/sdk/pico/pico-sdk/lib/tinyusb/src/tusb.c.obj
                0x10007db4                tusb_init
 .text.tusb_inited
                0x10007dd8        0xe CMakeFiles/ROS_Robot_ENC_TEST.dir/C_/VSARM/sdk/pico/pico-sdk/lib/tinyusb/src/tusb.c.obj
                0x10007dd8                tusb_inited
 *fill*         0x10007de6        0x2 
 .text.tu_edpt_validate
                0x10007de8       0xa8 CMakeFiles/ROS_Robot_ENC_TEST.dir/C_/VSARM/sdk/pico/pico-sdk/lib/tinyusb/src/tusb.c.obj
                0x10007de8                tu_edpt_validate
 .text.tu_edpt_bind_driver
                0x10007e90       0x2a CMakeFiles/ROS_Robot_ENC_TEST.dir/C_/VSARM/sdk/pico/pico-sdk/lib/tinyusb/src/tusb.c.obj
                0x10007e90                tu_edpt_bind_driver
 .text.advance_pointer
                0x10007eba       0x18 CMakeFiles/ROS_Robot_ENC_TEST.dir/C_/VSARM/sdk/pico/pico-sdk/lib/tinyusb/src/common/tusb_fifo.c.obj
 .text.backward_pointer
                0x10007ed2       0x1e CMakeFiles/ROS_Robot_ENC_TEST.dir/C_/VSARM/sdk/pico/pico-sdk/lib/tinyusb/src/common/tusb_fifo.c.obj
 .text.get_relative_pointer
                0x10007ef0       0x10 CMakeFiles/ROS_Robot_ENC_TEST.dir/C_/VSARM/sdk/pico/pico-sdk/lib/tinyusb/src/common/tusb_fifo.c.obj
 .text._tu_fifo_peek
                0x10007f00       0x50 CMakeFiles/ROS_Robot_ENC_TEST.dir/C_/VSARM/sdk/pico/pico-sdk/lib/tinyusb/src/common/tusb_fifo.c.obj
 .text._ff_pull_const_addr
                0x10007f50       0x4c CMakeFiles/ROS_Robot_ENC_TEST.dir/C_/VSARM/sdk/pico/pico-sdk/lib/tinyusb/src/common/tusb_fifo.c.obj
 .text._ff_pull_n
                0x10007f9c      0x10c CMakeFiles/ROS_Robot_ENC_TEST.dir/C_/VSARM/sdk/pico/pico-sdk/lib/tinyusb/src/common/tusb_fifo.c.obj
 .text._tu_fifo_peek_n
                0x100080a8       0x5e CMakeFiles/ROS_Robot_ENC_TEST.dir/C_/VSARM/sdk/pico/pico-sdk/lib/tinyusb/src/common/tusb_fifo.c.obj
 .text._tu_fifo_read_n
                0x10008106       0x4e CMakeFiles/ROS_Robot_ENC_TEST.dir/C_/VSARM/sdk/pico/pico-sdk/lib/tinyusb/src/common/tusb_fifo.c.obj
 .text._ff_push_const_addr
                0x10008154       0x40 CMakeFiles/ROS_Robot_ENC_TEST.dir/C_/VSARM/sdk/pico/pico-sdk/lib/tinyusb/src/common/tusb_fifo.c.obj
 .text._ff_push_n
                0x10008194      0x108 CMakeFiles/ROS_Robot_ENC_TEST.dir/C_/VSARM/sdk/pico/pico-sdk/lib/tinyusb/src/common/tusb_fifo.c.obj
 .text._tu_fifo_write_n
                0x1000829c       0x9e CMakeFiles/ROS_Robot_ENC_TEST.dir/C_/VSARM/sdk/pico/pico-sdk/lib/tinyusb/src/common/tusb_fifo.c.obj
 .text.tu_fifo_config
                0x1000833a       0x72 CMakeFiles/ROS_Robot_ENC_TEST.dir/C_/VSARM/sdk/pico/pico-sdk/lib/tinyusb/src/common/tusb_fifo.c.obj
                0x1000833a                tu_fifo_config
 .text.tu_fifo_count
                0x100083ac       0x26 CMakeFiles/ROS_Robot_ENC_TEST.dir/C_/VSARM/sdk/pico/pico-sdk/lib/tinyusb/src/common/tusb_fifo.c.obj
                0x100083ac                tu_fifo_count
 .text.tu_fifo_empty
                0x100083d2        0xe CMakeFiles/ROS_Robot_ENC_TEST.dir/C_/VSARM/sdk/pico/pico-sdk/lib/tinyusb/src/common/tusb_fifo.c.obj
                0x100083d2                tu_fifo_empty
 .text.tu_fifo_remaining
                0x100083e0       0x20 CMakeFiles/ROS_Robot_ENC_TEST.dir/C_/VSARM/sdk/pico/pico-sdk/lib/tinyusb/src/common/tusb_fifo.c.obj
                0x100083e0                tu_fifo_remaining
 .text.tu_fifo_read
                0x10008400       0x42 CMakeFiles/ROS_Robot_ENC_TEST.dir/C_/VSARM/sdk/pico/pico-sdk/lib/tinyusb/src/common/tusb_fifo.c.obj
                0x10008400                tu_fifo_read
 .text.tu_fifo_read_n
                0x10008442        0xa CMakeFiles/ROS_Robot_ENC_TEST.dir/C_/VSARM/sdk/pico/pico-sdk/lib/tinyusb/src/common/tusb_fifo.c.obj
                0x10008442                tu_fifo_read_n
 .text.tu_fifo_write
                0x1000844c       0x6a CMakeFiles/ROS_Robot_ENC_TEST.dir/C_/VSARM/sdk/pico/pico-sdk/lib/tinyusb/src/common/tusb_fifo.c.obj
                0x1000844c                tu_fifo_write
 .text.tu_fifo_write_n
                0x100084b6        0xa CMakeFiles/ROS_Robot_ENC_TEST.dir/C_/VSARM/sdk/pico/pico-sdk/lib/tinyusb/src/common/tusb_fifo.c.obj
                0x100084b6                tu_fifo_write_n
 .text.tu_fifo_clear
                0x100084c0       0x4c CMakeFiles/ROS_Robot_ENC_TEST.dir/C_/VSARM/sdk/pico/pico-sdk/lib/tinyusb/src/common/tusb_fifo.c.obj
                0x100084c0                tu_fifo_clear
 .text.tu_fifo_set_overwritable
                0x1000850c       0x3c CMakeFiles/ROS_Robot_ENC_TEST.dir/C_/VSARM/sdk/pico/pico-sdk/lib/tinyusb/src/common/tusb_fifo.c.obj
                0x1000850c                tu_fifo_set_overwritable
 .text._retrieve_unique_id_on_boot
                0x10008548       0x10 CMakeFiles/ROS_Robot_ENC_TEST.dir/C_/VSARM/sdk/pico/pico-sdk/src/rp2_common/pico_unique_id/unique_id.c.obj
 .text.pico_get_unique_board_id_string
                0x10008558       0x5c CMakeFiles/ROS_Robot_ENC_TEST.dir/C_/VSARM/sdk/pico/pico-sdk/src/rp2_common/pico_unique_id/unique_id.c.obj
                0x10008558                pico_get_unique_board_id_string
 .text.flash_get_unique_id
                0x100085b4       0x46 CMakeFiles/ROS_Robot_ENC_TEST.dir/C_/VSARM/sdk/pico/pico-sdk/src/rp2_common/hardware_flash/flash.c.obj
                0x100085b4                flash_get_unique_id
 *fill*         0x100085fa        0x2 
 .text._Z8init_pinji
                0x100085fc       0xc8 lib\Helper_lib\libhelpers_lib.a(Helpers.c++.obj)
                0x100085fc                _Z8init_pinji
 .text._Z12truncate_adjfi
                0x100086c4       0x60 lib\Helper_lib\libhelpers_lib.a(Helpers.c++.obj)
                0x100086c4                _Z12truncate_adjfi
 .text.strlen   0x10008724       0x5c c:/vsarm/armcc/112202~1.02/bin/../lib/gcc/arm-none-eabi/11.2.1/thumb/v6-m/nofp\libg.a(lib_a-strlen-stub.o)
                0x10008724                strlen
 *(.fini)
 .fini          0x10008780        0x4 c:/vsarm/armcc/112202~1.02/bin/../lib/gcc/arm-none-eabi/11.2.1/thumb/v6-m/nofp/crti.o
                0x10008780                _fini
 *fill*         0x10008784        0x4 
 .fini.__stub   0x10008788       0x70 linker stubs
 *crtbegin.o(.ctors)
 *crtbegin?.o(.ctors)
 *(EXCLUDE_FILE(*crtend.o *crtend?.o) .ctors)
 *(SORT_BY_NAME(.ctors.*))
 *(.ctors)
 *crtbegin.o(.dtors)
 *crtbegin?.o(.dtors)
 *(EXCLUDE_FILE(*crtend.o *crtend?.o) .dtors)
 *(SORT_BY_NAME(.dtors.*))
 *(.dtors)
 *(.eh_frame*)
 .eh_frame      0x100087f8        0x0 c:/vsarm/armcc/112202~1.02/bin/../lib/gcc/arm-none-eabi/11.2.1/thumb/v6-m/nofp/crtbegin.o
                0x100087f8                . = ALIGN (0x4)

.glue_7         0x100087f8        0x0
 .glue_7        0x100087f8        0x0 linker stubs

.glue_7t        0x100087f8        0x0
 .glue_7t       0x100087f8        0x0 linker stubs

.vfp11_veneer   0x100087f8        0x0
 .vfp11_veneer  0x100087f8        0x0 linker stubs

.v4_bx          0x100087f8        0x0
 .v4_bx         0x100087f8        0x0 linker stubs

.iplt           0x100087f8        0x0
 .iplt          0x100087f8        0x0 c:/vsarm/armcc/112202~1.02/bin/../lib/gcc/arm-none-eabi/11.2.1/thumb/v6-m/nofp/crtbegin.o

.rodata         0x100087f8     0x1700
 *(EXCLUDE_FILE(*libm.a: *libc.a:*lib_a-mem*.o *libgcc.a:) .rodata*)
 .rodata._Z4loopv.str1.4
                0x100087f8       0x2f CMakeFiles/ROS_Robot_ENC_TEST.dir/Enc_Systest.c++.obj
 *fill*         0x10008827        0x1 
 .rodata.spin_lock_claim_unused.str1.4
                0x10008828       0x1b CMakeFiles/ROS_Robot_ENC_TEST.dir/C_/VSARM/sdk/pico/pico-sdk/src/rp2_common/hardware_sync/sync.c.obj
 *fill*         0x10008843        0x1 
 .rodata.make_branch.str1.4
                0x10008844       0x6d CMakeFiles/ROS_Robot_ENC_TEST.dir/C_/VSARM/sdk/pico/pico-sdk/src/rp2_common/hardware_irq/irq.c.obj
 *fill*         0x100088b1        0x3 
 .rodata.insert_branch_and_link.str1.4
                0x100088b4       0x10 CMakeFiles/ROS_Robot_ENC_TEST.dir/C_/VSARM/sdk/pico/pico-sdk/src/rp2_common/hardware_irq/irq.c.obj
 .rodata.irq_set_exclusive_handler.str1.4
                0x100088c4       0x36 CMakeFiles/ROS_Robot_ENC_TEST.dir/C_/VSARM/sdk/pico/pico-sdk/src/rp2_common/hardware_irq/irq.c.obj
 *fill*         0x100088fa        0x2 
 .rodata.irq_add_shared_handler.str1.4
                0x100088fc       0xd9 CMakeFiles/ROS_Robot_ENC_TEST.dir/C_/VSARM/sdk/pico/pico-sdk/src/rp2_common/hardware_irq/irq.c.obj
 *fill*         0x100089d5        0x3 
 .rodata.irq_remove_handler.str1.4
                0x100089d8       0x2a CMakeFiles/ROS_Robot_ENC_TEST.dir/C_/VSARM/sdk/pico/pico-sdk/src/rp2_common/hardware_irq/irq.c.obj
 *fill*         0x10008a02        0x2 
 .rodata.irq_add_tail_to_free_list.str1.4
                0x10008a04       0x3a CMakeFiles/ROS_Robot_ENC_TEST.dir/C_/VSARM/sdk/pico/pico-sdk/src/rp2_common/hardware_irq/irq.c.obj
 *fill*         0x10008a3e        0x2 
 .rodata.user_irq_claim_unused.str1.4
                0x10008a40       0x1b CMakeFiles/ROS_Robot_ENC_TEST.dir/C_/VSARM/sdk/pico/pico-sdk/src/rp2_common/hardware_irq/irq.c.obj
 *fill*         0x10008a5b        0x1 
 .rodata.__func__.0
                0x10008a5c       0x1a CMakeFiles/ROS_Robot_ENC_TEST.dir/C_/VSARM/sdk/pico/pico-sdk/src/rp2_common/hardware_irq/irq.c.obj
 *fill*         0x10008a76        0x2 
 .rodata.__func__.1
                0x10008a78       0x17 CMakeFiles/ROS_Robot_ENC_TEST.dir/C_/VSARM/sdk/pico/pico-sdk/src/rp2_common/hardware_irq/irq.c.obj
 *fill*         0x10008a8f        0x1 
 .rodata.__func__.2
                0x10008a90       0x13 CMakeFiles/ROS_Robot_ENC_TEST.dir/C_/VSARM/sdk/pico/pico-sdk/src/rp2_common/hardware_irq/irq.c.obj
 *fill*         0x10008aa3        0x1 
 .rodata.__func__.3
                0x10008aa4        0xc CMakeFiles/ROS_Robot_ENC_TEST.dir/C_/VSARM/sdk/pico/pico-sdk/src/rp2_common/hardware_irq/irq.c.obj
 .rodata.__func__.4
                0x10008ab0        0xf CMakeFiles/ROS_Robot_ENC_TEST.dir/C_/VSARM/sdk/pico/pico-sdk/src/rp2_common/hardware_irq/irq.c.obj
 *fill*         0x10008abf        0x1 
 .rodata.__func__.5
                0x10008ac0       0x17 CMakeFiles/ROS_Robot_ENC_TEST.dir/C_/VSARM/sdk/pico/pico-sdk/src/rp2_common/hardware_irq/irq.c.obj
 *fill*         0x10008ad7        0x1 
 .rodata.__func__.6
                0x10008ad8       0x1a CMakeFiles/ROS_Robot_ENC_TEST.dir/C_/VSARM/sdk/pico/pico-sdk/src/rp2_common/hardware_irq/irq.c.obj
 *fill*         0x10008af2        0x2 
 .rodata.repeating_timer_callback.str1.4
                0x10008af4       0x4b CMakeFiles/ROS_Robot_ENC_TEST.dir/C_/VSARM/sdk/pico/pico-sdk/src/common/pico_time/time.c.obj
 *fill*         0x10008b3f        0x1 
 .rodata.alarm_pool_dump_key.str1.4
                0x10008b40       0x33 CMakeFiles/ROS_Robot_ENC_TEST.dir/C_/VSARM/sdk/pico/pico-sdk/src/common/pico_time/time.c.obj
 *fill*         0x10008b73        0x1 
 .rodata.ph_add_child_node.str1.4
                0x10008b74       0x96 CMakeFiles/ROS_Robot_ENC_TEST.dir/C_/VSARM/sdk/pico/pico-sdk/src/common/pico_time/time.c.obj
 *fill*         0x10008c0a        0x2 
 .rodata.add_alarm_under_lock.str1.4
                0x10008c0c       0x28 CMakeFiles/ROS_Robot_ENC_TEST.dir/C_/VSARM/sdk/pico/pico-sdk/src/common/pico_time/time.c.obj
                                 0x2b (size before relaxing)
 .rodata.alarm_pool_alarm_callback.str1.4
                0x10008c34       0xe6 CMakeFiles/ROS_Robot_ENC_TEST.dir/C_/VSARM/sdk/pico/pico-sdk/src/common/pico_time/time.c.obj
 *fill*         0x10008d1a        0x2 
 .rodata.alarm_pool_get_default.str1.4
                0x10008d1c       0x21 CMakeFiles/ROS_Robot_ENC_TEST.dir/C_/VSARM/sdk/pico/pico-sdk/src/common/pico_time/time.c.obj
 *fill*         0x10008d3d        0x3 
 .rodata.alarm_pool_cancel_alarm.str1.4
                0x10008d40       0x27 CMakeFiles/ROS_Robot_ENC_TEST.dir/C_/VSARM/sdk/pico/pico-sdk/src/common/pico_time/time.c.obj
 *fill*         0x10008d67        0x1 
 .rodata.sleep_until.str1.4
                0x10008d68       0x4d CMakeFiles/ROS_Robot_ENC_TEST.dir/C_/VSARM/sdk/pico/pico-sdk/src/common/pico_time/time.c.obj
 *fill*         0x10008db5        0x3 
 .rodata.__func__.0
                0x10008db8       0x19 CMakeFiles/ROS_Robot_ENC_TEST.dir/C_/VSARM/sdk/pico/pico-sdk/src/common/pico_time/time.c.obj
 *fill*         0x10008dd1        0x3 
 .rodata.__func__.1
                0x10008dd4       0x18 CMakeFiles/ROS_Robot_ENC_TEST.dir/C_/VSARM/sdk/pico/pico-sdk/src/common/pico_time/time.c.obj
 .rodata.__func__.10
                0x10008dec       0x15 CMakeFiles/ROS_Robot_ENC_TEST.dir/C_/VSARM/sdk/pico/pico-sdk/src/common/pico_time/time.c.obj
 *fill*         0x10008e01        0x3 
 .rodata.__func__.11
                0x10008e04       0x1a CMakeFiles/ROS_Robot_ENC_TEST.dir/C_/VSARM/sdk/pico/pico-sdk/src/common/pico_time/time.c.obj
 *fill*         0x10008e1e        0x2 
 .rodata.__func__.12
                0x10008e20        0xa CMakeFiles/ROS_Robot_ENC_TEST.dir/C_/VSARM/sdk/pico/pico-sdk/src/common/pico_time/time.c.obj
 *fill*         0x10008e2a        0x2 
 .rodata.__func__.3
                0x10008e2c       0x17 CMakeFiles/ROS_Robot_ENC_TEST.dir/C_/VSARM/sdk/pico/pico-sdk/src/common/pico_time/time.c.obj
 *fill*         0x10008e43        0x1 
 .rodata.__func__.4
                0x10008e44       0x12 CMakeFiles/ROS_Robot_ENC_TEST.dir/C_/VSARM/sdk/pico/pico-sdk/src/common/pico_time/time.c.obj
 *fill*         0x10008e56        0x2 
 .rodata.__func__.5
                0x10008e58        0xd CMakeFiles/ROS_Robot_ENC_TEST.dir/C_/VSARM/sdk/pico/pico-sdk/src/common/pico_time/time.c.obj
 *fill*         0x10008e65        0x3 
 .rodata.__func__.6
                0x10008e68       0x12 CMakeFiles/ROS_Robot_ENC_TEST.dir/C_/VSARM/sdk/pico/pico-sdk/src/common/pico_time/time.c.obj
 *fill*         0x10008e7a        0x2 
 .rodata.__func__.7
                0x10008e7c        0xf CMakeFiles/ROS_Robot_ENC_TEST.dir/C_/VSARM/sdk/pico/pico-sdk/src/common/pico_time/time.c.obj
 *fill*         0x10008e8b        0x1 
 .rodata.__func__.8
                0x10008e8c        0xc CMakeFiles/ROS_Robot_ENC_TEST.dir/C_/VSARM/sdk/pico/pico-sdk/src/common/pico_time/time.c.obj
 .rodata.__func__.9
                0x10008e98       0x15 CMakeFiles/ROS_Robot_ENC_TEST.dir/C_/VSARM/sdk/pico/pico-sdk/src/common/pico_time/time.c.obj
 *fill*         0x10008ead        0x3 
 .rodata.hardware_alarm_claim.str1.4
                0x10008eb0       0x22 CMakeFiles/ROS_Robot_ENC_TEST.dir/C_/VSARM/sdk/pico/pico-sdk/src/rp2_common/hardware_timer/timer.c.obj
 *fill*         0x10008ed2        0x2 
 .rodata.hardware_alarm_set_target.str1.4
                0x10008ed4       0x65 CMakeFiles/ROS_Robot_ENC_TEST.dir/C_/VSARM/sdk/pico/pico-sdk/src/rp2_common/hardware_timer/timer.c.obj
 *fill*         0x10008f39        0x3 
 .rodata.__func__.0
                0x10008f3c       0x1a CMakeFiles/ROS_Robot_ENC_TEST.dir/C_/VSARM/sdk/pico/pico-sdk/src/rp2_common/hardware_timer/timer.c.obj
 .rodata.ph_add_child_node.str1.4
                0x10008f56       0x96 CMakeFiles/ROS_Robot_ENC_TEST.dir/C_/VSARM/sdk/pico/pico-sdk/src/common/pico_util/pheap.c.obj
 *fill*         0x10008f56        0x2 
 .rodata.ph_remove_any_head.str1.4
                0x10008f58       0x8c CMakeFiles/ROS_Robot_ENC_TEST.dir/C_/VSARM/sdk/pico/pico-sdk/src/common/pico_util/pheap.c.obj
 .rodata.ph_remove_and_free_node.str1.4
                0x10008fe4       0x1e CMakeFiles/ROS_Robot_ENC_TEST.dir/C_/VSARM/sdk/pico/pico-sdk/src/common/pico_util/pheap.c.obj
                                 0x26 (size before relaxing)
 *fill*         0x10009002        0x2 
 .rodata.__func__.0
                0x10009004       0x18 CMakeFiles/ROS_Robot_ENC_TEST.dir/C_/VSARM/sdk/pico/pico-sdk/src/common/pico_util/pheap.c.obj
 .rodata.__func__.1
                0x1000901c       0x13 CMakeFiles/ROS_Robot_ENC_TEST.dir/C_/VSARM/sdk/pico/pico-sdk/src/common/pico_util/pheap.c.obj
 *fill*         0x1000902f        0x1 
 .rodata.__func__.2
                0x10009030       0x12 CMakeFiles/ROS_Robot_ENC_TEST.dir/C_/VSARM/sdk/pico/pico-sdk/src/common/pico_util/pheap.c.obj
 *fill*         0x10009042        0x2 
 .rodata.__func__.3
                0x10009044        0xc CMakeFiles/ROS_Robot_ENC_TEST.dir/C_/VSARM/sdk/pico/pico-sdk/src/common/pico_util/pheap.c.obj
 .rodata.str1.4
                0x10009050       0x89 CMakeFiles/ROS_Robot_ENC_TEST.dir/C_/VSARM/sdk/pico/pico-sdk/src/common/pico_sync/mutex.c.obj
                                 0xed (size before relaxing)
 *fill*         0x100090d9        0x3 
 .rodata.__func__.1
                0x100090dc        0xb CMakeFiles/ROS_Robot_ENC_TEST.dir/C_/VSARM/sdk/pico/pico-sdk/src/common/pico_sync/mutex.c.obj
 *fill*         0x100090e7        0x1 
 .rodata.__func__.3
                0x100090e8       0x18 CMakeFiles/ROS_Robot_ENC_TEST.dir/C_/VSARM/sdk/pico/pico-sdk/src/common/pico_sync/mutex.c.obj
 .rodata.__func__.4
                0x10009100       0x15 CMakeFiles/ROS_Robot_ENC_TEST.dir/C_/VSARM/sdk/pico/pico-sdk/src/common/pico_sync/mutex.c.obj
 *fill*         0x10009115        0x3 
 .rodata.__assert_func.str1.4
                0x10009118       0x3f CMakeFiles/ROS_Robot_ENC_TEST.dir/C_/VSARM/sdk/pico/pico-sdk/src/rp2_common/pico_runtime/runtime.c.obj
                                 0x43 (size before relaxing)
 *fill*         0x10009157        0x1 
 .rodata.runtime_init.str1.4
                0x10009158       0x61 CMakeFiles/ROS_Robot_ENC_TEST.dir/C_/VSARM/sdk/pico/pico-sdk/src/rp2_common/pico_runtime/runtime.c.obj
 *fill*         0x100091b9        0x3 
 .rodata.panic.str1.4
                0x100091bc       0x12 CMakeFiles/ROS_Robot_ENC_TEST.dir/C_/VSARM/sdk/pico/pico-sdk/src/rp2_common/pico_runtime/runtime.c.obj
 *fill*         0x100091ce        0x2 
 .rodata.__func__.1
                0x100091d0        0xd CMakeFiles/ROS_Robot_ENC_TEST.dir/C_/VSARM/sdk/pico/pico-sdk/src/rp2_common/pico_runtime/runtime.c.obj
 *fill*         0x100091dd        0x3 
 .rodata.clock_configure.str1.4
                0x100091e0       0x57 CMakeFiles/ROS_Robot_ENC_TEST.dir/C_/VSARM/sdk/pico/pico-sdk/src/rp2_common/hardware_clocks/clocks.c.obj
 *fill*         0x10009237        0x1 
 .rodata.__func__.1
                0x10009238       0x10 CMakeFiles/ROS_Robot_ENC_TEST.dir/C_/VSARM/sdk/pico/pico-sdk/src/rp2_common/hardware_clocks/clocks.c.obj
 .rodata.pll_init.str1.4
                0x10009248      0x13b CMakeFiles/ROS_Robot_ENC_TEST.dir/C_/VSARM/sdk/pico/pico-sdk/src/rp2_common/hardware_pll/pll.c.obj
 *fill*         0x10009383        0x1 
 .rodata.__func__.0
                0x10009384        0x9 CMakeFiles/ROS_Robot_ENC_TEST.dir/C_/VSARM/sdk/pico/pico-sdk/src/rp2_common/hardware_pll/pll.c.obj
 *fill*         0x1000938d        0x3 
 .rodata._ftoa.str1.4
                0x10009390       0x15 CMakeFiles/ROS_Robot_ENC_TEST.dir/C_/VSARM/sdk/pico/pico-sdk/src/rp2_common/pico_printf/printf.c.obj
 *fill*         0x100093a5        0x3 
 .rodata._vsnprintf
                0x100093a8      0x19c CMakeFiles/ROS_Robot_ENC_TEST.dir/C_/VSARM/sdk/pico/pico-sdk/src/rp2_common/pico_printf/printf.c.obj
 *fill*         0x10009544        0x4 
 .rodata.pow10.0
                0x10009548       0x50 CMakeFiles/ROS_Robot_ENC_TEST.dir/C_/VSARM/sdk/pico/pico-sdk/src/rp2_common/pico_printf/printf.c.obj
 .rodata.__aeabi_double_init.str1.4
                0x10009598       0xa8 CMakeFiles/ROS_Robot_ENC_TEST.dir/C_/VSARM/sdk/pico/pico-sdk/src/rp2_common/pico_double/double_init_rom.c.obj
 .rodata.__func__.0
                0x10009640       0x14 CMakeFiles/ROS_Robot_ENC_TEST.dir/C_/VSARM/sdk/pico/pico-sdk/src/rp2_common/pico_double/double_init_rom.c.obj
 .rodata.__aeabi_float_init.str1.4
                0x10009654       0x7a CMakeFiles/ROS_Robot_ENC_TEST.dir/C_/VSARM/sdk/pico/pico-sdk/src/rp2_common/pico_float/float_init_rom.c.obj
                                 0x7e (size before relaxing)
 *fill*         0x100096ce        0x2 
 .rodata.__func__.0
                0x100096d0       0x13 CMakeFiles/ROS_Robot_ENC_TEST.dir/C_/VSARM/sdk/pico/pico-sdk/src/rp2_common/pico_float/float_init_rom.c.obj
 *fill*         0x100096e3        0x1 
 .rodata.str1.4
                0x100096e4       0x48 CMakeFiles/ROS_Robot_ENC_TEST.dir/C_/VSARM/sdk/pico/pico-sdk/src/rp2_common/pico_standard_link/binary_info.c.obj
 .rodata.__bi_44
                0x1000972c        0xc CMakeFiles/ROS_Robot_ENC_TEST.dir/C_/VSARM/sdk/pico/pico-sdk/src/rp2_common/pico_standard_link/binary_info.c.obj
 .rodata.__bi_75
                0x10009738        0xc CMakeFiles/ROS_Robot_ENC_TEST.dir/C_/VSARM/sdk/pico/pico-sdk/src/rp2_common/pico_standard_link/binary_info.c.obj
 .rodata.__bi_81
                0x10009744        0xc CMakeFiles/ROS_Robot_ENC_TEST.dir/C_/VSARM/sdk/pico/pico-sdk/src/rp2_common/pico_standard_link/binary_info.c.obj
 .rodata._resetd_driver
                0x10009750       0x18 CMakeFiles/ROS_Robot_ENC_TEST.dir/C_/VSARM/sdk/pico/pico-sdk/src/rp2_common/pico_stdio_usb/reset_interface.c.obj
 .rodata.timer_task.str1.4
                0x10009768       0x6d CMakeFiles/ROS_Robot_ENC_TEST.dir/C_/VSARM/sdk/pico/pico-sdk/src/rp2_common/pico_stdio_usb/stdio_usb.c.obj
 .rodata.stdio_usb_init.str1.4
                0x100097d5       0x61 CMakeFiles/ROS_Robot_ENC_TEST.dir/C_/VSARM/sdk/pico/pico-sdk/src/rp2_common/pico_stdio_usb/stdio_usb.c.obj
 *fill*         0x100097d5        0x3 
 .rodata.str1.4
                0x100097d8       0x13 CMakeFiles/ROS_Robot_ENC_TEST.dir/C_/VSARM/sdk/pico/pico-sdk/src/rp2_common/pico_stdio_usb/stdio_usb.c.obj
 *fill*         0x100097eb        0x1 
 .rodata.__bi_118.2
                0x100097ec        0xc CMakeFiles/ROS_Robot_ENC_TEST.dir/C_/VSARM/sdk/pico/pico-sdk/src/rp2_common/pico_stdio_usb/stdio_usb.c.obj
 .rodata.__func__.0
                0x100097f8       0x15 CMakeFiles/ROS_Robot_ENC_TEST.dir/C_/VSARM/sdk/pico/pico-sdk/src/rp2_common/pico_stdio_usb/stdio_usb.c.obj
 *fill*         0x1000980d        0x3 
 .rodata.__func__.1
                0x10009810        0xb CMakeFiles/ROS_Robot_ENC_TEST.dir/C_/VSARM/sdk/pico/pico-sdk/src/rp2_common/pico_stdio_usb/stdio_usb.c.obj
 *fill*         0x1000981b        0x1 
 .rodata.str1.4
                0x1000981c       0x2a CMakeFiles/ROS_Robot_ENC_TEST.dir/C_/VSARM/sdk/pico/pico-sdk/src/rp2_common/pico_stdio_usb/stdio_usb_descriptors.c.obj
 *fill*         0x10009846        0x2 
 .rodata.usbd_desc_cfg
                0x10009848       0x54 CMakeFiles/ROS_Robot_ENC_TEST.dir/C_/VSARM/sdk/pico/pico-sdk/src/rp2_common/pico_stdio_usb/stdio_usb_descriptors.c.obj
 .rodata.usbd_desc_device
                0x1000989c       0x12 CMakeFiles/ROS_Robot_ENC_TEST.dir/C_/VSARM/sdk/pico/pico-sdk/src/rp2_common/pico_stdio_usb/stdio_usb_descriptors.c.obj
 *fill*         0x100098ae        0x2 
 .rodata.usbd_desc_str
                0x100098b0       0x18 CMakeFiles/ROS_Robot_ENC_TEST.dir/C_/VSARM/sdk/pico/pico-sdk/src/rp2_common/pico_stdio_usb/stdio_usb_descriptors.c.obj
 .rodata._hw_endpoint_alloc.str1.4
                0x100098c8       0xb5 CMakeFiles/ROS_Robot_ENC_TEST.dir/C_/VSARM/sdk/pico/pico-sdk/lib/tinyusb/src/portable/raspberrypi/rp2040/dcd_rp2040.c.obj
 *fill*         0x1000997d        0x3 
 .rodata.dcd_rp2040_irq.str1.4
                0x10009980       0x14 CMakeFiles/ROS_Robot_ENC_TEST.dir/C_/VSARM/sdk/pico/pico-sdk/lib/tinyusb/src/portable/raspberrypi/rp2040/dcd_rp2040.c.obj
 .rodata.dcd_int_enable.str1.4
                0x10009994        0xc CMakeFiles/ROS_Robot_ENC_TEST.dir/C_/VSARM/sdk/pico/pico-sdk/lib/tinyusb/src/portable/raspberrypi/rp2040/dcd_rp2040.c.obj
 .rodata.__func__.0
                0x100099a0        0xe CMakeFiles/ROS_Robot_ENC_TEST.dir/C_/VSARM/sdk/pico/pico-sdk/lib/tinyusb/src/portable/raspberrypi/rp2040/dcd_rp2040.c.obj
 *fill*         0x100099ae        0x2 
 .rodata.__func__.1
                0x100099b0        0xe CMakeFiles/ROS_Robot_ENC_TEST.dir/C_/VSARM/sdk/pico/pico-sdk/lib/tinyusb/src/portable/raspberrypi/rp2040/dcd_rp2040.c.obj
 *fill*         0x100099be        0x2 
 .rodata.__func__.3
                0x100099c0       0x10 CMakeFiles/ROS_Robot_ENC_TEST.dir/C_/VSARM/sdk/pico/pico-sdk/lib/tinyusb/src/portable/raspberrypi/rp2040/dcd_rp2040.c.obj
 .rodata.__func__.5
                0x100099d0        0xf CMakeFiles/ROS_Robot_ENC_TEST.dir/C_/VSARM/sdk/pico/pico-sdk/lib/tinyusb/src/portable/raspberrypi/rp2040/dcd_rp2040.c.obj
 *fill*         0x100099df        0x1 
 .rodata.__func__.6
                0x100099e0       0x13 CMakeFiles/ROS_Robot_ENC_TEST.dir/C_/VSARM/sdk/pico/pico-sdk/lib/tinyusb/src/portable/raspberrypi/rp2040/dcd_rp2040.c.obj
 *fill*         0x100099f3        0x1 
 .rodata.__func__.7
                0x100099f4        0x9 CMakeFiles/ROS_Robot_ENC_TEST.dir/C_/VSARM/sdk/pico/pico-sdk/lib/tinyusb/src/portable/raspberrypi/rp2040/dcd_rp2040.c.obj
 *fill*         0x100099fd        0x3 
 .rodata.sync_ep_buffer.str1.4
                0x10009a00       0x91 CMakeFiles/ROS_Robot_ENC_TEST.dir/C_/VSARM/sdk/pico/pico-sdk/lib/tinyusb/src/portable/raspberrypi/rp2040/rp2040_usb.c.obj
 *fill*         0x10009a91        0x3 
 .rodata._hw_endpoint_buffer_control_update32.str1.4
                0x10009a94       0x1f CMakeFiles/ROS_Robot_ENC_TEST.dir/C_/VSARM/sdk/pico/pico-sdk/lib/tinyusb/src/portable/raspberrypi/rp2040/rp2040_usb.c.obj
 *fill*         0x10009ab3        0x1 
 .rodata.hw_endpoint_xfer_start.str1.4
                0x10009ab4       0x38 CMakeFiles/ROS_Robot_ENC_TEST.dir/C_/VSARM/sdk/pico/pico-sdk/lib/tinyusb/src/portable/raspberrypi/rp2040/rp2040_usb.c.obj
 .rodata.hw_endpoint_xfer_continue.str1.4
                0x10009aec       0x29 CMakeFiles/ROS_Robot_ENC_TEST.dir/C_/VSARM/sdk/pico/pico-sdk/lib/tinyusb/src/portable/raspberrypi/rp2040/rp2040_usb.c.obj
 *fill*         0x10009b15        0x3 
 .rodata.str1.4
                0x10009b18        0x7 CMakeFiles/ROS_Robot_ENC_TEST.dir/C_/VSARM/sdk/pico/pico-sdk/lib/tinyusb/src/portable/raspberrypi/rp2040/rp2040_usb.c.obj
 *fill*         0x10009b1f        0x1 
 .rodata.__func__.0
                0x10009b20        0xf CMakeFiles/ROS_Robot_ENC_TEST.dir/C_/VSARM/sdk/pico/pico-sdk/lib/tinyusb/src/portable/raspberrypi/rp2040/rp2040_usb.c.obj
 *fill*         0x10009b2f        0x1 
 .rodata.process_set_config.str1.4
                0x10009b30       0x17 CMakeFiles/ROS_Robot_ENC_TEST.dir/C_/VSARM/sdk/pico/pico-sdk/lib/tinyusb/src/device/usbd.c.obj
 *fill*         0x10009b47        0x1 
 .rodata.process_get_descriptor
                0x10009b48       0x40 CMakeFiles/ROS_Robot_ENC_TEST.dir/C_/VSARM/sdk/pico/pico-sdk/lib/tinyusb/src/device/usbd.c.obj
 .rodata.process_control_request
                0x10009b88       0x28 CMakeFiles/ROS_Robot_ENC_TEST.dir/C_/VSARM/sdk/pico/pico-sdk/lib/tinyusb/src/device/usbd.c.obj
 .rodata.tud_task
                0x10009bb0       0x24 CMakeFiles/ROS_Robot_ENC_TEST.dir/C_/VSARM/sdk/pico/pico-sdk/lib/tinyusb/src/device/usbd.c.obj
 .rodata.__func__.2
                0x10009bd4        0xf CMakeFiles/ROS_Robot_ENC_TEST.dir/C_/VSARM/sdk/pico/pico-sdk/lib/tinyusb/src/device/usbd.c.obj
 *fill*         0x10009be3        0x1 
 .rodata.__func__.3
                0x10009be4        0xf CMakeFiles/ROS_Robot_ENC_TEST.dir/C_/VSARM/sdk/pico/pico-sdk/lib/tinyusb/src/device/usbd.c.obj
 *fill*         0x10009bf3        0x1 
 .rodata.__func__.4
                0x10009bf4       0x14 CMakeFiles/ROS_Robot_ENC_TEST.dir/C_/VSARM/sdk/pico/pico-sdk/lib/tinyusb/src/device/usbd.c.obj
 .rodata.__func__.5
                0x10009c08       0x10 CMakeFiles/ROS_Robot_ENC_TEST.dir/C_/VSARM/sdk/pico/pico-sdk/lib/tinyusb/src/device/usbd.c.obj
 .rodata.__func__.6
                0x10009c18       0x17 CMakeFiles/ROS_Robot_ENC_TEST.dir/C_/VSARM/sdk/pico/pico-sdk/lib/tinyusb/src/device/usbd.c.obj
 *fill*         0x10009c2f        0x1 
 .rodata.__func__.7
                0x10009c30       0x13 CMakeFiles/ROS_Robot_ENC_TEST.dir/C_/VSARM/sdk/pico/pico-sdk/lib/tinyusb/src/device/usbd.c.obj
 *fill*         0x10009c43        0x1 
 .rodata.__func__.8
                0x10009c44       0x18 CMakeFiles/ROS_Robot_ENC_TEST.dir/C_/VSARM/sdk/pico/pico-sdk/lib/tinyusb/src/device/usbd.c.obj
 .rodata.__func__.9
                0x10009c5c        0x9 CMakeFiles/ROS_Robot_ENC_TEST.dir/C_/VSARM/sdk/pico/pico-sdk/lib/tinyusb/src/device/usbd.c.obj
 *fill*         0x10009c65        0x3 
 .rodata._usbd_driver
                0x10009c68       0x18 CMakeFiles/ROS_Robot_ENC_TEST.dir/C_/VSARM/sdk/pico/pico-sdk/lib/tinyusb/src/device/usbd.c.obj
 .rodata.tud_control_xfer.str1.4
                0x10009c80       0x17 CMakeFiles/ROS_Robot_ENC_TEST.dir/C_/VSARM/sdk/pico/pico-sdk/lib/tinyusb/src/device/usbd_control.c.obj
 .rodata.__func__.0
                0x10009c80       0x15 CMakeFiles/ROS_Robot_ENC_TEST.dir/C_/VSARM/sdk/pico/pico-sdk/lib/tinyusb/src/device/usbd_control.c.obj
 *fill*         0x10009c95        0x3 
 .rodata.__func__.1
                0x10009c98       0x11 CMakeFiles/ROS_Robot_ENC_TEST.dir/C_/VSARM/sdk/pico/pico-sdk/lib/tinyusb/src/device/usbd_control.c.obj
 .rodata.tud_cdc_n_write_flush.str1.4
                0x10009ca9       0x17 CMakeFiles/ROS_Robot_ENC_TEST.dir/C_/VSARM/sdk/pico/pico-sdk/lib/tinyusb/src/class/cdc/cdc_device.c.obj
 *fill*         0x10009ca9        0x3 
 .rodata.__func__.0
                0x10009cac        0xd CMakeFiles/ROS_Robot_ENC_TEST.dir/C_/VSARM/sdk/pico/pico-sdk/lib/tinyusb/src/class/cdc/cdc_device.c.obj
 *fill*         0x10009cb9        0x3 
 .rodata.__func__.1
                0x10009cbc        0xa CMakeFiles/ROS_Robot_ENC_TEST.dir/C_/VSARM/sdk/pico/pico-sdk/lib/tinyusb/src/class/cdc/cdc_device.c.obj
 *fill*         0x10009cc6        0x2 
 .rodata.__func__.2
                0x10009cc8       0x16 CMakeFiles/ROS_Robot_ENC_TEST.dir/C_/VSARM/sdk/pico/pico-sdk/lib/tinyusb/src/class/cdc/cdc_device.c.obj
 .rodata.tusb_init.str1.4
                0x10009cde       0x17 CMakeFiles/ROS_Robot_ENC_TEST.dir/C_/VSARM/sdk/pico/pico-sdk/lib/tinyusb/src/tusb.c.obj
 *fill*         0x10009cde        0x2 
 .rodata.__func__.0
                0x10009ce0       0x11 CMakeFiles/ROS_Robot_ENC_TEST.dir/C_/VSARM/sdk/pico/pico-sdk/lib/tinyusb/src/tusb.c.obj
 *fill*         0x10009cf1        0x3 
 .rodata.__func__.1
                0x10009cf4        0xa CMakeFiles/ROS_Robot_ENC_TEST.dir/C_/VSARM/sdk/pico/pico-sdk/lib/tinyusb/src/tusb.c.obj
 *fill*         0x10009cfe        0x2 
 .rodata.pico_get_unique_board_id_string.str1.4
                0x10009d00       0x4d CMakeFiles/ROS_Robot_ENC_TEST.dir/C_/VSARM/sdk/pico/pico-sdk/src/rp2_common/pico_unique_id/unique_id.c.obj
 *fill*         0x10009d4d        0x3 
 .rodata.__func__.0
                0x10009d50       0x20 CMakeFiles/ROS_Robot_ENC_TEST.dir/C_/VSARM/sdk/pico/pico-sdk/src/rp2_common/pico_unique_id/unique_id.c.obj
 .rodata.str1.4
                0x10009d70      0x15a CMakeFiles/ROS_Robot_ENC_TEST.dir/C_/VSARM/sdk/pico/pico-sdk/src/rp2_common/hardware_flash/flash.c.obj
 *fill*         0x10009eca        0x2 
 .rodata.__func__.0
                0x10009ecc        0xd CMakeFiles/ROS_Robot_ENC_TEST.dir/C_/VSARM/sdk/pico/pico-sdk/src/rp2_common/hardware_flash/flash.c.obj
 *fill*         0x10009ed9        0x3 
 .rodata._Z8init_pinji
                0x10009edc       0x1c lib\Helper_lib\libhelpers_lib.a(Helpers.c++.obj)
                0x10009ef8                . = ALIGN (0x4)
 *(SORT_BY_ALIGNMENT(SORT_BY_NAME(.flashdata*)))
                0x10009ef8                . = ALIGN (0x4)

.rel.dyn        0x10009ef8        0x0
 .rel.iplt      0x10009ef8        0x0 c:/vsarm/armcc/112202~1.02/bin/../lib/gcc/arm-none-eabi/11.2.1/thumb/v6-m/nofp/crtbegin.o

.ARM.extab
 *(.ARM.extab* .gnu.linkonce.armextab.*)
                0x10009ef8                __exidx_start = .

.ARM.exidx
 *(.ARM.exidx* .gnu.linkonce.armexidx.*)
                0x10009ef8                __exidx_end = .
                0x10009ef8                . = ALIGN (0x4)
                0x10009ef8                __binary_info_start = .

.binary_info    0x10009ef8       0x20
 *(.binary_info.keep.*)
 .binary_info.keep.__bi_ptr22
                0x10009ef8        0x4 CMakeFiles/ROS_Robot_ENC_TEST.dir/C_/VSARM/sdk/pico/pico-sdk/src/rp2_common/pico_standard_link/binary_info.c.obj
 .binary_info.keep.__bi_ptr30
                0x10009efc        0x4 CMakeFiles/ROS_Robot_ENC_TEST.dir/C_/VSARM/sdk/pico/pico-sdk/src/rp2_common/pico_standard_link/binary_info.c.obj
 .binary_info.keep.__bi_ptr38
                0x10009f00        0x4 CMakeFiles/ROS_Robot_ENC_TEST.dir/C_/VSARM/sdk/pico/pico-sdk/src/rp2_common/pico_standard_link/binary_info.c.obj
 .binary_info.keep.__bi_ptr44
                0x10009f04        0x4 CMakeFiles/ROS_Robot_ENC_TEST.dir/C_/VSARM/sdk/pico/pico-sdk/src/rp2_common/pico_standard_link/binary_info.c.obj
 .binary_info.keep.__bi_ptr50
                0x10009f08        0x4 CMakeFiles/ROS_Robot_ENC_TEST.dir/C_/VSARM/sdk/pico/pico-sdk/src/rp2_common/pico_standard_link/binary_info.c.obj
 .binary_info.keep.__bi_ptr75
                0x10009f0c        0x4 CMakeFiles/ROS_Robot_ENC_TEST.dir/C_/VSARM/sdk/pico/pico-sdk/src/rp2_common/pico_standard_link/binary_info.c.obj
 .binary_info.keep.__bi_ptr81
                0x10009f10        0x4 CMakeFiles/ROS_Robot_ENC_TEST.dir/C_/VSARM/sdk/pico/pico-sdk/src/rp2_common/pico_standard_link/binary_info.c.obj
 *(.binary_info.*)
 .binary_info.__bi_ptr118